
Optional file libmchp_peripheral.a not found

Optional file libmchp_peripheral_32MX150F128B.a not found
Archive member included because of file (symbol)

d:/programme/microchip/xc32/v1.40/bin/bin/../../lib/gcc/pic32mx/4.8.3\libgcc.a(_udivdi3.o)
                              build/default/production/_ext/1410081138/sys_tmr.o (__udivdi3)
d:/programme/microchip/xc32/v1.40/bin/bin/../../lib/gcc/pic32mx/4.8.3/../../../../pic32mx/lib\libpic32.a(memset.o)
                              build/default/production/_ext/410460599/drv_tmr.o (memset)
d:/programme/microchip/xc32/v1.40/bin/bin/../../lib/gcc/pic32mx/4.8.3/../../../../pic32mx/lib\libpic32.a(default-bootstrap-exception-handler.o)
                              d:/programme/microchip/xc32/v1.40/bin/bin/../../lib/gcc/pic32mx/4.8.3/../../../../pic32mx/lib/./proc/32MX150F128B/crt0_mips32r2.o (_bootstrap_exception_handler)
d:/programme/microchip/xc32/v1.40/bin/bin/../../lib/gcc/pic32mx/4.8.3/../../../../pic32mx/lib\libpic32.a(default-on-reset.o)
                              d:/programme/microchip/xc32/v1.40/bin/bin/../../lib/gcc/pic32mx/4.8.3/../../../../pic32mx/lib/./proc/32MX150F128B/crt0_mips32r2.o (_on_reset)
d:/programme/microchip/xc32/v1.40/bin/bin/../../lib/gcc/pic32mx/4.8.3/../../../../pic32mx/lib\libpic32.a(default-on-bootstrap.o)
                              d:/programme/microchip/xc32/v1.40/bin/bin/../../lib/gcc/pic32mx/4.8.3/../../../../pic32mx/lib/./proc/32MX150F128B/crt0_mips32r2.o (_on_bootstrap)
d:/programme/microchip/xc32/v1.40/bin/bin/../../lib/gcc/pic32mx/4.8.3/../../../../pic32mx/lib\libpic32.a(default-nmi-handler.o)
                              d:/programme/microchip/xc32/v1.40/bin/bin/../../lib/gcc/pic32mx/4.8.3/../../../../pic32mx/lib/./proc/32MX150F128B/crt0_mips32r2.o (_nmi_handler)
d:/programme/microchip/xc32/v1.40/bin/bin/../../lib/gcc/pic32mx/4.8.3/../../../../pic32mx/lib\libpic32.a(general-exception.o)
                              d:/programme/microchip/xc32/v1.40/bin/bin/../../lib/gcc/pic32mx/4.8.3/../../../../pic32mx/lib/./proc/32MX150F128B/crt0_mips32r2.o (_general_exception_context)
d:/programme/microchip/xc32/v1.40/bin/bin/../../lib/gcc/pic32mx/4.8.3/../../../../pic32mx/lib\libpic32.a(vector0.o)
                              d:/programme/microchip/xc32/v1.40/bin/bin/../../lib/gcc/pic32mx/4.8.3/../../../../pic32mx/lib/./proc/32MX150F128B\default_isr_vectors.o (__vector_dispatch_0)
d:/programme/microchip/xc32/v1.40/bin/bin/../../lib/gcc/pic32mx/4.8.3/../../../../pic32mx/lib\libpic32.a(vector1.o)
                              d:/programme/microchip/xc32/v1.40/bin/bin/../../lib/gcc/pic32mx/4.8.3/../../../../pic32mx/lib/./proc/32MX150F128B\default_isr_vectors.o (__vector_dispatch_1)
d:/programme/microchip/xc32/v1.40/bin/bin/../../lib/gcc/pic32mx/4.8.3/../../../../pic32mx/lib\libpic32.a(vector2.o)
                              d:/programme/microchip/xc32/v1.40/bin/bin/../../lib/gcc/pic32mx/4.8.3/../../../../pic32mx/lib/./proc/32MX150F128B\default_isr_vectors.o (__vector_dispatch_2)
d:/programme/microchip/xc32/v1.40/bin/bin/../../lib/gcc/pic32mx/4.8.3/../../../../pic32mx/lib\libpic32.a(vector3.o)
                              d:/programme/microchip/xc32/v1.40/bin/bin/../../lib/gcc/pic32mx/4.8.3/../../../../pic32mx/lib/./proc/32MX150F128B\default_isr_vectors.o (__vector_dispatch_3)
d:/programme/microchip/xc32/v1.40/bin/bin/../../lib/gcc/pic32mx/4.8.3/../../../../pic32mx/lib\libpic32.a(vector4.o)
                              d:/programme/microchip/xc32/v1.40/bin/bin/../../lib/gcc/pic32mx/4.8.3/../../../../pic32mx/lib/./proc/32MX150F128B\default_isr_vectors.o (__vector_dispatch_4)
d:/programme/microchip/xc32/v1.40/bin/bin/../../lib/gcc/pic32mx/4.8.3/../../../../pic32mx/lib\libpic32.a(vector5.o)
                              d:/programme/microchip/xc32/v1.40/bin/bin/../../lib/gcc/pic32mx/4.8.3/../../../../pic32mx/lib/./proc/32MX150F128B\default_isr_vectors.o (__vector_dispatch_5)
d:/programme/microchip/xc32/v1.40/bin/bin/../../lib/gcc/pic32mx/4.8.3/../../../../pic32mx/lib\libpic32.a(vector6.o)
                              d:/programme/microchip/xc32/v1.40/bin/bin/../../lib/gcc/pic32mx/4.8.3/../../../../pic32mx/lib/./proc/32MX150F128B\default_isr_vectors.o (__vector_dispatch_6)
d:/programme/microchip/xc32/v1.40/bin/bin/../../lib/gcc/pic32mx/4.8.3/../../../../pic32mx/lib\libpic32.a(vector7.o)
                              d:/programme/microchip/xc32/v1.40/bin/bin/../../lib/gcc/pic32mx/4.8.3/../../../../pic32mx/lib/./proc/32MX150F128B\default_isr_vectors.o (__vector_dispatch_7)
d:/programme/microchip/xc32/v1.40/bin/bin/../../lib/gcc/pic32mx/4.8.3/../../../../pic32mx/lib\libpic32.a(vector8.o)
                              d:/programme/microchip/xc32/v1.40/bin/bin/../../lib/gcc/pic32mx/4.8.3/../../../../pic32mx/lib/./proc/32MX150F128B\default_isr_vectors.o (__vector_dispatch_8)
d:/programme/microchip/xc32/v1.40/bin/bin/../../lib/gcc/pic32mx/4.8.3/../../../../pic32mx/lib\libpic32.a(vector9.o)
[...]
Memory Configuration

Name             Origin             Length             Attributes
kseg0_program_mem 0x9d000000         0x0001f000         xr
exception_mem    0x9d01f000         0x00001000
debug_exec_mem   0x9fc00490         0x00000760
kseg0_boot_mem   0x9fc00490         0x00000000
kseg1_boot_mem   0xbfc00000         0x00000490
config3          0xbfc00bf0         0x00000004
config2          0xbfc00bf4         0x00000004
config1          0xbfc00bf8         0x00000004
config0          0xbfc00bfc         0x00000004
kseg1_data_mem   0xa0000000         0x00008000         w !x
sfrs             0xbf800000         0x00100000
configsfrs       0xbfc00bf0         0x00000010
*default*        0x00000000         0xffffffff

Linker script and memory map

LOAD d:/programme/microchip/xc32/v1.40/bin/bin/../../lib/gcc/pic32mx/4.8.3/../../../../pic32mx/lib/./proc/32MX150F128B/crt0_mips32r2.o
LOAD d:/programme/microchip/xc32/v1.40/bin/bin/../../lib/gcc/pic32mx/4.8.3/../../../../pic32mx/lib\debug-exception-return.o
LOAD build/default/production/_ext/454928207/drv_ledstrip.o
LOAD build/default/production/_ext/1360937237/app.o
LOAD build/default/production/_ext/1360937237/main.o
LOAD build/default/production/_ext/410460599/drv_tmr.o
LOAD build/default/production/_ext/1060865150/sys_devcon.o
LOAD build/default/production/_ext/1060865150/sys_devcon_pic32mx.o
LOAD build/default/production/_ext/1742756452/sys_int_pic32.o
LOAD build/default/production/_ext/1925662983/sys_ports.o
LOAD build/default/production/_ext/1410081138/sys_tmr.o
LOAD build/default/production/_ext/639803181/sys_clk_static.o
LOAD build/default/production/_ext/822048611/sys_ports_static.o
LOAD build/default/production/_ext/1688732426/system_init.o
LOAD build/default/production/_ext/1688732426/system_interrupt.o
LOAD build/default/production/_ext/1688732426/system_exceptions.o
LOAD build/default/production/_ext/1688732426/system_tasks.o
LOAD ..\..\..\..\..\Programme\Microchip\harmony\v1_06_01\bin\framework\peripheral\PIC32MX150F128B_peripherals.a
                0x00000001                __MPLAB_BUILD = 0x1
                0x00000000                _min_heap_size = 0x0
LOAD d:/programme/microchip/xc32/v1.40/bin/bin/../../lib/gcc/pic32mx/4.8.3/../../../../pic32mx/lib/./proc/32MX150F128B\default_isr_vectors.o
LOAD d:/programme/microchip/xc32/v1.40/bin/bin/../../lib/gcc/pic32mx/4.8.3/../../../../pic32mx/lib\pic32_software_reset.o
                0x00000400                PROVIDE (_min_stack_size, 0x400)
LOAD d:/programme/microchip/xc32/v1.40/bin/bin/../../lib/gcc/pic32mx/4.8.3/../../../../pic32mx/lib/./proc/32MX150F128B\processor.o
START GROUP
LOAD libmchp_peripheral.a
END GROUP
START GROUP
LOAD libmchp_peripheral_32MX150F128B.a
END GROUP
                0x00000001                PROVIDE (_vector_spacing, 0x1)
                0x9d01f000                _ebase_address = 0x9d01f000
                0xbfc00000                _RESET_ADDR = 0xbfc00000
                0xbfc00380                _BEV_EXCPT_ADDR = 0xbfc00380
                0xbfc00480                _DBG_EXCPT_ADDR = 0xbfc00480
                0x9fc00490                _DBG_CODE_ADDR = 0x9fc00490
                0x00000760                _DBG_CODE_SIZE = 0x760
                0x9d01f180                _GEN_EXCPT_ADDR = (_ebase_address + 0x180)

.config_BFC00BF0
                0xbfc00bf0        0x4
 *(.config_BFC00BF0)
 .config_BFC00BF0
                0xbfc00bf0        0x4 build/default/production/_ext/1688732426/system_init.o

.config_BFC00BF4
                0xbfc00bf4        0x4
 *(.config_BFC00BF4)
 .config_BFC00BF4
                0xbfc00bf4        0x4 build/default/production/_ext/1688732426/system_init.o

.config_BFC00BF8
                0xbfc00bf8        0x4
 *(.config_BFC00BF8)
 .config_BFC00BF8
                0xbfc00bf8        0x4 build/default/production/_ext/1688732426/system_init.o

.config_BFC00BFC
                0xbfc00bfc        0x4
 *(.config_BFC00BFC)
 .config_BFC00BFC
                0xbfc00bfc        0x4 build/default/production/_ext/1688732426/system_init.o
                0xbfc02000                PROVIDE (_DBG_CODE_ADDR, 0xbfc02000)
                0x00000ff0                PROVIDE (_DBG_CODE_SIZE, 0xff0)

.reset          0xbfc00000      0x1d0
 *(.reset)
 .reset         0xbfc00000        0x8 d:/programme/microchip/xc32/v1.40/bin/bin/../../lib/gcc/pic32mx/4.8.3/../../../../pic32mx/lib/./proc/32MX150F128B/crt0_mips32r2.o
                0xbfc00000                _reset
 *(.reset.startup)
 .reset.startup
                0xbfc00008      0x1c8 d:/programme/microchip/xc32/v1.40/bin/bin/../../lib/gcc/pic32mx/4.8.3/../../../../pic32mx/lib/./proc/32MX150F128B/crt0_mips32r2.o

.bev_excpt      0xbfc00380       0x10
 *(.bev_handler)
 .bev_handler   0xbfc00380       0x10 d:/programme/microchip/xc32/v1.40/bin/bin/../../lib/gcc/pic32mx/4.8.3/../../../../pic32mx/lib/./proc/32MX150F128B/crt0_mips32r2.o

.dbg_excpt      0xbfc00480        0x0
                0xbfc00480                . = (. + DEFINED (_DEBUGGER)?0x8:0x0)

.dbg_code       0x9fc00490        0x0
                0x9fc00490                . = (. + DEFINED (_DEBUGGER)?_DBG_CODE_SIZE:0x0)

.app_excpt      0x9d01f180       0x10
 *(.gen_handler)
 .gen_handler   0x9d01f180       0x10 d:/programme/microchip/xc32/v1.40/bin/bin/../../lib/gcc/pic32mx/4.8.3/../../../../pic32mx/lib/./proc/32MX150F128B/crt0_mips32r2.o

.vector_0       0x9d01f200        0x8
 *(.vector_0)
 .vector_0      0x9d01f200        0x8 d:/programme/microchip/xc32/v1.40/bin/bin/../../lib/gcc/pic32mx/4.8.3/../../../../pic32mx/lib\libpic32.a(vector0.o)
                0x9d01f200                __vector_dispatch_0
                0x00000001                ASSERT (((_vector_spacing == 0x0) || (SIZEOF (.vector_0) <= (_vector_spacing << 0x5))), function at exception vector 0 too large)

.vector_1       0x9d01f220        0x8
 *(.vector_1)
 .vector_1      0x9d01f220        0x8 d:/programme/microchip/xc32/v1.40/bin/bin/../../lib/gcc/pic32mx/4.8.3/../../../../pic32mx/lib\libpic32.a(vector1.o)
                0x9d01f220                __vector_dispatch_1
                0x00000001                ASSERT (((_vector_spacing == 0x0) || (SIZEOF (.vector_1) <= (_vector_spacing << 0x5))), function at exception vector 1 too large)

.vector_2       0x9d01f240        0x8
 *(.vector_2)
 .vector_2      0x9d01f240        0x8 d:/programme/microchip/xc32/v1.40/bin/bin/../../lib/gcc/pic32mx/4.8.3/../../../../pic32mx/lib\libpic32.a(vector2.o)
                0x9d01f240                __vector_dispatch_2
                0x00000001                ASSERT (((_vector_spacing == 0x0) || (SIZEOF (.vector_2) <= (_vector_spacing << 0x5))), function at exception vector 2 too large)

.vector_3       0x9d01f260        0x8
 *(.vector_3)
 .vector_3      0x9d01f260        0x8 d:/programme/microchip/xc32/v1.40/bin/bin/../../lib/gcc/pic32mx/4.8.3/../../../../pic32mx/lib\libpic32.a(vector3.o)
                0x9d01f260                __vector_dispatch_3
                0x00000001                ASSERT (((_vector_spacing == 0x0) || (SIZEOF (.vector_3) <= (_vector_spacing << 0x5))), function at exception vector 3 too large)

.vector_4       0x9d01f280        0x8
 *(.vector_4)
 .vector_4      0x9d01f280        0x8 d:/programme/microchip/xc32/v1.40/bin/bin/../../lib/gcc/pic32mx/4.8.3/../../../../pic32mx/lib\libpic32.a(vector4.o)
                0x9d01f280                __vector_dispatch_4
                0x00000001                ASSERT (((_vector_spacing == 0x0) || (SIZEOF (.vector_4) <= (_vector_spacing << 0x5))), function at exception vector 4 too large)

.vector_5       0x9d01f2a0        0x8
 *(.vector_5)
 .vector_5      0x9d01f2a0        0x8 d:/programme/microchip/xc32/v1.40/bin/bin/../../lib/gcc/pic32mx/4.8.3/../../../../pic32mx/lib\libpic32.a(vector5.o)
                0x9d01f2a0                __vector_dispatch_5
                0x00000001                ASSERT (((_vector_spacing == 0x0) || (SIZEOF (.vector_5) <= (_vector_spacing << 0x5))), function at exception vector 5 too large)

.vector_6       0x9d01f2c0        0x8
 *(.vector_6)
 .vector_6      0x9d01f2c0        0x8 d:/programme/microchip/xc32/v1.40/bin/bin/../../lib/gcc/pic32mx/4.8.3/../../../../pic32mx/lib\libpic32.a(vector6.o)
                0x9d01f2c0                __vector_dispatch_6
                0x00000001                ASSERT (((_vector_spacing == 0x0) || (SIZEOF (.vector_6) <= (_vector_spacing << 0x5))), function at exception vector 6 too large)

.vector_7       0x9d01f2e0        0x8
 *(.vector_7)
 .vector_7      0x9d01f2e0        0x8 d:/programme/microchip/xc32/v1.40/bin/bin/../../lib/gcc/pic32mx/4.8.3/../../../../pic32mx/lib\libpic32.a(vector7.o)
                0x9d01f2e0                __vector_dispatch_7
                0x00000001                ASSERT (((_vector_spacing == 0x0) || (SIZEOF (.vector_7) <= (_vector_spacing << 0x5))), function at exception vector 7 too large)

.vector_8       0x9d01f300        0x8
 *(.vector_8)
 .vector_8      0x9d01f300        0x8 d:/programme/microchip/xc32/v1.40/bin/bin/../../lib/gcc/pic32mx/4.8.3/../../../../pic32mx/lib\libpic32.a(vector8.o)
                0x9d01f300                __vector_dispatch_8
                0x00000001                ASSERT (((_vector_spacing == 0x0) || (SIZEOF (.vector_8) <= (_vector_spacing << 0x5))), function at exception vector 8 too large)

.vector_9       0x9d01f320        0x8
 *(.vector_9)
 .vector_9      0x9d01f320        0x8 d:/programme/microchip/xc32/v1.40/bin/bin/../../lib/gcc/pic32mx/4.8.3/../../../../pic32mx/lib\libpic32.a(vector9.o)
                0x9d01f320                __vector_dispatch_9
                0x00000001                ASSERT (((_vector_spacing == 0x0) || (SIZEOF (.vector_9) <= (_vector_spacing << 0x5))), function at exception vector 9 too large)

.vector_10      0x9d01f340        0x8
 *(.vector_10)
 .vector_10     0x9d01f340        0x8 d:/programme/microchip/xc32/v1.40/bin/bin/../../lib/gcc/pic32mx/4.8.3/../../../../pic32mx/lib\libpic32.a(vector10.o)
                0x9d01f340                __vector_dispatch_10
                0x00000001                ASSERT (((_vector_spacing == 0x0) || (SIZEOF (.vector_10) <= (_vector_spacing << 0x5))), function at exception vector 10 too large)

.vector_11      0x9d01f360        0x8
 *(.vector_11)
 .vector_11     0x9d01f360        0x8 d:/programme/microchip/xc32/v1.40/bin/bin/../../lib/gcc/pic32mx/4.8.3/../../../../pic32mx/lib\libpic32.a(vector11.o)
                0x9d01f360                __vector_dispatch_11
                0x00000001                ASSERT (((_vector_spacing == 0x0) || (SIZEOF (.vector_11) <= (_vector_spacing << 0x5))), function at exception vector 11 too large)

.vector_12      0x9d01f380        0x8
 *(.vector_12)
 .vector_12     0x9d01f380        0x8 d:/programme/microchip/xc32/v1.40/bin/bin/../../lib/gcc/pic32mx/4.8.3/../../../../pic32mx/lib\libpic32.a(vector12.o)
                0x9d01f380                __vector_dispatch_12
                0x00000001                ASSERT (((_vector_spacing == 0x0) || (SIZEOF (.vector_12) <= (_vector_spacing << 0x5))), function at exception vector 12 too large)

.vector_13      0x9d01f3a0        0x8
 *(.vector_13)
 .vector_13     0x9d01f3a0        0x8 d:/programme/microchip/xc32/v1.40/bin/bin/../../lib/gcc/pic32mx/4.8.3/../../../../pic32mx/lib\libpic32.a(vector13.o)
                0x9d01f3a0                __vector_dispatch_13
                0x00000001                ASSERT (((_vector_spacing == 0x0) || (SIZEOF (.vector_13) <= (_vector_spacing << 0x5))), function at exception vector 13 too large)

.vector_14      0x9d01f3c0        0x8
 *(.vector_14)
 .vector_14     0x9d01f3c0        0x8 d:/programme/microchip/xc32/v1.40/bin/bin/../../lib/gcc/pic32mx/4.8.3/../../../../pic32mx/lib\libpic32.a(vector14.o)
                0x9d01f3c0                __vector_dispatch_14
                0x00000001                ASSERT (((_vector_spacing == 0x0) || (SIZEOF (.vector_14) <= (_vector_spacing << 0x5))), function at exception vector 14 too large)

.vector_15      0x9d01f3e0        0x8
 *(.vector_15)
 .vector_15     0x9d01f3e0        0x8 d:/programme/microchip/xc32/v1.40/bin/bin/../../lib/gcc/pic32mx/4.8.3/../../../../pic32mx/lib\libpic32.a(vector15.o)
                0x9d01f3e0                __vector_dispatch_15
                0x00000001                ASSERT (((_vector_spacing == 0x0) || (SIZEOF (.vector_15) <= (_vector_spacing << 0x5))), function at exception vector 15 too large)

.vector_16      0x9d01f400        0x8
 *(.vector_16)
 .vector_16     0x9d01f400        0x8 d:/programme/microchip/xc32/v1.40/bin/bin/../../lib/gcc/pic32mx/4.8.3/../../../../pic32mx/lib\libpic32.a(vector16.o)
                0x9d01f400                __vector_dispatch_16
                0x00000001                ASSERT (((_vector_spacing == 0x0) || (SIZEOF (.vector_16) <= (_vector_spacing << 0x5))), function at exception vector 16 too large)

.vector_17      0x9d01f420        0x8
 *(.vector_17)
 .vector_17     0x9d01f420        0x8 d:/programme/microchip/xc32/v1.40/bin/bin/../../lib/gcc/pic32mx/4.8.3/../../../../pic32mx/lib\libpic32.a(vector17.o)
                0x9d01f420                __vector_dispatch_17
                0x00000001                ASSERT (((_vector_spacing == 0x0) || (SIZEOF (.vector_17) <= (_vector_spacing << 0x5))), function at exception vector 17 too large)

.vector_18      0x9d01f440        0x8
 *(.vector_18)
 .vector_18     0x9d01f440        0x8 d:/programme/microchip/xc32/v1.40/bin/bin/../../lib/gcc/pic32mx/4.8.3/../../../../pic32mx/lib\libpic32.a(vector18.o)
                0x9d01f440                __vector_dispatch_18
                0x00000001                ASSERT (((_vector_spacing == 0x0) || (SIZEOF (.vector_18) <= (_vector_spacing << 0x5))), function at exception vector 18 too large)

.vector_19      0x9d01f460        0x8
 *(.vector_19)
 .vector_19     0x9d01f460        0x8 d:/programme/microchip/xc32/v1.40/bin/bin/../../lib/gcc/pic32mx/4.8.3/../../../../pic32mx/lib\libpic32.a(vector19.o)
                0x9d01f460                __vector_dispatch_19
                0x00000001                ASSERT (((_vector_spacing == 0x0) || (SIZEOF (.vector_19) <= (_vector_spacing << 0x5))), function at exception vector 19 too large)

.vector_20      0x9d01f480        0x8
 *(.vector_20)
 .vector_20     0x9d01f480        0x8 d:/programme/microchip/xc32/v1.40/bin/bin/../../lib/gcc/pic32mx/4.8.3/../../../../pic32mx/lib\libpic32.a(vector20.o)
                0x9d01f480                __vector_dispatch_20
                0x00000001                ASSERT (((_vector_spacing == 0x0) || (SIZEOF (.vector_20) <= (_vector_spacing << 0x5))), function at exception vector 20 too large)

.vector_21      0x9d01f4a0        0x8
 *(.vector_21)
 .vector_21     0x9d01f4a0        0x8 d:/programme/microchip/xc32/v1.40/bin/bin/../../lib/gcc/pic32mx/4.8.3/../../../../pic32mx/lib\libpic32.a(vector21.o)
                0x9d01f4a0                __vector_dispatch_21
                0x00000001                ASSERT (((_vector_spacing == 0x0) || (SIZEOF (.vector_21) <= (_vector_spacing << 0x5))), function at exception vector 21 too large)

.vector_22      0x9d01f4c0        0x8
 *(.vector_22)
 .vector_22     0x9d01f4c0        0x8 d:/programme/microchip/xc32/v1.40/bin/bin/../../lib/gcc/pic32mx/4.8.3/../../../../pic32mx/lib\libpic32.a(vector22.o)
                0x9d01f4c0                __vector_dispatch_22
                0x00000001                ASSERT (((_vector_spacing == 0x0) || (SIZEOF (.vector_22) <= (_vector_spacing << 0x5))), function at exception vector 22 too large)

.vector_23      0x9d01f4e0        0x8
 *(.vector_23)
 .vector_23     0x9d01f4e0        0x8 d:/programme/microchip/xc32/v1.40/bin/bin/../../lib/gcc/pic32mx/4.8.3/../../../../pic32mx/lib\libpic32.a(vector23.o)
                0x9d01f4e0                __vector_dispatch_23
                0x00000001                ASSERT (((_vector_spacing == 0x0) || (SIZEOF (.vector_23) <= (_vector_spacing << 0x5))), function at exception vector 23 too large)

.vector_24      0x9d01f500        0x8
 *(.vector_24)
 .vector_24     0x9d01f500        0x8 d:/programme/microchip/xc32/v1.40/bin/bin/../../lib/gcc/pic32mx/4.8.3/../../../../pic32mx/lib\libpic32.a(vector24.o)
                0x9d01f500                __vector_dispatch_24
                0x00000001                ASSERT (((_vector_spacing == 0x0) || (SIZEOF (.vector_24) <= (_vector_spacing << 0x5))), function at exception vector 24 too large)

.vector_25      0x9d01f520        0x8
 *(.vector_25)
 .vector_25     0x9d01f520        0x8 d:/programme/microchip/xc32/v1.40/bin/bin/../../lib/gcc/pic32mx/4.8.3/../../../../pic32mx/lib\libpic32.a(vector25.o)
                0x9d01f520                __vector_dispatch_25
                0x00000001                ASSERT (((_vector_spacing == 0x0) || (SIZEOF (.vector_25) <= (_vector_spacing << 0x5))), function at exception vector 25 too large)

.vector_26      0x9d01f540        0x8
 *(.vector_26)
 .vector_26     0x9d01f540        0x8 d:/programme/microchip/xc32/v1.40/bin/bin/../../lib/gcc/pic32mx/4.8.3/../../../../pic32mx/lib\libpic32.a(vector26.o)
                0x9d01f540                __vector_dispatch_26
                0x00000001                ASSERT (((_vector_spacing == 0x0) || (SIZEOF (.vector_26) <= (_vector_spacing << 0x5))), function at exception vector 26 too large)

.vector_27      0x9d01f560        0x8
 *(.vector_27)
 .vector_27     0x9d01f560        0x8 d:/programme/microchip/xc32/v1.40/bin/bin/../../lib/gcc/pic32mx/4.8.3/../../../../pic32mx/lib\libpic32.a(vector27.o)
                0x9d01f560                __vector_dispatch_27
                0x00000001                ASSERT (((_vector_spacing == 0x0) || (SIZEOF (.vector_27) <= (_vector_spacing << 0x5))), function at exception vector 27 too large)

.vector_28      0x9d01f580        0x8
 *(.vector_28)
 .vector_28     0x9d01f580        0x8 d:/programme/microchip/xc32/v1.40/bin/bin/../../lib/gcc/pic32mx/4.8.3/../../../../pic32mx/lib\libpic32.a(vector28.o)
                0x9d01f580                __vector_dispatch_28
                0x00000001                ASSERT (((_vector_spacing == 0x0) || (SIZEOF (.vector_28) <= (_vector_spacing << 0x5))), function at exception vector 28 too large)

.vector_29      0x9d01f5a0        0x8
 *(.vector_29)
 .vector_29     0x9d01f5a0        0x8 d:/programme/microchip/xc32/v1.40/bin/bin/../../lib/gcc/pic32mx/4.8.3/../../../../pic32mx/lib\libpic32.a(vector29.o)
                0x9d01f5a0                __vector_dispatch_29
                0x00000001                ASSERT (((_vector_spacing == 0x0) || (SIZEOF (.vector_29) <= (_vector_spacing << 0x5))), function at exception vector 29 too large)

.vector_30      0x9d01f5c0        0x8
 *(.vector_30)
 .vector_30     0x9d01f5c0        0x8 d:/programme/microchip/xc32/v1.40/bin/bin/../../lib/gcc/pic32mx/4.8.3/../../../../pic32mx/lib\libpic32.a(vector30.o)
                0x9d01f5c0                __vector_dispatch_30
                0x00000001                ASSERT (((_vector_spacing == 0x0) || (SIZEOF (.vector_30) <= (_vector_spacing << 0x5))), function at exception vector 30 too large)

.vector_31      0x9d01f5e0        0x8
 *(.vector_31)
 .vector_31     0x9d01f5e0        0x8 d:/programme/microchip/xc32/v1.40/bin/bin/../../lib/gcc/pic32mx/4.8.3/../../../../pic32mx/lib\libpic32.a(vector31.o)
                0x9d01f5e0                __vector_dispatch_31
                0x00000001                ASSERT (((_vector_spacing == 0x0) || (SIZEOF (.vector_31) <= (_vector_spacing << 0x5))), function at exception vector 31 too large)

.vector_32      0x9d01f600        0x8
 *(.vector_32)
 .vector_32     0x9d01f600        0x8 d:/programme/microchip/xc32/v1.40/bin/bin/../../lib/gcc/pic32mx/4.8.3/../../../../pic32mx/lib\libpic32.a(vector32.o)
                0x9d01f600                __vector_dispatch_32
                0x00000001                ASSERT (((_vector_spacing == 0x0) || (SIZEOF (.vector_32) <= (_vector_spacing << 0x5))), function at exception vector 32 too large)

.vector_33      0x9d01f620        0x8
 *(.vector_33)
 .vector_33     0x9d01f620        0x8 d:/programme/microchip/xc32/v1.40/bin/bin/../../lib/gcc/pic32mx/4.8.3/../../../../pic32mx/lib\libpic32.a(vector33.o)
                0x9d01f620                __vector_dispatch_33
                0x00000001                ASSERT (((_vector_spacing == 0x0) || (SIZEOF (.vector_33) <= (_vector_spacing << 0x5))), function at exception vector 33 too large)

.vector_34      0x9d01f640        0x8
 *(.vector_34)
 .vector_34     0x9d01f640        0x8 d:/programme/microchip/xc32/v1.40/bin/bin/../../lib/gcc/pic32mx/4.8.3/../../../../pic32mx/lib\libpic32.a(vector34.o)
                0x9d01f640                __vector_dispatch_34
                0x00000001                ASSERT (((_vector_spacing == 0x0) || (SIZEOF (.vector_34) <= (_vector_spacing << 0x5))), function at exception vector 34 too large)

.vector_35      0x9d01f660        0x8
 *(.vector_35)
 .vector_35     0x9d01f660        0x8 d:/programme/microchip/xc32/v1.40/bin/bin/../../lib/gcc/pic32mx/4.8.3/../../../../pic32mx/lib\libpic32.a(vector35.o)
                0x9d01f660                __vector_dispatch_35
                0x00000001                ASSERT (((_vector_spacing == 0x0) || (SIZEOF (.vector_35) <= (_vector_spacing << 0x5))), function at exception vector 35 too large)

.vector_36      0x9d01f680        0x8
 *(.vector_36)
 .vector_36     0x9d01f680        0x8 d:/programme/microchip/xc32/v1.40/bin/bin/../../lib/gcc/pic32mx/4.8.3/../../../../pic32mx/lib\libpic32.a(vector36.o)
                0x9d01f680                __vector_dispatch_36
                0x00000001                ASSERT (((_vector_spacing == 0x0) || (SIZEOF (.vector_36) <= (_vector_spacing << 0x5))), function at exception vector 36 too large)

.vector_37      0x9d01f6a0        0x8
 *(.vector_37)
 .vector_37     0x9d01f6a0        0x8 d:/programme/microchip/xc32/v1.40/bin/bin/../../lib/gcc/pic32mx/4.8.3/../../../../pic32mx/lib\libpic32.a(vector37.o)
                0x9d01f6a0                __vector_dispatch_37
                0x00000001                ASSERT (((_vector_spacing == 0x0) || (SIZEOF (.vector_37) <= (_vector_spacing << 0x5))), function at exception vector 37 too large)

.vector_38      0x9d01f6c0        0x8
 *(.vector_38)
 .vector_38     0x9d01f6c0        0x8 d:/programme/microchip/xc32/v1.40/bin/bin/../../lib/gcc/pic32mx/4.8.3/../../../../pic32mx/lib\libpic32.a(vector38.o)
                0x9d01f6c0                __vector_dispatch_38
                0x00000001                ASSERT (((_vector_spacing == 0x0) || (SIZEOF (.vector_38) <= (_vector_spacing << 0x5))), function at exception vector 38 too large)

.vector_39      0x9d01f6e0        0x8
 *(.vector_39)
 .vector_39     0x9d01f6e0        0x8 d:/programme/microchip/xc32/v1.40/bin/bin/../../lib/gcc/pic32mx/4.8.3/../../../../pic32mx/lib\libpic32.a(vector39.o)
                0x9d01f6e0                __vector_dispatch_39
                0x00000001                ASSERT (((_vector_spacing == 0x0) || (SIZEOF (.vector_39) <= (_vector_spacing << 0x5))), function at exception vector 39 too large)

.vector_40      0x9d01f700        0x8
 *(.vector_40)
 .vector_40     0x9d01f700        0x8 d:/programme/microchip/xc32/v1.40/bin/bin/../../lib/gcc/pic32mx/4.8.3/../../../../pic32mx/lib\libpic32.a(vector40.o)
                0x9d01f700                __vector_dispatch_40
                0x00000001                ASSERT (((_vector_spacing == 0x0) || (SIZEOF (.vector_40) <= (_vector_spacing << 0x5))), function at exception vector 40 too large)

.vector_41      0x9d01f720        0x8
 *(.vector_41)
 .vector_41     0x9d01f720        0x8 d:/programme/microchip/xc32/v1.40/bin/bin/../../lib/gcc/pic32mx/4.8.3/../../../../pic32mx/lib\libpic32.a(vector41.o)
                0x9d01f720                __vector_dispatch_41
                0x00000001                ASSERT (((_vector_spacing == 0x0) || (SIZEOF (.vector_41) <= (_vector_spacing << 0x5))), function at exception vector 41 too large)

.vector_42      0x9d01f740        0x8
 *(.vector_42)
 .vector_42     0x9d01f740        0x8 d:/programme/microchip/xc32/v1.40/bin/bin/../../lib/gcc/pic32mx/4.8.3/../../../../pic32mx/lib\libpic32.a(vector42.o)
                0x9d01f740                __vector_dispatch_42
                0x00000001                ASSERT (((_vector_spacing == 0x0) || (SIZEOF (.vector_42) <= (_vector_spacing << 0x5))), function at exception vector 42 too large)

.vector_43      0x9d01f760        0x8
 *(.vector_43)
 .vector_43     0x9d01f760        0x8 d:/programme/microchip/xc32/v1.40/bin/bin/../../lib/gcc/pic32mx/4.8.3/../../../../pic32mx/lib\libpic32.a(vector43.o)
                0x9d01f760                __vector_dispatch_43
                0x00000001                ASSERT (((_vector_spacing == 0x0) || (SIZEOF (.vector_43) <= (_vector_spacing << 0x5))), function at exception vector 43 too large)

.vector_44      0x9d01f780        0x0
 *(.vector_44)
                0x00000001                ASSERT (((_vector_spacing == 0x0) || (SIZEOF (.vector_44) <= (_vector_spacing << 0x5))), function at exception vector 44 too large)

.vector_45      0x9d01f7a0        0x0
 *(.vector_45)
                0x00000001                ASSERT (((_vector_spacing == 0x0) || (SIZEOF (.vector_45) <= (_vector_spacing << 0x5))), function at exception vector 45 too large)

.vector_46      0x9d01f7c0        0x0
 *(.vector_46)
                0x00000001                ASSERT (((_vector_spacing == 0x0) || (SIZEOF (.vector_46) <= (_vector_spacing << 0x5))), function at exception vector 46 too large)

.vector_47      0x9d01f7e0        0x0
 *(.vector_47)
                0x00000001                ASSERT (((_vector_spacing == 0x0) || (SIZEOF (.vector_47) <= (_vector_spacing << 0x5))), function at exception vector 47 too large)

.vector_48      0x9d01f800        0x0
 *(.vector_48)
                0x00000001                ASSERT (((_vector_spacing == 0x0) || (SIZEOF (.vector_48) <= (_vector_spacing << 0x5))), function at exception vector 48 too large)

.vector_49      0x9d01f820        0x0
 *(.vector_49)
                0x00000001                ASSERT (((_vector_spacing == 0x0) || (SIZEOF (.vector_49) <= (_vector_spacing << 0x5))), function at exception vector 49 too large)

.vector_50      0x9d01f840        0x0
 *(.vector_50)
                0x00000001                ASSERT (((_vector_spacing == 0x0) || (SIZEOF (.vector_50) <= (_vector_spacing << 0x5))), function at exception vector 50 too large)

.vector_51      0x9d01f860        0x0
 *(.vector_51)
                0x00000001                ASSERT (((_vector_spacing == 0x0) || (SIZEOF (.vector_51) <= (_vector_spacing << 0x5))), function at exception vector 51 too large)

.vector_52      0x9d01f880        0x0
 *(.vector_52)
                0x00000001                ASSERT (((_vector_spacing == 0x0) || (SIZEOF (.vector_52) <= (_vector_spacing << 0x5))), function at exception vector 52 too large)

.vector_53      0x9d01f8a0        0x0
 *(.vector_53)
                0x00000001                ASSERT (((_vector_spacing == 0x0) || (SIZEOF (.vector_53) <= (_vector_spacing << 0x5))), function at exception vector 53 too large)

.vector_54      0x9d01f8c0        0x0
 *(.vector_54)
                0x00000001                ASSERT (((_vector_spacing == 0x0) || (SIZEOF (.vector_54) <= (_vector_spacing << 0x5))), function at exception vector 54 too large)

.vector_55      0x9d01f8e0        0x0
 *(.vector_55)
                0x00000001                ASSERT (((_vector_spacing == 0x0) || (SIZEOF (.vector_55) <= (_vector_spacing << 0x5))), function at exception vector 55 too large)

.vector_56      0x9d01f900        0x0
 *(.vector_56)
                0x00000001                ASSERT (((_vector_spacing == 0x0) || (SIZEOF (.vector_56) <= (_vector_spacing << 0x5))), function at exception vector 56 too large)

.vector_57      0x9d01f920        0x0
 *(.vector_57)
                0x00000001                ASSERT (((_vector_spacing == 0x0) || (SIZEOF (.vector_57) <= (_vector_spacing << 0x5))), function at exception vector 57 too large)

.vector_58      0x9d01f940        0x0
 *(.vector_58)
                0x00000001                ASSERT (((_vector_spacing == 0x0) || (SIZEOF (.vector_58) <= (_vector_spacing << 0x5))), function at exception vector 58 too large)

.vector_59      0x9d01f960        0x0
 *(.vector_59)
                0x00000001                ASSERT (((_vector_spacing == 0x0) || (SIZEOF (.vector_59) <= (_vector_spacing << 0x5))), function at exception vector 59 too large)

.vector_60      0x9d01f980        0x0
 *(.vector_60)
                0x00000001                ASSERT (((_vector_spacing == 0x0) || (SIZEOF (.vector_60) <= (_vector_spacing << 0x5))), function at exception vector 60 too large)

.vector_61      0x9d01f9a0        0x0
 *(.vector_61)
                0x00000001                ASSERT (((_vector_spacing == 0x0) || (SIZEOF (.vector_61) <= (_vector_spacing << 0x5))), function at exception vector 61 too large)

.vector_62      0x9d01f9c0        0x0
 *(.vector_62)
                0x00000001                ASSERT (((_vector_spacing == 0x0) || (SIZEOF (.vector_62) <= (_vector_spacing << 0x5))), function at exception vector 62 too large)

.vector_63      0x9d01f9e0        0x0
 *(.vector_63)
                0x00000001                ASSERT (((_vector_spacing == 0x0) || (SIZEOF (.vector_63) <= (_vector_spacing << 0x5))), function at exception vector 63 too large)

.startup
 *(.startup)

.text           0x9d000000        0x0
 *(.stub .gnu.linkonce.t.*)
 *(.text.*personality*)
 *(.mips16.fn.*)
 *(.mips16.call.*)
 *(.gnu.warning)
                0x9d000000                . = ALIGN (0x4)

.init           0x9d000000        0x0
 *crti.o(.init)
 *crtbegin.o(.init)
 *(EXCLUDE_FILE(*crtn.o *crtend?.o *crtend.o) .init)
 *crtend.o(.init)
 *crtn.o(.init)
                0x9d000000                . = ALIGN (0x4)

.fini           0x9d000000        0x0
 *(.fini)
                0x9d000000                . = ALIGN (0x4)

.preinit_array  0x9d000000        0x0
                0x9d000000                PROVIDE (__preinit_array_start, .)
 *(.preinit_array)
                0x9d000000                PROVIDE (__preinit_array_end, .)
                0x9d000000                . = ALIGN (0x4)

.init_array     0x9d000000        0x0
                0x9d000000                PROVIDE (__init_array_start, .)
 *(SORT(.init_array.*))
 *(.init_array)
                0x9d000000                PROVIDE (__init_array_end, .)
                0x9d000000                . = ALIGN (0x4)

.fini_array     0x9d000000        0x0
                0x9d000000                PROVIDE (__fini_array_start, .)
 *(SORT(.fini_array.*))
 *(.fini_array)
                0x9d000000                PROVIDE (__fini_array_end, .)
                0x9d000000                . = ALIGN (0x4)

.ctors          0x9d000000        0x0
 *crtbegin.o(.ctors)
 *crtbegin?.o(.ctors)
 *(EXCLUDE_FILE(*crtend?.o *crtend.o) .ctors)
 *(SORT(.ctors.*))
 *(.ctors)
                0x9d000000                . = ALIGN (0x4)

.dtors          0x9d000000        0x0
 *crtbegin.o(.dtors)
 *crtbegin?.o(.dtors)
 *(EXCLUDE_FILE(*crtend?.o *crtend.o) .dtors)
 *(SORT(.dtors.*))
 *(.dtors)
                0x9d000000                . = ALIGN (0x4)

.rodata         0x9d000000        0x0
 *(.gnu.linkonce.r.*)
 *(.rodata1)
                0x9d000000                . = ALIGN (0x4)

.sdata2         0x9fc00490        0x0
 *(.sdata2 .sdata2.* .gnu.linkonce.s2.*)
                0x9fc00490                . = ALIGN (0x4)

.sbss2          0x9fc00490        0x0
 *(.sbss2 .sbss2.* .gnu.linkonce.sb2.*)
                0x9fc00490                . = ALIGN (0x4)

.eh_frame_hdr
 *(.eh_frame_hdr)
                0x9fc00490                . = ALIGN (0x4)

.eh_frame
 *(.eh_frame)
                0x9fc00490                . = ALIGN (0x4)

.gcc_except_table
 *(.gcc_except_table .gcc_except_table.*)
                0x9fc00490                . = ALIGN (0x4)

.dbg_data       0xa0000000        0x0
                0xa0000000                . = (. + DEFINED (_DEBUGGER)?0x200:0x0)

.jcr            0xa0000000        0x0
 *(.jcr)
                0xa0000000                . = ALIGN (0x4)

.eh_frame
 *(.eh_frame)
                0xa0000000                . = ALIGN (0x4)

.gcc_except_table
 *(.gcc_except_table .gcc_except_table.*)
                0xa0000000                . = ALIGN (0x4)

.persist        0xa0000000        0x0
                0xa0000000                _persist_begin = .
 *(.persist .persist.*)
 *(.pbss .pbss.*)
                0xa0000000                . = ALIGN (0x4)
                0xa0000000                _persist_end = .

.data           0xa0000000        0x0
 *(.gnu.linkonce.d.*)
 *(.data1)
                0xa0000000                . = ALIGN (0x4)
                0xa0000000                . = .
                0xa0007ff0                _gp = (ALIGN (0x10) + 0x7ff0)

.got            0xa0000000        0x0
 *(.got.plt)
 *(.got)
                0xa0000000                . = ALIGN (0x4)

.sdata          0xa0000000        0x0
                0xa0000000                _sdata_begin = .
 *(.sdata .sdata.* .gnu.linkonce.s.*)
                0xa0000000                . = ALIGN (0x4)
                0xa0000000                _sdata_end = .

.lit8
 *(.lit8)

.lit4
 *(.lit4)
                0xa0000000                . = ALIGN (0x4)
                0xa0000000                _data_end = .
                0xa0000000                _bss_begin = .

.sbss           0xa0000000       0x20
                0xa0000000                _sbss_begin = .
 *(.dynsbss)
 *(.sbss .sbss.* .gnu.linkonce.sb.*)
 .sbss          0xa0000000        0x4 build/default/production/_ext/410460599/drv_tmr.o
 .sbss          0xa0000004        0xc build/default/production/_ext/1688732426/system_exceptions.o
 *(.scommon)
 .scommon       0xa0000010        0x8 build/default/production/_ext/454928207/drv_ledstrip.o
                0xa0000010                client_objects
 .scommon       0xa0000018        0x8 build/default/production/_ext/1060865150/sys_devcon.o
                0xa0000018                sysDevconObj
                0xa0000020                _sbss_end = .
                0xa0000020                . = ALIGN (0x4)

.bss            0xa0000020       0xfc
 *(.dynbss)
 *(COMMON)
 COMMON         0xa0000020       0xd4 build/default/production/_ext/454928207/drv_ledstrip.o
                0xa0000020                driver_objects
 COMMON         0xa00000f4       0x18 build/default/production/_ext/1360937237/app.o
                0xa00000f4                appData
 COMMON         0xa000010c       0x10 build/default/production/_ext/1688732426/system_init.o
                0xa000010c                sysObj
                0xa000011c                . = ALIGN ((. != 0x0)?0x4:0x1)
                0xa000011c                . = ALIGN (0x4)
                0xa000011c                _end = .
                0xa000011c                _bss_end = .
                0x00008000                _bmxdudba_address = 0x8000
                0x00008000                _bmxdupba_address = 0x8000

/DISCARD/
 *(.pdr)
 *(.rel.dyn)
 *(.note.GNU-stack)
 *(.note.GNU-stack)
 *(.gnu_debuglink)
 *(.gnu.lto_*)
 *(.discard)

.gptab.sdata
 *(.gptab.data)
 *(.gptab.sdata)

.gptab.sbss
 *(.gptab.bss)
 *(.gptab.sbss)

.mdebug.abi32   0xa000011c        0x0
 *(.mdebug.abi32)
 .mdebug.abi32  0xa000011c        0x0 build/default/production/_ext/454928207/drv_ledstrip.o
 .mdebug.abi32  0xa000011c        0x0 build/default/production/_ext/1360937237/app.o
 .mdebug.abi32  0xa000011c        0x0 build/default/production/_ext/1360937237/main.o
 .mdebug.abi32  0xa000011c        0x0 build/default/production/_ext/410460599/drv_tmr.o
 .mdebug.abi32  0xa000011c        0x0 build/default/production/_ext/1060865150/sys_devcon.o
 .mdebug.abi32  0xa000011c        0x0 build/default/production/_ext/1060865150/sys_devcon_pic32mx.o
 .mdebug.abi32  0xa000011c        0x0 build/default/production/_ext/1742756452/sys_int_pic32.o
 .mdebug.abi32  0xa000011c        0x0 build/default/production/_ext/1925662983/sys_ports.o
 .mdebug.abi32  0xa000011c        0x0 build/default/production/_ext/1410081138/sys_tmr.o
 .mdebug.abi32  0xa000011c        0x0 build/default/production/_ext/639803181/sys_clk_static.o
 .mdebug.abi32  0xa000011c        0x0 build/default/production/_ext/822048611/sys_ports_static.o
 .mdebug.abi32  0xa000011c        0x0 build/default/production/_ext/1688732426/system_init.o
 .mdebug.abi32  0xa000011c        0x0 build/default/production/_ext/1688732426/system_interrupt.o
 .mdebug.abi32  0xa000011c        0x0 build/default/production/_ext/1688732426/system_exceptions.o
 .mdebug.abi32  0xa000011c        0x0 build/default/production/_ext/1688732426/system_tasks.o
 .mdebug.abi32  0xa000011c        0x0 d:/programme/microchip/xc32/v1.40/bin/bin/../../lib/gcc/pic32mx/4.8.3\libgcc.a(_udivdi3.o)
 .mdebug.abi32  0xa000011c        0x0 d:/programme/microchip/xc32/v1.40/bin/bin/../../lib/gcc/pic32mx/4.8.3/../../../../pic32mx/lib\libpic32.a(default-bootstrap-exception-handler.o)
 .mdebug.abi32  0xa000011c        0x0 d:/programme/microchip/xc32/v1.40/bin/bin/../../lib/gcc/pic32mx/4.8.3/../../../../pic32mx/lib\libpic32.a(default-on-reset.o)
 .mdebug.abi32  0xa000011c        0x0 d:/programme/microchip/xc32/v1.40/bin/bin/../../lib/gcc/pic32mx/4.8.3/../../../../pic32mx/lib\libpic32.a(default-on-bootstrap.o)
 .mdebug.abi32  0xa000011c        0x0 d:/programme/microchip/xc32/v1.40/bin/bin/../../lib/gcc/pic32mx/4.8.3/../../../../pic32mx/lib\libpic32.a(defaultinterrupt.o)

.mdebug.abiN32
 *(.mdebug.abiN32)

.mdebug.abi64
 *(.mdebug.abi64)

.mdebug.abiO64
 *(.mdebug.abiO64)

.mdebug.eabi32
 *(.mdebug.eabi32)

.mdebug.eabi64
 *(.mdebug.eabi64)

.gcc_compiled_long32
 *(.gcc_compiled_long32)

.gcc_compiled_long64
 *(.gcc_compiled_long64)

.stab
 *(.stab)

.stabstr
 *(.stabstr)

.stab.excl
 *(.stab.excl)

.stab.exclstr
 *(.stab.exclstr)

.stab.index
 *(.stab.index)

.stab.indexstr
 *(.stab.indexstr)

.comment        0x00000000       0x54
 *(.comment)
 .comment       0x00000000       0x3c build/default/production/_ext/454928207/drv_ledstrip.o
                                 0x3d (size before relaxing)
 .comment       0x00000000       0x3d build/default/production/_ext/1360937237/app.o
 .comment       0x00000000       0x3d build/default/production/_ext/1360937237/main.o
 .comment       0x00000000       0x3d build/default/production/_ext/410460599/drv_tmr.o
 .comment       0x00000000       0x3d build/default/production/_ext/1060865150/sys_devcon.o
 .comment       0x00000000       0x3d build/default/production/_ext/1060865150/sys_devcon_pic32mx.o
 .comment       0x00000000       0x3d build/default/production/_ext/1742756452/sys_int_pic32.o
 .comment       0x00000000       0x3d build/default/production/_ext/1925662983/sys_ports.o
 .comment       0x00000000       0x3d build/default/production/_ext/1410081138/sys_tmr.o
 .comment       0x00000000       0x3d build/default/production/_ext/639803181/sys_clk_static.o
 .comment       0x00000000       0x3d build/default/production/_ext/822048611/sys_ports_static.o
 .comment       0x00000000       0x3d build/default/production/_ext/1688732426/system_init.o
 .comment       0x00000000       0x3d build/default/production/_ext/1688732426/system_interrupt.o
 .comment       0x00000000       0x3d build/default/production/_ext/1688732426/system_exceptions.o
 .comment       0x00000000       0x3d build/default/production/_ext/1688732426/system_tasks.o
 .comment       0x00000000       0x3d d:/programme/microchip/xc32/v1.40/bin/bin/../../lib/gcc/pic32mx/4.8.3\libgcc.a(_udivdi3.o)
 .comment       0x0000003c       0x18 d:/programme/microchip/xc32/v1.40/bin/bin/../../lib/gcc/pic32mx/4.8.3/../../../../pic32mx/lib\libpic32.a(memset.o)
                                 0x19 (size before relaxing)
 .comment       0x00000000       0x3d d:/programme/microchip/xc32/v1.40/bin/bin/../../lib/gcc/pic32mx/4.8.3/../../../../pic32mx/lib\libpic32.a(default-bootstrap-exception-handler.o)
 .comment       0x00000000       0x3d d:/programme/microchip/xc32/v1.40/bin/bin/../../lib/gcc/pic32mx/4.8.3/../../../../pic32mx/lib\libpic32.a(default-on-reset.o)
 .comment       0x00000000       0x3d d:/programme/microchip/xc32/v1.40/bin/bin/../../lib/gcc/pic32mx/4.8.3/../../../../pic32mx/lib\libpic32.a(default-on-bootstrap.o)
 .comment       0x00000000       0x3d d:/programme/microchip/xc32/v1.40/bin/bin/../../lib/gcc/pic32mx/4.8.3/../../../../pic32mx/lib\libpic32.a(defaultinterrupt.o)

.debug
 *(.debug)

.line
 *(.line)

.debug_srcinfo
 *(.debug_srcinfo)

.debug_sfnames
 *(.debug_sfnames)

.debug_aranges  0x00000000      0x610
 *(.debug_aranges)
 .debug_aranges
                0x00000000       0x40 build/default/production/_ext/454928207/drv_ledstrip.o
 .debug_aranges
                0x00000040       0x30 build/default/production/_ext/1360937237/app.o
 .debug_aranges
                0x00000070       0x20 build/default/production/_ext/1360937237/main.o
 .debug_aranges
                0x00000090      0x170 build/default/production/_ext/410460599/drv_tmr.o
 .debug_aranges
                0x00000200       0x78 build/default/production/_ext/1060865150/sys_devcon.o
 .debug_aranges
                0x00000278       0x20 build/default/production/_ext/1060865150/sys_devcon_pic32mx.o
 .debug_aranges
                0x00000298       0x48 build/default/production/_ext/1742756452/sys_int_pic32.o
 .debug_aranges
                0x000002e0       0xf8 build/default/production/_ext/1925662983/sys_ports.o
 .debug_aranges
                0x000003d8       0xc8 build/default/production/_ext/1410081138/sys_tmr.o
 .debug_aranges
                0x000004a0       0x38 build/default/production/_ext/639803181/sys_clk_static.o
 .debug_aranges
                0x000004d8       0x20 build/default/production/_ext/822048611/sys_ports_static.o
 .debug_aranges
                0x000004f8       0x20 build/default/production/_ext/1688732426/system_init.o
 .debug_aranges
                0x00000518       0x18 build/default/production/_ext/1688732426/system_interrupt.o
 .debug_aranges
                0x00000530       0x20 build/default/production/_ext/1688732426/system_exceptions.o
 .debug_aranges
                0x00000550       0x20 build/default/production/_ext/1688732426/system_tasks.o
 .debug_aranges
                0x00000570       0x20 d:/programme/microchip/xc32/v1.40/bin/bin/../../lib/gcc/pic32mx/4.8.3\libgcc.a(_udivdi3.o)
 .debug_aranges
                0x00000590       0x20 d:/programme/microchip/xc32/v1.40/bin/bin/../../lib/gcc/pic32mx/4.8.3/../../../../pic32mx/lib\libpic32.a(default-bootstrap-exception-handler.o)
 .debug_aranges
                0x000005b0       0x20 d:/programme/microchip/xc32/v1.40/bin/bin/../../lib/gcc/pic32mx/4.8.3/../../../../pic32mx/lib\libpic32.a(default-on-reset.o)
 .debug_aranges
                0x000005d0       0x20 d:/programme/microchip/xc32/v1.40/bin/bin/../../lib/gcc/pic32mx/4.8.3/../../../../pic32mx/lib\libpic32.a(default-on-bootstrap.o)
 .debug_aranges
                0x000005f0       0x20 d:/programme/microchip/xc32/v1.40/bin/bin/../../lib/gcc/pic32mx/4.8.3/../../../../pic32mx/lib\libpic32.a(defaultinterrupt.o)

.debug_pubnames
 *(.debug_pubnames)

.debug_info     0x00000000    0x17c7b
 *(.debug_info .gnu.linkonce.wi.*)
 .debug_info    0x00000000     0x1525 build/default/production/_ext/454928207/drv_ledstrip.o
 .debug_info    0x00001525     0x1305 build/default/production/_ext/1360937237/app.o
 .debug_info    0x0000282a      0x1a3 build/default/production/_ext/1360937237/main.o
 .debug_info    0x000029cd     0x6a8d build/default/production/_ext/410460599/drv_tmr.o
 .debug_info    0x0000945a      0xfd5 build/default/production/_ext/1060865150/sys_devcon.o
 .debug_info    0x0000a42f      0x772 build/default/production/_ext/1060865150/sys_devcon_pic32mx.o
 .debug_info    0x0000aba1     0x12a3 build/default/production/_ext/1742756452/sys_int_pic32.o
 .debug_info    0x0000be44     0x39dc build/default/production/_ext/1925662983/sys_ports.o
 .debug_info    0x0000f820     0x2202 build/default/production/_ext/1410081138/sys_tmr.o
 .debug_info    0x00011a22     0x1351 build/default/production/_ext/639803181/sys_clk_static.o
 .debug_info    0x00012d73     0x1332 build/default/production/_ext/822048611/sys_ports_static.o
 .debug_info    0x000140a5     0x190c build/default/production/_ext/1688732426/system_init.o
 .debug_info    0x000159b1      0x728 build/default/production/_ext/1688732426/system_interrupt.o
 .debug_info    0x000160d9      0x88a build/default/production/_ext/1688732426/system_exceptions.o
 .debug_info    0x00016963      0x88d build/default/production/_ext/1688732426/system_tasks.o
 .debug_info    0x000171f0      0x74f d:/programme/microchip/xc32/v1.40/bin/bin/../../lib/gcc/pic32mx/4.8.3\libgcc.a(_udivdi3.o)
 .debug_info    0x0001793f       0xe3 d:/programme/microchip/xc32/v1.40/bin/bin/../../lib/gcc/pic32mx/4.8.3/../../../../pic32mx/lib\libpic32.a(default-bootstrap-exception-handler.o)
 .debug_info    0x00017a22       0xbd d:/programme/microchip/xc32/v1.40/bin/bin/../../lib/gcc/pic32mx/4.8.3/../../../../pic32mx/lib\libpic32.a(default-on-reset.o)
 .debug_info    0x00017adf       0xc5 d:/programme/microchip/xc32/v1.40/bin/bin/../../lib/gcc/pic32mx/4.8.3/../../../../pic32mx/lib\libpic32.a(default-on-bootstrap.o)
 .debug_info    0x00017ba4       0xd7 d:/programme/microchip/xc32/v1.40/bin/bin/../../lib/gcc/pic32mx/4.8.3/../../../../pic32mx/lib\libpic32.a(defaultinterrupt.o)

.debug_abbrev   0x00000000     0x2054
 *(.debug_abbrev)
 .debug_abbrev  0x00000000      0x2ba build/default/production/_ext/454928207/drv_ledstrip.o
 .debug_abbrev  0x000002ba      0x262 build/default/production/_ext/1360937237/app.o
 .debug_abbrev  0x0000051c       0x93 build/default/production/_ext/1360937237/main.o
 .debug_abbrev  0x000005af      0x4a1 build/default/production/_ext/410460599/drv_tmr.o
 .debug_abbrev  0x00000a50      0x285 build/default/production/_ext/1060865150/sys_devcon.o
 .debug_abbrev  0x00000cd5      0x162 build/default/production/_ext/1060865150/sys_devcon_pic32mx.o
 .debug_abbrev  0x00000e37      0x1d0 build/default/production/_ext/1742756452/sys_int_pic32.o
 .debug_abbrev  0x00001007      0x238 build/default/production/_ext/1925662983/sys_ports.o
 .debug_abbrev  0x0000123f      0x501 build/default/production/_ext/1410081138/sys_tmr.o
 .debug_abbrev  0x00001740      0x209 build/default/production/_ext/639803181/sys_clk_static.o
 .debug_abbrev  0x00001949      0x12f build/default/production/_ext/822048611/sys_ports_static.o
 .debug_abbrev  0x00001a78      0x25b build/default/production/_ext/1688732426/system_init.o
 .debug_abbrev  0x00001cd3       0x44 build/default/production/_ext/1688732426/system_interrupt.o
 .debug_abbrev  0x00001d17       0xa2 build/default/production/_ext/1688732426/system_exceptions.o
 .debug_abbrev  0x00001db9       0xc3 build/default/production/_ext/1688732426/system_tasks.o
 .debug_abbrev  0x00001e7c      0x138 d:/programme/microchip/xc32/v1.40/bin/bin/../../lib/gcc/pic32mx/4.8.3\libgcc.a(_udivdi3.o)
 .debug_abbrev  0x00001fb4       0x28 d:/programme/microchip/xc32/v1.40/bin/bin/../../lib/gcc/pic32mx/4.8.3/../../../../pic32mx/lib\libpic32.a(default-bootstrap-exception-handler.o)
 .debug_abbrev  0x00001fdc       0x28 d:/programme/microchip/xc32/v1.40/bin/bin/../../lib/gcc/pic32mx/4.8.3/../../../../pic32mx/lib\libpic32.a(default-on-reset.o)
 .debug_abbrev  0x00002004       0x28 d:/programme/microchip/xc32/v1.40/bin/bin/../../lib/gcc/pic32mx/4.8.3/../../../../pic32mx/lib\libpic32.a(default-on-bootstrap.o)
 .debug_abbrev  0x0000202c       0x28 d:/programme/microchip/xc32/v1.40/bin/bin/../../lib/gcc/pic32mx/4.8.3/../../../../pic32mx/lib\libpic32.a(defaultinterrupt.o)

.debug_line     0x00000000     0x4c7d
 *(.debug_line)
 .debug_line    0x00000000      0x42f build/default/production/_ext/454928207/drv_ledstrip.o
 .debug_line    0x0000042f      0x405 build/default/production/_ext/1360937237/app.o
 .debug_line    0x00000834       0xbc build/default/production/_ext/1360937237/main.o
 .debug_line    0x000008f0     0x126b build/default/production/_ext/410460599/drv_tmr.o
 .debug_line    0x00001b5b      0x63a build/default/production/_ext/1060865150/sys_devcon.o
 .debug_line    0x00002195      0x3cd build/default/production/_ext/1060865150/sys_devcon_pic32mx.o
 .debug_line    0x00002562      0x3c6 build/default/production/_ext/1742756452/sys_int_pic32.o
 .debug_line    0x00002928      0x882 build/default/production/_ext/1925662983/sys_ports.o
 .debug_line    0x000031aa      0x5ed build/default/production/_ext/1410081138/sys_tmr.o
 .debug_line    0x00003797      0x3fc build/default/production/_ext/639803181/sys_clk_static.o
 .debug_line    0x00003b93      0x418 build/default/production/_ext/822048611/sys_ports_static.o
 .debug_line    0x00003fab      0x576 build/default/production/_ext/1688732426/system_init.o
 .debug_line    0x00004521       0x67 build/default/production/_ext/1688732426/system_interrupt.o
 .debug_line    0x00004588      0x126 build/default/production/_ext/1688732426/system_exceptions.o
 .debug_line    0x000046ae      0x2a9 build/default/production/_ext/1688732426/system_tasks.o
 .debug_line    0x00004957       0xed d:/programme/microchip/xc32/v1.40/bin/bin/../../lib/gcc/pic32mx/4.8.3\libgcc.a(_udivdi3.o)
 .debug_line    0x00004a44       0x97 d:/programme/microchip/xc32/v1.40/bin/bin/../../lib/gcc/pic32mx/4.8.3/../../../../pic32mx/lib\libpic32.a(default-bootstrap-exception-handler.o)
 .debug_line    0x00004adb       0x84 d:/programme/microchip/xc32/v1.40/bin/bin/../../lib/gcc/pic32mx/4.8.3/../../../../pic32mx/lib\libpic32.a(default-on-reset.o)
 .debug_line    0x00004b5f       0x88 d:/programme/microchip/xc32/v1.40/bin/bin/../../lib/gcc/pic32mx/4.8.3/../../../../pic32mx/lib\libpic32.a(default-on-bootstrap.o)
 .debug_line    0x00004be7       0x96 d:/programme/microchip/xc32/v1.40/bin/bin/../../lib/gcc/pic32mx/4.8.3/../../../../pic32mx/lib\libpic32.a(defaultinterrupt.o)

.debug_frame    0x00000000      0xba8
 *(.debug_frame)
 .debug_frame   0x00000000       0x6c build/default/production/_ext/454928207/drv_ledstrip.o
 .debug_frame   0x0000006c       0x54 build/default/production/_ext/1360937237/app.o
 .debug_frame   0x000000c0       0x28 build/default/production/_ext/1360937237/main.o
 .debug_frame   0x000000e8      0x3ac build/default/production/_ext/410460599/drv_tmr.o
 .debug_frame   0x00000494       0xe8 build/default/production/_ext/1060865150/sys_devcon.o
 .debug_frame   0x0000057c       0x28 build/default/production/_ext/1060865150/sys_devcon_pic32mx.o
 .debug_frame   0x000005a4       0x90 build/default/production/_ext/1742756452/sys_int_pic32.o
 .debug_frame   0x00000634      0x1d0 build/default/production/_ext/1925662983/sys_ports.o
 .debug_frame   0x00000804      0x208 build/default/production/_ext/1410081138/sys_tmr.o
 .debug_frame   0x00000a0c       0x58 build/default/production/_ext/639803181/sys_clk_static.o
 .debug_frame   0x00000a64       0x20 build/default/production/_ext/822048611/sys_ports_static.o
 .debug_frame   0x00000a84       0x28 build/default/production/_ext/1688732426/system_init.o
 .debug_frame   0x00000aac       0x28 build/default/production/_ext/1688732426/system_exceptions.o
 .debug_frame   0x00000ad4       0x28 build/default/production/_ext/1688732426/system_tasks.o
 .debug_frame   0x00000afc       0x20 d:/programme/microchip/xc32/v1.40/bin/bin/../../lib/gcc/pic32mx/4.8.3\libgcc.a(_udivdi3.o)
 .debug_frame   0x00000b1c       0x2c d:/programme/microchip/xc32/v1.40/bin/bin/../../lib/gcc/pic32mx/4.8.3/../../../../pic32mx/lib\libpic32.a(default-bootstrap-exception-handler.o)
 .debug_frame   0x00000b48       0x20 d:/programme/microchip/xc32/v1.40/bin/bin/../../lib/gcc/pic32mx/4.8.3/../../../../pic32mx/lib\libpic32.a(default-on-reset.o)
 .debug_frame   0x00000b68       0x20 d:/programme/microchip/xc32/v1.40/bin/bin/../../lib/gcc/pic32mx/4.8.3/../../../../pic32mx/lib\libpic32.a(default-on-bootstrap.o)
 .debug_frame   0x00000b88       0x20 d:/programme/microchip/xc32/v1.40/bin/bin/../../lib/gcc/pic32mx/4.8.3/../../../../pic32mx/lib\libpic32.a(defaultinterrupt.o)

.debug_str      0x00000000      0x2cc
 *(.debug_str)
 .debug_str     0x00000000       0x2c build/default/production/_ext/454928207/drv_ledstrip.o
 .debug_str     0x0000002c        0x0 build/default/production/_ext/1360937237/app.o
 .debug_str     0x0000002c        0x0 build/default/production/_ext/1360937237/main.o
 .debug_str     0x0000002c       0xd5 build/default/production/_ext/410460599/drv_tmr.o
 .debug_str     0x00000101       0x16 build/default/production/_ext/1060865150/sys_devcon.o
 .debug_str     0x00000117        0x6 build/default/production/_ext/1060865150/sys_devcon_pic32mx.o
 .debug_str     0x0000011d       0x2d build/default/production/_ext/1742756452/sys_int_pic32.o
 .debug_str     0x0000014a       0x98 build/default/production/_ext/1925662983/sys_ports.o
 .debug_str     0x000001e2       0x7d build/default/production/_ext/1410081138/sys_tmr.o
 .debug_str     0x0000025f       0x46 build/default/production/_ext/639803181/sys_clk_static.o
 .debug_str     0x000002a5       0x1c build/default/production/_ext/822048611/sys_ports_static.o
 .debug_str     0x000002c1        0xb build/default/production/_ext/1688732426/system_init.o
 .debug_str     0x000002cc        0x0 build/default/production/_ext/1688732426/system_interrupt.o
 .debug_str     0x000002cc        0x0 build/default/production/_ext/1688732426/system_exceptions.o
 .debug_str     0x000002cc        0x0 build/default/production/_ext/1688732426/system_tasks.o
 .debug_str     0x000002cc        0x0 d:/programme/microchip/xc32/v1.40/bin/bin/../../lib/gcc/pic32mx/4.8.3\libgcc.a(_udivdi3.o)
 .debug_str     0x000002cc        0x0 d:/programme/microchip/xc32/v1.40/bin/bin/../../lib/gcc/pic32mx/4.8.3/../../../../pic32mx/lib\libpic32.a(default-bootstrap-exception-handler.o)
 .debug_str     0x000002cc        0x0 d:/programme/microchip/xc32/v1.40/bin/bin/../../lib/gcc/pic32mx/4.8.3/../../../../pic32mx/lib\libpic32.a(default-on-reset.o)
 .debug_str     0x000002cc        0x0 d:/programme/microchip/xc32/v1.40/bin/bin/../../lib/gcc/pic32mx/4.8.3/../../../../pic32mx/lib\libpic32.a(default-on-bootstrap.o)
 .debug_str     0x000002cc        0x0 d:/programme/microchip/xc32/v1.40/bin/bin/../../lib/gcc/pic32mx/4.8.3/../../../../pic32mx/lib\libpic32.a(defaultinterrupt.o)

.debug_loc      0x00000000     0x62a0
 *(.debug_loc)
 .debug_loc     0x00000000      0x2f4 build/default/production/_ext/454928207/drv_ledstrip.o
 .debug_loc     0x000002f4      0x14b build/default/production/_ext/1360937237/app.o
 .debug_loc     0x0000043f     0x363e build/default/production/_ext/410460599/drv_tmr.o
 .debug_loc     0x00003a7d       0xf0 build/default/production/_ext/1060865150/sys_devcon.o
 .debug_loc     0x00003b6d       0x85 build/default/production/_ext/1060865150/sys_devcon_pic32mx.o
 .debug_loc     0x00003bf2       0x8d build/default/production/_ext/1742756452/sys_int_pic32.o
 .debug_loc     0x00003c7f      0xe64 build/default/production/_ext/1925662983/sys_ports.o
 .debug_loc     0x00004ae3      0xd11 build/default/production/_ext/1410081138/sys_tmr.o
 .debug_loc     0x000057f4       0x21 build/default/production/_ext/639803181/sys_clk_static.o
 .debug_loc     0x00005815       0x21 build/default/production/_ext/1688732426/system_init.o
 .debug_loc     0x00005836      0xa6a d:/programme/microchip/xc32/v1.40/bin/bin/../../lib/gcc/pic32mx/4.8.3\libgcc.a(_udivdi3.o)

.debug_macinfo
 *(.debug_macinfo)

.debug_weaknames
 *(.debug_weaknames)

.debug_funcnames
 *(.debug_funcnames)

.debug_typenames
 *(.debug_typenames)

.debug_varnames
 *(.debug_varnames)

.debug_pubtypes
 *(.debug_pubtypes)

.debug_ranges   0x00000000      0xb38
 *(.debug_ranges)
 .debug_ranges  0x00000000       0x48 build/default/production/_ext/454928207/drv_ledstrip.o
 .debug_ranges  0x00000048       0x20 build/default/production/_ext/1360937237/app.o
 .debug_ranges  0x00000068       0x10 build/default/production/_ext/1360937237/main.o
 .debug_ranges  0x00000078      0x678 build/default/production/_ext/410460599/drv_tmr.o
 .debug_ranges  0x000006f0       0x68 build/default/production/_ext/1060865150/sys_devcon.o
 .debug_ranges  0x00000758       0x10 build/default/production/_ext/1060865150/sys_devcon_pic32mx.o
 .debug_ranges  0x00000768       0x50 build/default/production/_ext/1742756452/sys_int_pic32.o
 .debug_ranges  0x000007b8       0xe8 build/default/production/_ext/1925662983/sys_ports.o
 .debug_ranges  0x000008a0      0x158 build/default/production/_ext/1410081138/sys_tmr.o
 .debug_ranges  0x000009f8       0x28 build/default/production/_ext/639803181/sys_clk_static.o
 .debug_ranges  0x00000a20       0x10 build/default/production/_ext/822048611/sys_ports_static.o
 .debug_ranges  0x00000a30       0x10 build/default/production/_ext/1688732426/system_init.o
 .debug_ranges  0x00000a40       0x10 build/default/production/_ext/1688732426/system_exceptions.o
 .debug_ranges  0x00000a50       0x10 build/default/production/_ext/1688732426/system_tasks.o
 .debug_ranges  0x00000a60       0x98 d:/programme/microchip/xc32/v1.40/bin/bin/../../lib/gcc/pic32mx/4.8.3\libgcc.a(_udivdi3.o)
 .debug_ranges  0x00000af8       0x10 d:/programme/microchip/xc32/v1.40/bin/bin/../../lib/gcc/pic32mx/4.8.3/../../../../pic32mx/lib\libpic32.a(default-bootstrap-exception-handler.o)
 .debug_ranges  0x00000b08       0x10 d:/programme/microchip/xc32/v1.40/bin/bin/../../lib/gcc/pic32mx/4.8.3/../../../../pic32mx/lib\libpic32.a(default-on-reset.o)
 .debug_ranges  0x00000b18       0x10 d:/programme/microchip/xc32/v1.40/bin/bin/../../lib/gcc/pic32mx/4.8.3/../../../../pic32mx/lib\libpic32.a(default-on-bootstrap.o)
 .debug_ranges  0x00000b28       0x10 d:/programme/microchip/xc32/v1.40/bin/bin/../../lib/gcc/pic32mx/4.8.3/../../../../pic32mx/lib\libpic32.a(defaultinterrupt.o)

.gnu.attributes
                0x00000000       0x10
 *(.gnu.attributes)
 .gnu.attributes
                0x00000000       0x10 build/default/production/_ext/454928207/drv_ledstrip.o
 .gnu.attributes
                0x00000010       0x10 build/default/production/_ext/1360937237/app.o
 .gnu.attributes
                0x00000020       0x10 build/default/production/_ext/1360937237/main.o
 .gnu.attributes
                0x00000030       0x10 build/default/production/_ext/410460599/drv_tmr.o
 .gnu.attributes
                0x00000040       0x10 build/default/production/_ext/1060865150/sys_devcon.o
 .gnu.attributes
                0x00000050       0x10 build/default/production/_ext/1060865150/sys_devcon_pic32mx.o
 .gnu.attributes
                0x00000060       0x10 build/default/production/_ext/1742756452/sys_int_pic32.o
 .gnu.attributes
                0x00000070       0x10 build/default/production/_ext/1925662983/sys_ports.o
 .gnu.attributes
                0x00000080       0x10 build/default/production/_ext/1410081138/sys_tmr.o
 .gnu.attributes
                0x00000090       0x10 build/default/production/_ext/639803181/sys_clk_static.o
 .gnu.attributes
                0x000000a0       0x10 build/default/production/_ext/822048611/sys_ports_static.o
 .gnu.attributes
                0x000000b0       0x10 build/default/production/_ext/1688732426/system_init.o
 .gnu.attributes
                0x000000c0       0x10 build/default/production/_ext/1688732426/system_interrupt.o
 .gnu.attributes
                0x000000d0       0x10 build/default/production/_ext/1688732426/system_exceptions.o
 .gnu.attributes
                0x000000e0       0x10 build/default/production/_ext/1688732426/system_tasks.o
 .gnu.attributes
                0x000000f0       0x10 d:/programme/microchip/xc32/v1.40/bin/bin/../../lib/gcc/pic32mx/4.8.3\libgcc.a(_udivdi3.o)
 .gnu.attributes
                0x00000100       0x10 d:/programme/microchip/xc32/v1.40/bin/bin/../../lib/gcc/pic32mx/4.8.3/../../../../pic32mx/lib\libpic32.a(default-bootstrap-exception-handler.o)
 .gnu.attributes
                0x00000110       0x10 d:/programme/microchip/xc32/v1.40/bin/bin/../../lib/gcc/pic32mx/4.8.3/../../../../pic32mx/lib\libpic32.a(default-on-reset.o)
 .gnu.attributes
                0x00000120       0x10 d:/programme/microchip/xc32/v1.40/bin/bin/../../lib/gcc/pic32mx/4.8.3/../../../../pic32mx/lib\libpic32.a(default-on-bootstrap.o)
 .gnu.attributes
                0x00000130       0x10 d:/programme/microchip/xc32/v1.40/bin/bin/../../lib/gcc/pic32mx/4.8.3/../../../../pic32mx/lib\libpic32.a(defaultinterrupt.o)
LOAD d:/programme/microchip/xc32/v1.40/bin/bin/../../lib/gcc/pic32mx/4.8.3\libgcc.a
START GROUP
LOAD d:/programme/microchip/xc32/v1.40/bin/bin/../../lib/gcc/pic32mx/4.8.3/../../../../pic32mx/lib\libpic32.a
LOAD d:/programme/microchip/xc32/v1.40/bin/bin/../../lib/gcc/pic32mx/4.8.3/../../../../pic32mx/lib\libdebug.a
LOAD d:/programme/microchip/xc32/v1.40/bin/bin/../../lib/gcc/pic32mx/4.8.3/../../../../pic32mx/lib\libpic32.a
LOAD d:/programme/microchip/xc32/v1.40/bin/bin/../../lib/gcc/pic32mx/4.8.3/../../../../pic32mx/lib\libm.a
LOAD d:/programme/microchip/xc32/v1.40/bin/bin/../../lib/gcc/pic32mx/4.8.3/../../../../pic32mx/lib\libe.a
LOAD d:/programme/microchip/xc32/v1.40/bin/bin/../../lib/gcc/pic32mx/4.8.3/../../../../pic32mx/lib\libdsp.a
LOAD d:/programme/microchip/xc32/v1.40/bin/bin/../../lib/gcc/pic32mx/4.8.3\libgcc.a
LOAD d:/programme/microchip/xc32/v1.40/bin/bin/../../lib/gcc/pic32mx/4.8.3/../../../../pic32mx/lib\libc.a
LOAD d:/programme/microchip/xc32/v1.40/bin/bin/../../lib/gcc/pic32mx/4.8.3/../../../../pic32mx/lib\libpic32.a
END GROUP
LOAD d:/programme/microchip/xc32/v1.40/bin/bin/../../lib/gcc/pic32mx/4.8.3\libgcc.a
OUTPUT(dist/default/production/Treppenlicht.X.production.elf elf32-tradlittlemips)
LOAD stack
LOAD data_init

.reginfo        0x00000000       0x18
 .reginfo       0x00000000       0x18 d:/programme/microchip/xc32/v1.40/bin/bin/../../lib/gcc/pic32mx/4.8.3/../../../../pic32mx/lib/./proc/32MX150F128B/crt0_mips32r2.o

.stack          0xa0000630      0x400
 .stack         0xa0000630      0x400 stack

.data           0xa000011c      0x320
 .data          0xa000011c      0x320 build/default/production/_ext/454928207/drv_ledstrip.o
                0xa000011c                value_mapping

.bss            0xa000043c       0x90
 .bss           0xa000043c       0x90 build/default/production/_ext/1410081138/sys_tmr.o

.data           0xa00004cc       0x80
 .data          0xa00004cc       0x80 build/default/production/_ext/1360937237/app.o
                0xa00004cc                ledstrip_init

.bss            0xa000054c       0x78
 .bss           0xa000054c       0x78 build/default/production/_ext/410460599/drv_tmr.o

.data           0xa00005c4       0x4c
 .data          0xa00005c4       0x4c build/default/production/_ext/1688732426/system_exceptions.o

._debug_exception
                0xbfc00480       0x2c
 ._debug_exception
                0xbfc00480       0x2c d:/programme/microchip/xc32/v1.40/bin/bin/../../lib/gcc/pic32mx/4.8.3/../../../../pic32mx/lib\debug-exception-return.o
                0xbfc00480                __DbgExecReturn

.dinit          0x9d000000      0x470
 .dinit         0x9d000000      0x470 data_init

.text.SYS_TMR_Tasks
                0x9d000470      0x2f4
 .text.SYS_TMR_Tasks
                0x9d000470      0x2f4 build/default/production/_ext/1410081138/sys_tmr.o
                0x9d000470                SYS_TMR_Tasks

.text.DRV_TMR_Initialize
                0x9d000764      0x218
 .text.DRV_TMR_Initialize
                0x9d000764      0x218 build/default/production/_ext/410460599/drv_tmr.o
                0x9d000764                DRV_TMR_Initialize

.text._DRV_TMR_ClockSourceSet
                0x9d00097c      0x214
 .text._DRV_TMR_ClockSourceSet
                0x9d00097c      0x214 build/default/production/_ext/410460599/drv_tmr.o

.text.APP_Tasks
                0x9d000b90      0x1c8
 .text.APP_Tasks
                0x9d000b90      0x1c8 build/default/production/_ext/1360937237/app.o
                0x9d000b90                APP_Tasks

.text.DRV_TMR_AlarmRegister
                0x9d000d58      0x1c4
 .text.DRV_TMR_AlarmRegister
                0x9d000d58      0x1c4 build/default/production/_ext/410460599/drv_tmr.o
                0x9d000d58                DRV_TMR_AlarmRegister

.text.DRV_TMR_CounterFrequencyGet
                0x9d000f1c      0x1a4
 .text.DRV_TMR_CounterFrequencyGet
                0x9d000f1c      0x1a4 build/default/production/_ext/410460599/drv_tmr.o
                0x9d000f1c                DRV_TMR_CounterFrequencyGet

.text._DRV_TMR_ClockPrescaleSet
                0x9d0010c0      0x19c
 .text._DRV_TMR_ClockPrescaleSet
                0x9d0010c0      0x19c build/default/production/_ext/410460599/drv_tmr.o

.text.DRV_LEDSTRIP_Tasks
                0x9d00125c      0x184
 .text.DRV_LEDSTRIP_Tasks
                0x9d00125c      0x184 build/default/production/_ext/454928207/drv_ledstrip.o
                0x9d00125c                DRV_LEDSTRIP_Tasks

.text._SYS_TMR_ClientCreate
                0x9d0013e0      0x160
 .text._SYS_TMR_ClientCreate
                0x9d0013e0      0x160 build/default/production/_ext/1410081138/sys_tmr.o

.text.DRV_TMR_Alarm16BitRegister
                0x9d001540      0x144
 .text.DRV_TMR_Alarm16BitRegister
                0x9d001540      0x144 build/default/production/_ext/410460599/drv_tmr.o
                0x9d001540                DRV_TMR_Alarm16BitRegister

.text._DRV_TMR_Resume
                0x9d001684      0x118
 .text._DRV_TMR_Resume
                0x9d001684      0x118 build/default/production/_ext/410460599/drv_tmr.o

.text._DRV_TMR_Suspend
                0x9d00179c       0xf8
 .text._DRV_TMR_Suspend
                0x9d00179c       0xf8 build/default/production/_ext/410460599/drv_tmr.o

.text._SYS_TMR_ClientParamSet
                0x9d001894       0xe8
 .text._SYS_TMR_ClientParamSet
                0x9d001894       0xe8 build/default/production/_ext/1410081138/sys_tmr.o

.text.SYS_TMR_ObjectCountGet
                0x9d00197c       0xe4
 .text.SYS_TMR_ObjectCountGet
                0x9d00197c       0xe4 build/default/production/_ext/1410081138/sys_tmr.o
                0x9d00197c                SYS_TMR_ObjectCountGet

.rodata         0x9d001a60       0xdc
 .rodata        0x9d001a60       0xdc build/default/production/_ext/1688732426/system_exceptions.o

.text.general_exception
                0x9d001b3c       0xdc
 .text.general_exception
                0x9d001b3c       0xdc d:/programme/microchip/xc32/v1.40/bin/bin/../../lib/gcc/pic32mx/4.8.3/../../../../pic32mx/lib\libpic32.a(general-exception.o)
                0x9d001b3c                _general_exception_context

.text.DRV_TMR_Tasks
                0x9d001c18       0xcc
 .text.DRV_TMR_Tasks
                0x9d001c18       0xcc build/default/production/_ext/410460599/drv_tmr.o
                0x9d001c18                DRV_TMR_Tasks

.text.SYS_TMR_Initialize
                0x9d001ce4       0xbc
 .text.SYS_TMR_Initialize
                0x9d001ce4       0xbc build/default/production/_ext/1410081138/sys_tmr.o
                0x9d001ce4                SYS_TMR_Initialize

.text.DRV_LEDSTRIP_Initialize
                0x9d001da0       0xb0
 .text.DRV_LEDSTRIP_Initialize
                0x9d001da0       0xb0 build/default/production/_ext/454928207/drv_ledstrip.o
                0x9d001da0                DRV_LEDSTRIP_Initialize

.text.SYS_Initialize
                0x9d001e50       0xa8
 .text.SYS_Initialize
                0x9d001e50       0xa8 build/default/production/_ext/1688732426/system_init.o
                0x9d001e50                SYS_Initialize

.text           0x9d001ef8       0xa8
 .text          0x9d001ef8       0xa8 d:/programme/microchip/xc32/v1.40/bin/bin/../../lib/gcc/pic32mx/4.8.3/../../../../pic32mx/lib\libpic32.a(memset.o)
                0x9d001ef8                memset

.text.SYS_PORTS_Initialize
                0x9d001fa0       0x98
 .text.SYS_PORTS_Initialize
                0x9d001fa0       0x98 build/default/production/_ext/822048611/sys_ports_static.o
                0x9d001fa0                SYS_PORTS_Initialize

.text._SYS_TMR_ClientCheckSrvLock
                0x9d002038       0x90
 .text._SYS_TMR_ClientCheckSrvLock
                0x9d002038       0x90 build/default/production/_ext/1410081138/sys_tmr.o

.text._DRV_TMR_ModuleObj
                0x9d0020c8       0x84
 .text._DRV_TMR_ModuleObj
                0x9d0020c8       0x84 build/default/production/_ext/410460599/drv_tmr.o

.text.SYS_CLK_Initialize
                0x9d00214c       0x70
 .text.SYS_CLK_Initialize
                0x9d00214c       0x70 build/default/production/_ext/639803181/sys_clk_static.o
                0x9d00214c                SYS_CLK_Initialize

.text.DRV_TMR_Start
                0x9d0021bc       0x64
 .text.DRV_TMR_Start
                0x9d0021bc       0x64 build/default/production/_ext/410460599/drv_tmr.o
                0x9d0021bc                DRV_TMR_Start

.text.DRV_TMR_Open
                0x9d002220       0x60
 .text.DRV_TMR_Open
                0x9d002220       0x60 build/default/production/_ext/410460599/drv_tmr.o
                0x9d002220                DRV_TMR_Open

.text.SYS_DEVCON_PerformanceConfig
                0x9d002280       0x60
 .text.SYS_DEVCON_PerformanceConfig
                0x9d002280       0x60 build/default/production/_ext/1060865150/sys_devcon_pic32mx.o
                0x9d002280                SYS_DEVCON_PerformanceConfig

.text.DRV_LEDSTRIP_Open
                0x9d0022e0       0x5c
 .text.DRV_LEDSTRIP_Open
                0x9d0022e0       0x5c build/default/production/_ext/454928207/drv_ledstrip.o
                0x9d0022e0                DRV_LEDSTRIP_Open

.text.SYS_DEVCON_SystemUnlock
                0x9d00233c       0x58
 .text.SYS_DEVCON_SystemUnlock
                0x9d00233c       0x58 build/default/production/_ext/1060865150/sys_devcon.o
                0x9d00233c                SYS_DEVCON_SystemUnlock

.text.SYS_INT_SourceDisable
                0x9d002394       0x58
 .text.SYS_INT_SourceDisable
                0x9d002394       0x58 build/default/production/_ext/1742756452/sys_int_pic32.o
                0x9d002394                SYS_INT_SourceDisable

.text.main_entry
                0x9d0023ec       0x54
 .text.main_entry
                0x9d0023ec       0x54 d:/programme/microchip/xc32/v1.40/bin/bin/../../lib/gcc/pic32mx/4.8.3/../../../../pic32mx/lib/./proc/32MX150F128B/crt0_mips32r2.o
                0x9d002420                __crt0_exit

.text._DRV_LEDSTRIP_AlarmCallback
                0x9d002440       0x4c
 .text._DRV_LEDSTRIP_AlarmCallback
                0x9d002440       0x4c build/default/production/_ext/454928207/drv_ledstrip.o
                0x9d002440                _DRV_LEDSTRIP_AlarmCallback

.text.SYS_Tasks
                0x9d00248c       0x4c
 .text.SYS_Tasks
                0x9d00248c       0x4c build/default/production/_ext/1688732426/system_tasks.o
                0x9d00248c                SYS_Tasks

.text.SYS_DEVCON_SystemLock
                0x9d0024d8       0x48
 .text.SYS_DEVCON_SystemLock
                0x9d0024d8       0x48 build/default/production/_ext/1060865150/sys_devcon.o
                0x9d0024d8                SYS_DEVCON_SystemLock

.text._bootstrap_exception_handler
                0x9d002520       0x48
 .text._bootstrap_exception_handler
                0x9d002520       0x48 d:/programme/microchip/xc32/v1.40/bin/bin/../../lib/gcc/pic32mx/4.8.3/../../../../pic32mx/lib\libpic32.a(default-bootstrap-exception-handler.o)
                0x9d002520                _bootstrap_exception_handler

.vector_default
                0x9d002568       0x48
 .vector_default
                0x9d002568       0x48 d:/programme/microchip/xc32/v1.40/bin/bin/../../lib/gcc/pic32mx/4.8.3/../../../../pic32mx/lib\libpic32.a(defaultinterrupt.o)
                0x9d002568                _DefaultInterrupt

.text.DRV_TMR_ClientStatus
                0x9d0025b0       0x44
 .text.DRV_TMR_ClientStatus
                0x9d0025b0       0x44 build/default/production/_ext/410460599/drv_tmr.o
                0x9d0025b0                DRV_TMR_ClientStatus

.rodata         0x9d0025f4       0x44
 .rodata        0x9d0025f4       0x44 build/default/production/_ext/1688732426/system_init.o
                0x9d0025f4                drvTmr0InitData
                0x9d002610                drvTmr1InitData
                0x9d00262c                sysTmrInitData
                0x9d002634                sysDevconInit

.text           0x9d002638       0x44
 .text          0x9d002638       0x44 d:/programme/microchip/xc32/v1.40/bin/bin/../../lib/gcc/pic32mx/4.8.3/../../../../pic32mx/lib\pic32_software_reset.o
                0x9d002638                __pic32_software_reset

.text.DRV_LEDSTRIP_DimLight
                0x9d00267c       0x40
 .text.DRV_LEDSTRIP_DimLight
                0x9d00267c       0x40 build/default/production/_ext/454928207/drv_ledstrip.o
                0x9d00267c                DRV_LEDSTRIP_DimLight

.text._general_exception_handler
                0x9d0026bc       0x40
 .text._general_exception_handler
                0x9d0026bc       0x40 build/default/production/_ext/1688732426/system_exceptions.o
                0x9d0026bc                _general_exception_handler

.text.APP_Initialize
                0x9d0026fc       0x3c
 .text.APP_Initialize
                0x9d0026fc       0x3c build/default/production/_ext/1360937237/app.o
                0x9d0026fc                APP_Initialize

.text._SYS_TMR_AlarmCallback
                0x9d002738       0x2c
 .text._SYS_TMR_AlarmCallback
                0x9d002738       0x2c build/default/production/_ext/1410081138/sys_tmr.o

.text.SYS_TMR_DelayMS
                0x9d002764       0x24
 .text.SYS_TMR_DelayMS
                0x9d002764       0x24 build/default/production/_ext/1410081138/sys_tmr.o
                0x9d002764                SYS_TMR_DelayMS

.text.main      0x9d002788       0x20
 .text.main     0x9d002788       0x20 build/default/production/_ext/1360937237/main.o
                0x9d002788                main

.text.SYS_TMR_DelayStatusGet
                0x9d0027a8       0x20
 .text.SYS_TMR_DelayStatusGet
                0x9d0027a8       0x20 build/default/production/_ext/1410081138/sys_tmr.o
                0x9d0027a8                SYS_TMR_DelayStatusGet

.rodata         0x9d0027c8       0x1c
 .rodata        0x9d0027c8       0x1c build/default/production/_ext/410460599/drv_tmr.o

.text.SYS_INT_Initialize
                0x9d0027e4       0x18
 .text.SYS_INT_Initialize
                0x9d0027e4       0x18 build/default/production/_ext/1742756452/sys_int_pic32.o
                0x9d0027e4                SYS_INT_Initialize

.text           0x9d0027fc       0x18
 .text          0x9d0027fc       0x18 d:/programme/microchip/xc32/v1.40/bin/bin/../../lib/gcc/pic32mx/4.8.3/../../../../pic32mx/lib\libpic32.a(default-nmi-handler.o)
                0x9d0027fc                _nmi_handler

.text.SYS_DEVCON_Initialize
                0x9d002814       0x14
 .text.SYS_DEVCON_Initialize
                0x9d002814       0x14 build/default/production/_ext/1060865150/sys_devcon.o
                0x9d002814                SYS_DEVCON_Initialize

.text.SYS_CLK_SystemFrequencyGet
                0x9d002828        0xc
 .text.SYS_CLK_SystemFrequencyGet
                0x9d002828        0xc build/default/production/_ext/639803181/sys_clk_static.o
                0x9d002828                SYS_CLK_SystemFrequencyGet

.text.SYS_CLK_PeripheralFrequencyGet
                0x9d002834        0xc
 .text.SYS_CLK_PeripheralFrequencyGet
                0x9d002834        0xc build/default/production/_ext/639803181/sys_clk_static.o
                0x9d002834                SYS_CLK_PeripheralFrequencyGet

.text.SYS_DEVCON_Tasks
                0x9d002840        0x8
 .text.SYS_DEVCON_Tasks
                0x9d002840        0x8 build/default/production/_ext/1060865150/sys_devcon.o
                0x9d002840                SYS_DEVCON_Tasks

.rodata         0x9d002848        0x8
 .rodata        0x9d002848        0x8 build/default/production/_ext/1410081138/sys_tmr.o

.text._on_reset
                0x9d002850        0x8
 .text._on_reset
                0x9d002850        0x8 d:/programme/microchip/xc32/v1.40/bin/bin/../../lib/gcc/pic32mx/4.8.3/../../../../pic32mx/lib\libpic32.a(default-on-reset.o)
                0x9d002850                _on_reset

.text._on_bootstrap
                0x9d002858        0x8
 .text._on_bootstrap
                0x9d002858        0x8 d:/programme/microchip/xc32/v1.40/bin/bin/../../lib/gcc/pic32mx/4.8.3/../../../../pic32mx/lib\libpic32.a(default-on-bootstrap.o)
                0x9d002858                _on_bootstrap
