Archive member included because of file (symbol)

..\..\..\..\..\Programme\Microchip\harmony\v1_06_01\bin\framework\peripheral\PIC32MX150F128B_peripherals.a(peripheral.o)
                              build/default/production/_ext/1060865150/sys_devcon_pic32mx.o (PLIB_BMX_ExistsDataRamWaitState)

Optional file libmchp_peripheral.a not found

Optional file libmchp_peripheral_32MX150F128B.a not found
d:/programme/microchip/xc32/v1.40/bin/bin/../../lib/gcc/pic32mx/4.8.3\libgcc.a(_udivdi3.o)
                              build/default/production/_ext/1410081138/sys_tmr.o (__udivdi3)
d:/programme/microchip/xc32/v1.40/bin/bin/../../lib/gcc/pic32mx/4.8.3\libgcc.a(floatunsisf.o)
                              ..\..\..\..\..\Programme\Microchip\harmony\v1_06_01\bin\framework\peripheral\PIC32MX150F128B_peripherals.a(peripheral.o) (__floatunsisf)
d:/programme/microchip/xc32/v1.40/bin/bin/../../lib/gcc/pic32mx/4.8.3/../../../../pic32mx/lib\libpic32.a(memcpy.o)
                              build/default/production/_ext/454928207/drv_ledstrip.o (memcpy)
d:/programme/microchip/xc32/v1.40/bin/bin/../../lib/gcc/pic32mx/4.8.3/../../../../pic32mx/lib\libpic32.a(memset.o)
                              build/default/production/_ext/410460599/drv_tmr.o (memset)
d:/programme/microchip/xc32/v1.40/bin/bin/../../lib/gcc/pic32mx/4.8.3/../../../../pic32mx/lib\libpic32.a(default-bootstrap-exception-handler.o)
                              d:/programme/microchip/xc32/v1.40/bin/bin/../../lib/gcc/pic32mx/4.8.3/../../../../pic32mx/lib/./proc/32MX150F128B/crt0_mips32r2.o (_bootstrap_exception_handler)
d:/programme/microchip/xc32/v1.40/bin/bin/../../lib/gcc/pic32mx/4.8.3/../../../../pic32mx/lib\libpic32.a(default-on-reset.o)
                              d:/programme/microchip/xc32/v1.40/bin/bin/../../lib/gcc/pic32mx/4.8.3/../../../../pic32mx/lib/./proc/32MX150F128B/crt0_mips32r2.o (_on_reset)
d:/programme/microchip/xc32/v1.40/bin/bin/../../lib/gcc/pic32mx/4.8.3/../../../../pic32mx/lib\libpic32.a(default-on-bootstrap.o)
                              d:/programme/microchip/xc32/v1.40/bin/bin/../../lib/gcc/pic32mx/4.8.3/../../../../pic32mx/lib/./proc/32MX150F128B/crt0_mips32r2.o (_on_bootstrap)
d:/programme/microchip/xc32/v1.40/bin/bin/../../lib/gcc/pic32mx/4.8.3/../../../../pic32mx/lib\libpic32.a(default-nmi-handler.o)
                              d:/programme/microchip/xc32/v1.40/bin/bin/../../lib/gcc/pic32mx/4.8.3/../../../../pic32mx/lib/./proc/32MX150F128B/crt0_mips32r2.o (_nmi_handler)
d:/programme/microchip/xc32/v1.40/bin/bin/../../lib/gcc/pic32mx/4.8.3/../../../../pic32mx/lib\libpic32.a(general-exception.o)
                              d:/programme/microchip/xc32/v1.40/bin/bin/../../lib/gcc/pic32mx/4.8.3/../../../../pic32mx/lib/./proc/32MX150F128B/crt0_mips32r2.o (_general_exception_context)
d:/programme/microchip/xc32/v1.40/bin/bin/../../lib/gcc/pic32mx/4.8.3/../../../../pic32mx/lib\libpic32.a(vector0.o)
                              d:/programme/microchip/xc32/v1.40/bin/bin/../../lib/gcc/pic32mx/4.8.3/../../../../pic32mx/lib/./proc/32MX150F128B\default_isr_vectors.o (__vector_dispatch_0)
d:/programme/microchip/xc32/v1.40/bin/bin/../../lib/gcc/pic32mx/4.8.3/../../../../pic32mx/lib\libpic32.a(vector1.o)
                              d:/programme/microchip/xc32/v1.40/bin/bin/../../lib/gcc/pic32mx/4.8.3/../../../../pic32mx/lib/./proc/32MX150F128B\default_isr_vectors.o (__vector_dispatch_1)
d:/programme/microchip/xc32/v1.40/bin/bin/../../lib/gcc/pic32mx/4.8.3/../../../../pic32mx/lib\libpic32.a(vector2.o)
                              d:/programme/microchip/xc32/v1.40/bin/bin/../../lib/gcc/pic32mx/4.8.3/../../../../pic32mx/lib/./proc/32MX150F128B\default_isr_vectors.o (__vector_dispatch_2)
d:/programme/microchip/xc32/v1.40/bin/bin/../../lib/gcc/pic32mx/4.8.3/../../../../pic32mx/lib\libpic32.a(vector3.o)
                              d:/programme/microchip/xc32/v1.40/bin/bin/../../lib/gcc/pic32mx/4.8.3/../../../../pic32mx/lib/./proc/32MX150F128B\default_isr_vectors.o (__vector_dispatch_3)
d:/programme/microchip/xc32/v1.40/bin/bin/../../lib/gcc/pic32mx/4.8.3/../../../../pic32mx/lib\libpic32.a(vector4.o)
                              d:/programme/microchip/xc32/v1.40/bin/bin/../../lib/gcc/pic32mx/4.8.3/../../../../pic32mx/lib/./proc/32MX150F128B\default_isr_vectors.o (__vector_dispatch_4)
d:/programme/microchip/xc32/v1.40/bin/bin/../../lib/gcc/pic32mx/4.8.3/../../../../pic32mx/lib\libpic32.a(vector5.o)
                              d:/programme/microchip/xc32/v1.40/bin/bin/../../lib/gcc/pic32mx/4.8.3/../../../../pic32mx/lib/./proc/32MX150F128B\default_isr_vectors.o (__vector_dispatch_5)
d:/programme/microchip/xc32/v1.40/bin/bin/../../lib/gcc/pic32mx/4.8.3/../../../../pic32mx/lib\libpic32.a(vector6.o)
                              d:/programme/microchip/xc32/v1.40/bin/bin/../../lib/gcc/pic32mx/4.8.3/../../../../pic32mx/lib/./proc/32MX150F128B\default_isr_vectors.o (__vector_dispatch_6)
[...]
Memory Configuration

Name             Origin             Length             Attributes
kseg0_program_mem 0x9d000000         0x0001f000         xr
exception_mem    0x9d01f000         0x00001000
debug_exec_mem   0x9fc00490         0x00000760
kseg0_boot_mem   0x9fc00490         0x00000000
kseg1_boot_mem   0xbfc00000         0x00000490
config3          0xbfc00bf0         0x00000004
config2          0xbfc00bf4         0x00000004
config1          0xbfc00bf8         0x00000004
config0          0xbfc00bfc         0x00000004
kseg1_data_mem   0xa0000000         0x00008000         w !x
sfrs             0xbf800000         0x00100000
configsfrs       0xbfc00bf0         0x00000010
*default*        0x00000000         0xffffffff

Linker script and memory map

LOAD d:/programme/microchip/xc32/v1.40/bin/bin/../../lib/gcc/pic32mx/4.8.3/../../../../pic32mx/lib/./proc/32MX150F128B/crt0_mips32r2.o
LOAD d:/programme/microchip/xc32/v1.40/bin/bin/../../lib/gcc/pic32mx/4.8.3/../../../../pic32mx/lib\debug-exception-return.o
LOAD build/default/production/_ext/454928207/drv_ledstrip.o
LOAD build/default/production/_ext/1360937237/app.o
LOAD build/default/production/_ext/1360937237/main.o
LOAD build/default/production/_ext/410460599/drv_tmr.o
LOAD build/default/production/_ext/1060865150/sys_devcon.o
LOAD build/default/production/_ext/1060865150/sys_devcon_pic32mx.o
LOAD build/default/production/_ext/1742756452/sys_int_pic32.o
LOAD build/default/production/_ext/1925662983/sys_ports.o
LOAD build/default/production/_ext/1410081138/sys_tmr.o
LOAD build/default/production/_ext/639803181/sys_clk_static.o
LOAD build/default/production/_ext/822048611/sys_ports_static.o
LOAD build/default/production/_ext/1688732426/system_init.o
LOAD build/default/production/_ext/1688732426/system_interrupt.o
LOAD build/default/production/_ext/1688732426/system_exceptions.o
LOAD build/default/production/_ext/1688732426/system_tasks.o
LOAD ..\..\..\..\..\Programme\Microchip\harmony\v1_06_01\bin\framework\peripheral\PIC32MX150F128B_peripherals.a
                0x00000001                __MPLAB_BUILD = 0x1
                0x00000000                _min_heap_size = 0x0
LOAD d:/programme/microchip/xc32/v1.40/bin/bin/../../lib/gcc/pic32mx/4.8.3/../../../../pic32mx/lib/./proc/32MX150F128B\default_isr_vectors.o
LOAD d:/programme/microchip/xc32/v1.40/bin/bin/../../lib/gcc/pic32mx/4.8.3/../../../../pic32mx/lib\pic32_software_reset.o
                0x00000400                PROVIDE (_min_stack_size, 0x400)
LOAD d:/programme/microchip/xc32/v1.40/bin/bin/../../lib/gcc/pic32mx/4.8.3/../../../../pic32mx/lib/./proc/32MX150F128B\processor.o
START GROUP
LOAD libmchp_peripheral.a
END GROUP
START GROUP
LOAD libmchp_peripheral_32MX150F128B.a
END GROUP
                0x00000001                PROVIDE (_vector_spacing, 0x1)
                0x9d01f000                _ebase_address = 0x9d01f000
                0xbfc00000                _RESET_ADDR = 0xbfc00000
                0xbfc00380                _BEV_EXCPT_ADDR = 0xbfc00380
                0xbfc00480                _DBG_EXCPT_ADDR = 0xbfc00480
                0x9fc00490                _DBG_CODE_ADDR = 0x9fc00490
                0x00000760                _DBG_CODE_SIZE = 0x760
                0x9d01f180                _GEN_EXCPT_ADDR = (_ebase_address + 0x180)

.config_BFC00BF0
                0xbfc00bf0        0x4
 *(.config_BFC00BF0)
 .config_BFC00BF0
                0xbfc00bf0        0x4 build/default/production/_ext/1688732426/system_init.o

.config_BFC00BF4
                0xbfc00bf4        0x4
 *(.config_BFC00BF4)
 .config_BFC00BF4
                0xbfc00bf4        0x4 build/default/production/_ext/1688732426/system_init.o

.config_BFC00BF8
                0xbfc00bf8        0x4
 *(.config_BFC00BF8)
 .config_BFC00BF8
                0xbfc00bf8        0x4 build/default/production/_ext/1688732426/system_init.o

.config_BFC00BFC
                0xbfc00bfc        0x4
 *(.config_BFC00BFC)
 .config_BFC00BFC
                0xbfc00bfc        0x4 build/default/production/_ext/1688732426/system_init.o
                0xbfc02000                PROVIDE (_DBG_CODE_ADDR, 0xbfc02000)
                0x00000ff0                PROVIDE (_DBG_CODE_SIZE, 0xff0)

.reset          0xbfc00000      0x1d0
 *(.reset)
 .reset         0xbfc00000        0x8 d:/programme/microchip/xc32/v1.40/bin/bin/../../lib/gcc/pic32mx/4.8.3/../../../../pic32mx/lib/./proc/32MX150F128B/crt0_mips32r2.o
                0xbfc00000                _reset
 *(.reset.startup)
 .reset.startup
                0xbfc00008      0x1c8 d:/programme/microchip/xc32/v1.40/bin/bin/../../lib/gcc/pic32mx/4.8.3/../../../../pic32mx/lib/./proc/32MX150F128B/crt0_mips32r2.o

.bev_excpt      0xbfc00380       0x10
 *(.bev_handler)
 .bev_handler   0xbfc00380       0x10 d:/programme/microchip/xc32/v1.40/bin/bin/../../lib/gcc/pic32mx/4.8.3/../../../../pic32mx/lib/./proc/32MX150F128B/crt0_mips32r2.o

.dbg_excpt      0xbfc00480        0x0
                0xbfc00480                . = (. + DEFINED (_DEBUGGER)?0x8:0x0)

.dbg_code       0x9fc00490        0x0
                0x9fc00490                . = (. + DEFINED (_DEBUGGER)?_DBG_CODE_SIZE:0x0)

.app_excpt      0x9d01f180       0x10
 *(.gen_handler)
 .gen_handler   0x9d01f180       0x10 d:/programme/microchip/xc32/v1.40/bin/bin/../../lib/gcc/pic32mx/4.8.3/../../../../pic32mx/lib/./proc/32MX150F128B/crt0_mips32r2.o

.vector_0       0x9d01f200        0x8
 *(.vector_0)
 .vector_0      0x9d01f200        0x8 d:/programme/microchip/xc32/v1.40/bin/bin/../../lib/gcc/pic32mx/4.8.3/../../../../pic32mx/lib\libpic32.a(vector0.o)
                0x9d01f200                __vector_dispatch_0
                0x00000001                ASSERT (((_vector_spacing == 0x0) || (SIZEOF (.vector_0) <= (_vector_spacing << 0x5))), function at exception vector 0 too large)

.vector_1       0x9d01f220        0x8
 *(.vector_1)
 .vector_1      0x9d01f220        0x8 d:/programme/microchip/xc32/v1.40/bin/bin/../../lib/gcc/pic32mx/4.8.3/../../../../pic32mx/lib\libpic32.a(vector1.o)
                0x9d01f220                __vector_dispatch_1
                0x00000001                ASSERT (((_vector_spacing == 0x0) || (SIZEOF (.vector_1) <= (_vector_spacing << 0x5))), function at exception vector 1 too large)

.vector_2       0x9d01f240        0x8
 *(.vector_2)
 .vector_2      0x9d01f240        0x8 d:/programme/microchip/xc32/v1.40/bin/bin/../../lib/gcc/pic32mx/4.8.3/../../../../pic32mx/lib\libpic32.a(vector2.o)
                0x9d01f240                __vector_dispatch_2
                0x00000001                ASSERT (((_vector_spacing == 0x0) || (SIZEOF (.vector_2) <= (_vector_spacing << 0x5))), function at exception vector 2 too large)

.vector_3       0x9d01f260        0x8
 *(.vector_3)
 .vector_3      0x9d01f260        0x8 d:/programme/microchip/xc32/v1.40/bin/bin/../../lib/gcc/pic32mx/4.8.3/../../../../pic32mx/lib\libpic32.a(vector3.o)
                0x9d01f260                __vector_dispatch_3
                0x00000001                ASSERT (((_vector_spacing == 0x0) || (SIZEOF (.vector_3) <= (_vector_spacing << 0x5))), function at exception vector 3 too large)

.vector_4       0x9d01f280        0x8
 *(.vector_4)
 .vector_4      0x9d01f280        0x8 d:/programme/microchip/xc32/v1.40/bin/bin/../../lib/gcc/pic32mx/4.8.3/../../../../pic32mx/lib\libpic32.a(vector4.o)
                0x9d01f280                __vector_dispatch_4
                0x00000001                ASSERT (((_vector_spacing == 0x0) || (SIZEOF (.vector_4) <= (_vector_spacing << 0x5))), function at exception vector 4 too large)

.vector_5       0x9d01f2a0        0x8
 *(.vector_5)
 .vector_5      0x9d01f2a0        0x8 d:/programme/microchip/xc32/v1.40/bin/bin/../../lib/gcc/pic32mx/4.8.3/../../../../pic32mx/lib\libpic32.a(vector5.o)
                0x9d01f2a0                __vector_dispatch_5
                0x00000001                ASSERT (((_vector_spacing == 0x0) || (SIZEOF (.vector_5) <= (_vector_spacing << 0x5))), function at exception vector 5 too large)

.vector_6       0x9d01f2c0        0x8
 *(.vector_6)
 .vector_6      0x9d01f2c0        0x8 d:/programme/microchip/xc32/v1.40/bin/bin/../../lib/gcc/pic32mx/4.8.3/../../../../pic32mx/lib\libpic32.a(vector6.o)
                0x9d01f2c0                __vector_dispatch_6
                0x00000001                ASSERT (((_vector_spacing == 0x0) || (SIZEOF (.vector_6) <= (_vector_spacing << 0x5))), function at exception vector 6 too large)

.vector_7       0x9d01f2e0        0x8
 *(.vector_7)
 .vector_7      0x9d01f2e0        0x8 d:/programme/microchip/xc32/v1.40/bin/bin/../../lib/gcc/pic32mx/4.8.3/../../../../pic32mx/lib\libpic32.a(vector7.o)
                0x9d01f2e0                __vector_dispatch_7
                0x00000001                ASSERT (((_vector_spacing == 0x0) || (SIZEOF (.vector_7) <= (_vector_spacing << 0x5))), function at exception vector 7 too large)

.vector_8       0x9d01f300        0x8
 *(.vector_8)
 .vector_8      0x9d01f300        0x8 d:/programme/microchip/xc32/v1.40/bin/bin/../../lib/gcc/pic32mx/4.8.3/../../../../pic32mx/lib\libpic32.a(vector8.o)
                0x9d01f300                __vector_dispatch_8
                0x00000001                ASSERT (((_vector_spacing == 0x0) || (SIZEOF (.vector_8) <= (_vector_spacing << 0x5))), function at exception vector 8 too large)

.vector_9       0x9d01f320        0x8
 *(.vector_9)
 .vector_9      0x9d01f320        0x8 d:/programme/microchip/xc32/v1.40/bin/bin/../../lib/gcc/pic32mx/4.8.3/../../../../pic32mx/lib\libpic32.a(vector9.o)
                0x9d01f320                __vector_dispatch_9
                0x00000001                ASSERT (((_vector_spacing == 0x0) || (SIZEOF (.vector_9) <= (_vector_spacing << 0x5))), function at exception vector 9 too large)

.vector_10      0x9d01f340        0x8
 *(.vector_10)
 .vector_10     0x9d01f340        0x8 d:/programme/microchip/xc32/v1.40/bin/bin/../../lib/gcc/pic32mx/4.8.3/../../../../pic32mx/lib\libpic32.a(vector10.o)
                0x9d01f340                __vector_dispatch_10
                0x00000001                ASSERT (((_vector_spacing == 0x0) || (SIZEOF (.vector_10) <= (_vector_spacing << 0x5))), function at exception vector 10 too large)

.vector_11      0x9d01f360        0x8
 *(.vector_11)
 .vector_11     0x9d01f360        0x8 d:/programme/microchip/xc32/v1.40/bin/bin/../../lib/gcc/pic32mx/4.8.3/../../../../pic32mx/lib\libpic32.a(vector11.o)
                0x9d01f360                __vector_dispatch_11
                0x00000001                ASSERT (((_vector_spacing == 0x0) || (SIZEOF (.vector_11) <= (_vector_spacing << 0x5))), function at exception vector 11 too large)

.vector_12      0x9d01f380        0x8
 *(.vector_12)
 .vector_12     0x9d01f380        0x8 d:/programme/microchip/xc32/v1.40/bin/bin/../../lib/gcc/pic32mx/4.8.3/../../../../pic32mx/lib\libpic32.a(vector12.o)
                0x9d01f380                __vector_dispatch_12
                0x00000001                ASSERT (((_vector_spacing == 0x0) || (SIZEOF (.vector_12) <= (_vector_spacing << 0x5))), function at exception vector 12 too large)

.vector_13      0x9d01f3a0        0x8
 *(.vector_13)
 .vector_13     0x9d01f3a0        0x8 d:/programme/microchip/xc32/v1.40/bin/bin/../../lib/gcc/pic32mx/4.8.3/../../../../pic32mx/lib\libpic32.a(vector13.o)
                0x9d01f3a0                __vector_dispatch_13
                0x00000001                ASSERT (((_vector_spacing == 0x0) || (SIZEOF (.vector_13) <= (_vector_spacing << 0x5))), function at exception vector 13 too large)

.vector_14      0x9d01f3c0        0x8
 *(.vector_14)
 .vector_14     0x9d01f3c0        0x8 d:/programme/microchip/xc32/v1.40/bin/bin/../../lib/gcc/pic32mx/4.8.3/../../../../pic32mx/lib\libpic32.a(vector14.o)
                0x9d01f3c0                __vector_dispatch_14
                0x00000001                ASSERT (((_vector_spacing == 0x0) || (SIZEOF (.vector_14) <= (_vector_spacing << 0x5))), function at exception vector 14 too large)

.vector_15      0x9d01f3e0        0x8
 *(.vector_15)
 .vector_15     0x9d01f3e0        0x8 d:/programme/microchip/xc32/v1.40/bin/bin/../../lib/gcc/pic32mx/4.8.3/../../../../pic32mx/lib\libpic32.a(vector15.o)
                0x9d01f3e0                __vector_dispatch_15
                0x00000001                ASSERT (((_vector_spacing == 0x0) || (SIZEOF (.vector_15) <= (_vector_spacing << 0x5))), function at exception vector 15 too large)

.vector_16      0x9d01f400        0x8
 *(.vector_16)
 .vector_16     0x9d01f400        0x8 d:/programme/microchip/xc32/v1.40/bin/bin/../../lib/gcc/pic32mx/4.8.3/../../../../pic32mx/lib\libpic32.a(vector16.o)
                0x9d01f400                __vector_dispatch_16
                0x00000001                ASSERT (((_vector_spacing == 0x0) || (SIZEOF (.vector_16) <= (_vector_spacing << 0x5))), function at exception vector 16 too large)

.vector_17      0x9d01f420        0x8
 *(.vector_17)
 .vector_17     0x9d01f420        0x8 d:/programme/microchip/xc32/v1.40/bin/bin/../../lib/gcc/pic32mx/4.8.3/../../../../pic32mx/lib\libpic32.a(vector17.o)
                0x9d01f420                __vector_dispatch_17
                0x00000001                ASSERT (((_vector_spacing == 0x0) || (SIZEOF (.vector_17) <= (_vector_spacing << 0x5))), function at exception vector 17 too large)

.vector_18      0x9d01f440        0x8
 *(.vector_18)
 .vector_18     0x9d01f440        0x8 d:/programme/microchip/xc32/v1.40/bin/bin/../../lib/gcc/pic32mx/4.8.3/../../../../pic32mx/lib\libpic32.a(vector18.o)
                0x9d01f440                __vector_dispatch_18
                0x00000001                ASSERT (((_vector_spacing == 0x0) || (SIZEOF (.vector_18) <= (_vector_spacing << 0x5))), function at exception vector 18 too large)

.vector_19      0x9d01f460        0x8
 *(.vector_19)
 .vector_19     0x9d01f460        0x8 d:/programme/microchip/xc32/v1.40/bin/bin/../../lib/gcc/pic32mx/4.8.3/../../../../pic32mx/lib\libpic32.a(vector19.o)
                0x9d01f460                __vector_dispatch_19
                0x00000001                ASSERT (((_vector_spacing == 0x0) || (SIZEOF (.vector_19) <= (_vector_spacing << 0x5))), function at exception vector 19 too large)

.vector_20      0x9d01f480        0x8
 *(.vector_20)
 .vector_20     0x9d01f480        0x8 d:/programme/microchip/xc32/v1.40/bin/bin/../../lib/gcc/pic32mx/4.8.3/../../../../pic32mx/lib\libpic32.a(vector20.o)
                0x9d01f480                __vector_dispatch_20
                0x00000001                ASSERT (((_vector_spacing == 0x0) || (SIZEOF (.vector_20) <= (_vector_spacing << 0x5))), function at exception vector 20 too large)

.vector_21      0x9d01f4a0        0x8
 *(.vector_21)
 .vector_21     0x9d01f4a0        0x8 d:/programme/microchip/xc32/v1.40/bin/bin/../../lib/gcc/pic32mx/4.8.3/../../../../pic32mx/lib\libpic32.a(vector21.o)
                0x9d01f4a0                __vector_dispatch_21
                0x00000001                ASSERT (((_vector_spacing == 0x0) || (SIZEOF (.vector_21) <= (_vector_spacing << 0x5))), function at exception vector 21 too large)

.vector_22      0x9d01f4c0        0x8
 *(.vector_22)
 .vector_22     0x9d01f4c0        0x8 d:/programme/microchip/xc32/v1.40/bin/bin/../../lib/gcc/pic32mx/4.8.3/../../../../pic32mx/lib\libpic32.a(vector22.o)
                0x9d01f4c0                __vector_dispatch_22
                0x00000001                ASSERT (((_vector_spacing == 0x0) || (SIZEOF (.vector_22) <= (_vector_spacing << 0x5))), function at exception vector 22 too large)

.vector_23      0x9d01f4e0        0x8
 *(.vector_23)
 .vector_23     0x9d01f4e0        0x8 d:/programme/microchip/xc32/v1.40/bin/bin/../../lib/gcc/pic32mx/4.8.3/../../../../pic32mx/lib\libpic32.a(vector23.o)
                0x9d01f4e0                __vector_dispatch_23
                0x00000001                ASSERT (((_vector_spacing == 0x0) || (SIZEOF (.vector_23) <= (_vector_spacing << 0x5))), function at exception vector 23 too large)

.vector_24      0x9d01f500        0x8
 *(.vector_24)
 .vector_24     0x9d01f500        0x8 d:/programme/microchip/xc32/v1.40/bin/bin/../../lib/gcc/pic32mx/4.8.3/../../../../pic32mx/lib\libpic32.a(vector24.o)
                0x9d01f500                __vector_dispatch_24
                0x00000001                ASSERT (((_vector_spacing == 0x0) || (SIZEOF (.vector_24) <= (_vector_spacing << 0x5))), function at exception vector 24 too large)

.vector_25      0x9d01f520        0x8
 *(.vector_25)
 .vector_25     0x9d01f520        0x8 d:/programme/microchip/xc32/v1.40/bin/bin/../../lib/gcc/pic32mx/4.8.3/../../../../pic32mx/lib\libpic32.a(vector25.o)
                0x9d01f520                __vector_dispatch_25
                0x00000001                ASSERT (((_vector_spacing == 0x0) || (SIZEOF (.vector_25) <= (_vector_spacing << 0x5))), function at exception vector 25 too large)

.vector_26      0x9d01f540        0x8
 *(.vector_26)
 .vector_26     0x9d01f540        0x8 d:/programme/microchip/xc32/v1.40/bin/bin/../../lib/gcc/pic32mx/4.8.3/../../../../pic32mx/lib\libpic32.a(vector26.o)
                0x9d01f540                __vector_dispatch_26
                0x00000001                ASSERT (((_vector_spacing == 0x0) || (SIZEOF (.vector_26) <= (_vector_spacing << 0x5))), function at exception vector 26 too large)

.vector_27      0x9d01f560        0x8
 *(.vector_27)
 .vector_27     0x9d01f560        0x8 d:/programme/microchip/xc32/v1.40/bin/bin/../../lib/gcc/pic32mx/4.8.3/../../../../pic32mx/lib\libpic32.a(vector27.o)
                0x9d01f560                __vector_dispatch_27
                0x00000001                ASSERT (((_vector_spacing == 0x0) || (SIZEOF (.vector_27) <= (_vector_spacing << 0x5))), function at exception vector 27 too large)

.vector_28      0x9d01f580        0x8
 *(.vector_28)
 .vector_28     0x9d01f580        0x8 d:/programme/microchip/xc32/v1.40/bin/bin/../../lib/gcc/pic32mx/4.8.3/../../../../pic32mx/lib\libpic32.a(vector28.o)
                0x9d01f580                __vector_dispatch_28
                0x00000001                ASSERT (((_vector_spacing == 0x0) || (SIZEOF (.vector_28) <= (_vector_spacing << 0x5))), function at exception vector 28 too large)

.vector_29      0x9d01f5a0        0x8
 *(.vector_29)
 .vector_29     0x9d01f5a0        0x8 d:/programme/microchip/xc32/v1.40/bin/bin/../../lib/gcc/pic32mx/4.8.3/../../../../pic32mx/lib\libpic32.a(vector29.o)
                0x9d01f5a0                __vector_dispatch_29
                0x00000001                ASSERT (((_vector_spacing == 0x0) || (SIZEOF (.vector_29) <= (_vector_spacing << 0x5))), function at exception vector 29 too large)

.vector_30      0x9d01f5c0        0x8
 *(.vector_30)
 .vector_30     0x9d01f5c0        0x8 d:/programme/microchip/xc32/v1.40/bin/bin/../../lib/gcc/pic32mx/4.8.3/../../../../pic32mx/lib\libpic32.a(vector30.o)
                0x9d01f5c0                __vector_dispatch_30
                0x00000001                ASSERT (((_vector_spacing == 0x0) || (SIZEOF (.vector_30) <= (_vector_spacing << 0x5))), function at exception vector 30 too large)

.vector_31      0x9d01f5e0        0x8
 *(.vector_31)
 .vector_31     0x9d01f5e0        0x8 d:/programme/microchip/xc32/v1.40/bin/bin/../../lib/gcc/pic32mx/4.8.3/../../../../pic32mx/lib\libpic32.a(vector31.o)
                0x9d01f5e0                __vector_dispatch_31
                0x00000001                ASSERT (((_vector_spacing == 0x0) || (SIZEOF (.vector_31) <= (_vector_spacing << 0x5))), function at exception vector 31 too large)

.vector_32      0x9d01f600        0x8
 *(.vector_32)
 .vector_32     0x9d01f600        0x8 d:/programme/microchip/xc32/v1.40/bin/bin/../../lib/gcc/pic32mx/4.8.3/../../../../pic32mx/lib\libpic32.a(vector32.o)
                0x9d01f600                __vector_dispatch_32
                0x00000001                ASSERT (((_vector_spacing == 0x0) || (SIZEOF (.vector_32) <= (_vector_spacing << 0x5))), function at exception vector 32 too large)

.vector_33      0x9d01f620        0x8
 *(.vector_33)
 .vector_33     0x9d01f620        0x8 d:/programme/microchip/xc32/v1.40/bin/bin/../../lib/gcc/pic32mx/4.8.3/../../../../pic32mx/lib\libpic32.a(vector33.o)
                0x9d01f620                __vector_dispatch_33
                0x00000001                ASSERT (((_vector_spacing == 0x0) || (SIZEOF (.vector_33) <= (_vector_spacing << 0x5))), function at exception vector 33 too large)

.vector_34      0x9d01f640        0x8
 *(.vector_34)
 .vector_34     0x9d01f640        0x8 d:/programme/microchip/xc32/v1.40/bin/bin/../../lib/gcc/pic32mx/4.8.3/../../../../pic32mx/lib\libpic32.a(vector34.o)
                0x9d01f640                __vector_dispatch_34
                0x00000001                ASSERT (((_vector_spacing == 0x0) || (SIZEOF (.vector_34) <= (_vector_spacing << 0x5))), function at exception vector 34 too large)

.vector_35      0x9d01f660        0x8
 *(.vector_35)
 .vector_35     0x9d01f660        0x8 d:/programme/microchip/xc32/v1.40/bin/bin/../../lib/gcc/pic32mx/4.8.3/../../../../pic32mx/lib\libpic32.a(vector35.o)
                0x9d01f660                __vector_dispatch_35
                0x00000001                ASSERT (((_vector_spacing == 0x0) || (SIZEOF (.vector_35) <= (_vector_spacing << 0x5))), function at exception vector 35 too large)

.vector_36      0x9d01f680        0x8
 *(.vector_36)
 .vector_36     0x9d01f680        0x8 d:/programme/microchip/xc32/v1.40/bin/bin/../../lib/gcc/pic32mx/4.8.3/../../../../pic32mx/lib\libpic32.a(vector36.o)
                0x9d01f680                __vector_dispatch_36
                0x00000001                ASSERT (((_vector_spacing == 0x0) || (SIZEOF (.vector_36) <= (_vector_spacing << 0x5))), function at exception vector 36 too large)

.vector_37      0x9d01f6a0        0x8
 *(.vector_37)
 .vector_37     0x9d01f6a0        0x8 d:/programme/microchip/xc32/v1.40/bin/bin/../../lib/gcc/pic32mx/4.8.3/../../../../pic32mx/lib\libpic32.a(vector37.o)
                0x9d01f6a0                __vector_dispatch_37
                0x00000001                ASSERT (((_vector_spacing == 0x0) || (SIZEOF (.vector_37) <= (_vector_spacing << 0x5))), function at exception vector 37 too large)

.vector_38      0x9d01f6c0        0x8
 *(.vector_38)
 .vector_38     0x9d01f6c0        0x8 d:/programme/microchip/xc32/v1.40/bin/bin/../../lib/gcc/pic32mx/4.8.3/../../../../pic32mx/lib\libpic32.a(vector38.o)
                0x9d01f6c0                __vector_dispatch_38
                0x00000001                ASSERT (((_vector_spacing == 0x0) || (SIZEOF (.vector_38) <= (_vector_spacing << 0x5))), function at exception vector 38 too large)

.vector_39      0x9d01f6e0        0x8
 *(.vector_39)
 .vector_39     0x9d01f6e0        0x8 d:/programme/microchip/xc32/v1.40/bin/bin/../../lib/gcc/pic32mx/4.8.3/../../../../pic32mx/lib\libpic32.a(vector39.o)
                0x9d01f6e0                __vector_dispatch_39
                0x00000001                ASSERT (((_vector_spacing == 0x0) || (SIZEOF (.vector_39) <= (_vector_spacing << 0x5))), function at exception vector 39 too large)

.vector_40      0x9d01f700        0x8
 *(.vector_40)
 .vector_40     0x9d01f700        0x8 d:/programme/microchip/xc32/v1.40/bin/bin/../../lib/gcc/pic32mx/4.8.3/../../../../pic32mx/lib\libpic32.a(vector40.o)
                0x9d01f700                __vector_dispatch_40
                0x00000001                ASSERT (((_vector_spacing == 0x0) || (SIZEOF (.vector_40) <= (_vector_spacing << 0x5))), function at exception vector 40 too large)

.vector_41      0x9d01f720        0x8
 *(.vector_41)
 .vector_41     0x9d01f720        0x8 d:/programme/microchip/xc32/v1.40/bin/bin/../../lib/gcc/pic32mx/4.8.3/../../../../pic32mx/lib\libpic32.a(vector41.o)
                0x9d01f720                __vector_dispatch_41
                0x00000001                ASSERT (((_vector_spacing == 0x0) || (SIZEOF (.vector_41) <= (_vector_spacing << 0x5))), function at exception vector 41 too large)

.vector_42      0x9d01f740        0x8
 *(.vector_42)
 .vector_42     0x9d01f740        0x8 d:/programme/microchip/xc32/v1.40/bin/bin/../../lib/gcc/pic32mx/4.8.3/../../../../pic32mx/lib\libpic32.a(vector42.o)
                0x9d01f740                __vector_dispatch_42
                0x00000001                ASSERT (((_vector_spacing == 0x0) || (SIZEOF (.vector_42) <= (_vector_spacing << 0x5))), function at exception vector 42 too large)

.vector_43      0x9d01f760        0x8
 *(.vector_43)
 .vector_43     0x9d01f760        0x8 d:/programme/microchip/xc32/v1.40/bin/bin/../../lib/gcc/pic32mx/4.8.3/../../../../pic32mx/lib\libpic32.a(vector43.o)
                0x9d01f760                __vector_dispatch_43
                0x00000001                ASSERT (((_vector_spacing == 0x0) || (SIZEOF (.vector_43) <= (_vector_spacing << 0x5))), function at exception vector 43 too large)

.vector_44      0x9d01f780        0x0
 *(.vector_44)
                0x00000001                ASSERT (((_vector_spacing == 0x0) || (SIZEOF (.vector_44) <= (_vector_spacing << 0x5))), function at exception vector 44 too large)

.vector_45      0x9d01f7a0        0x0
 *(.vector_45)
                0x00000001                ASSERT (((_vector_spacing == 0x0) || (SIZEOF (.vector_45) <= (_vector_spacing << 0x5))), function at exception vector 45 too large)

.vector_46      0x9d01f7c0        0x0
 *(.vector_46)
                0x00000001                ASSERT (((_vector_spacing == 0x0) || (SIZEOF (.vector_46) <= (_vector_spacing << 0x5))), function at exception vector 46 too large)

.vector_47      0x9d01f7e0        0x0
 *(.vector_47)
                0x00000001                ASSERT (((_vector_spacing == 0x0) || (SIZEOF (.vector_47) <= (_vector_spacing << 0x5))), function at exception vector 47 too large)

.vector_48      0x9d01f800        0x0
 *(.vector_48)
                0x00000001                ASSERT (((_vector_spacing == 0x0) || (SIZEOF (.vector_48) <= (_vector_spacing << 0x5))), function at exception vector 48 too large)

.vector_49      0x9d01f820        0x0
 *(.vector_49)
                0x00000001                ASSERT (((_vector_spacing == 0x0) || (SIZEOF (.vector_49) <= (_vector_spacing << 0x5))), function at exception vector 49 too large)

.vector_50      0x9d01f840        0x0
 *(.vector_50)
                0x00000001                ASSERT (((_vector_spacing == 0x0) || (SIZEOF (.vector_50) <= (_vector_spacing << 0x5))), function at exception vector 50 too large)

.vector_51      0x9d01f860        0x0
 *(.vector_51)
                0x00000001                ASSERT (((_vector_spacing == 0x0) || (SIZEOF (.vector_51) <= (_vector_spacing << 0x5))), function at exception vector 51 too large)

.vector_52      0x9d01f880        0x0
 *(.vector_52)
                0x00000001                ASSERT (((_vector_spacing == 0x0) || (SIZEOF (.vector_52) <= (_vector_spacing << 0x5))), function at exception vector 52 too large)

.vector_53      0x9d01f8a0        0x0
 *(.vector_53)
                0x00000001                ASSERT (((_vector_spacing == 0x0) || (SIZEOF (.vector_53) <= (_vector_spacing << 0x5))), function at exception vector 53 too large)

.vector_54      0x9d01f8c0        0x0
 *(.vector_54)
                0x00000001                ASSERT (((_vector_spacing == 0x0) || (SIZEOF (.vector_54) <= (_vector_spacing << 0x5))), function at exception vector 54 too large)

.vector_55      0x9d01f8e0        0x0
 *(.vector_55)
                0x00000001                ASSERT (((_vector_spacing == 0x0) || (SIZEOF (.vector_55) <= (_vector_spacing << 0x5))), function at exception vector 55 too large)

.vector_56      0x9d01f900        0x0
 *(.vector_56)
                0x00000001                ASSERT (((_vector_spacing == 0x0) || (SIZEOF (.vector_56) <= (_vector_spacing << 0x5))), function at exception vector 56 too large)

.vector_57      0x9d01f920        0x0
 *(.vector_57)
                0x00000001                ASSERT (((_vector_spacing == 0x0) || (SIZEOF (.vector_57) <= (_vector_spacing << 0x5))), function at exception vector 57 too large)

.vector_58      0x9d01f940        0x0
 *(.vector_58)
                0x00000001                ASSERT (((_vector_spacing == 0x0) || (SIZEOF (.vector_58) <= (_vector_spacing << 0x5))), function at exception vector 58 too large)

.vector_59      0x9d01f960        0x0
 *(.vector_59)
                0x00000001                ASSERT (((_vector_spacing == 0x0) || (SIZEOF (.vector_59) <= (_vector_spacing << 0x5))), function at exception vector 59 too large)

.vector_60      0x9d01f980        0x0
 *(.vector_60)
                0x00000001                ASSERT (((_vector_spacing == 0x0) || (SIZEOF (.vector_60) <= (_vector_spacing << 0x5))), function at exception vector 60 too large)

.vector_61      0x9d01f9a0        0x0
 *(.vector_61)
                0x00000001                ASSERT (((_vector_spacing == 0x0) || (SIZEOF (.vector_61) <= (_vector_spacing << 0x5))), function at exception vector 61 too large)

.vector_62      0x9d01f9c0        0x0
 *(.vector_62)
                0x00000001                ASSERT (((_vector_spacing == 0x0) || (SIZEOF (.vector_62) <= (_vector_spacing << 0x5))), function at exception vector 62 too large)

.vector_63      0x9d01f9e0        0x0
 *(.vector_63)
                0x00000001                ASSERT (((_vector_spacing == 0x0) || (SIZEOF (.vector_63) <= (_vector_spacing << 0x5))), function at exception vector 63 too large)

.startup
 *(.startup)

.text           0x9d000000        0x0
 *(.stub .gnu.linkonce.t.*)
 *(.text.*personality*)
 *(.mips16.fn.*)
 *(.mips16.call.*)
 *(.gnu.warning)
                0x9d000000                . = ALIGN (0x4)

.init           0x9d000000        0x0
 *crti.o(.init)
 *crtbegin.o(.init)
 *(EXCLUDE_FILE(*crtn.o *crtend?.o *crtend.o) .init)
 *crtend.o(.init)
 *crtn.o(.init)
                0x9d000000                . = ALIGN (0x4)

.fini           0x9d000000        0x0
 *(.fini)
                0x9d000000                . = ALIGN (0x4)

.preinit_array  0x9d000000        0x0
                0x9d000000                PROVIDE (__preinit_array_start, .)
 *(.preinit_array)
                0x9d000000                PROVIDE (__preinit_array_end, .)
                0x9d000000                . = ALIGN (0x4)

.init_array     0x9d000000        0x0
                0x9d000000                PROVIDE (__init_array_start, .)
 *(SORT(.init_array.*))
 *(.init_array)
                0x9d000000                PROVIDE (__init_array_end, .)
                0x9d000000                . = ALIGN (0x4)

.fini_array     0x9d000000        0x0
                0x9d000000                PROVIDE (__fini_array_start, .)
 *(SORT(.fini_array.*))
 *(.fini_array)
                0x9d000000                PROVIDE (__fini_array_end, .)
                0x9d000000                . = ALIGN (0x4)

.ctors          0x9d000000        0x0
 *crtbegin.o(.ctors)
 *crtbegin?.o(.ctors)
 *(EXCLUDE_FILE(*crtend?.o *crtend.o) .ctors)
 *(SORT(.ctors.*))
 *(.ctors)
                0x9d000000                . = ALIGN (0x4)

.dtors          0x9d000000        0x0
 *crtbegin.o(.dtors)
 *crtbegin?.o(.dtors)
 *(EXCLUDE_FILE(*crtend?.o *crtend.o) .dtors)
 *(SORT(.dtors.*))
 *(.dtors)
                0x9d000000                . = ALIGN (0x4)

.rodata         0x9d000000        0x0
 *(.gnu.linkonce.r.*)
 *(.rodata1)
                0x9d000000                . = ALIGN (0x4)

.sdata2         0x9fc00490        0x0
 *(.sdata2 .sdata2.* .gnu.linkonce.s2.*)
                0x9fc00490                . = ALIGN (0x4)

.sbss2          0x9fc00490        0x0
 *(.sbss2 .sbss2.* .gnu.linkonce.sb2.*)
                0x9fc00490                . = ALIGN (0x4)

.eh_frame_hdr
 *(.eh_frame_hdr)
                0x9fc00490                . = ALIGN (0x4)

.eh_frame
 *(.eh_frame)
                0x9fc00490                . = ALIGN (0x4)

.gcc_except_table
 *(.gcc_except_table .gcc_except_table.*)
                0x9fc00490                . = ALIGN (0x4)

.dbg_data       0xa0000000        0x0
                0xa0000000                . = (. + DEFINED (_DEBUGGER)?0x200:0x0)

.jcr            0xa0000000        0x0
 *(.jcr)
                0xa0000000                . = ALIGN (0x4)

.eh_frame
 *(.eh_frame)
                0xa0000000                . = ALIGN (0x4)

.gcc_except_table
 *(.gcc_except_table .gcc_except_table.*)
                0xa0000000                . = ALIGN (0x4)

.persist        0xa0000000        0x0
                0xa0000000                _persist_begin = .
 *(.persist .persist.*)
 *(.pbss .pbss.*)
                0xa0000000                . = ALIGN (0x4)
                0xa0000000                _persist_end = .

.data           0xa0000000        0x0
 *(.gnu.linkonce.d.*)
 *(.data1)
                0xa0000000                . = ALIGN (0x4)
                0xa0000000                . = .
                0xa0007ff0                _gp = (ALIGN (0x10) + 0x7ff0)

.got            0xa0000000        0x0
 *(.got.plt)
 *(.got)
                0xa0000000                . = ALIGN (0x4)

.sdata          0xa0000000        0x0
                0xa0000000                _sdata_begin = .
 *(.sdata .sdata.* .gnu.linkonce.s.*)
                0xa0000000                . = ALIGN (0x4)
                0xa0000000                _sdata_end = .

.lit8
 *(.lit8)

.lit4
 *(.lit4)
                0xa0000000                . = ALIGN (0x4)
                0xa0000000                _data_end = .
                0xa0000000                _bss_begin = .

.sbss           0xa0000000       0x28
                0xa0000000                _sbss_begin = .
 *(.dynsbss)
 *(.sbss .sbss.* .gnu.linkonce.sb.*)
 .sbss          0xa0000000        0x4 build/default/production/_ext/410460599/drv_tmr.o
 .sbss          0xa0000004        0xc build/default/production/_ext/1688732426/system_exceptions.o
 *(.scommon)
 .scommon       0xa0000010        0x8 build/default/production/_ext/454928207/drv_ledstrip.o
                0xa0000010                client_objects
 .scommon       0xa0000018        0x8 build/default/production/_ext/1060865150/sys_devcon.o
                0xa0000018                sysDevconObj
 .scommon       0xa0000020        0x8 ..\..\..\..\..\Programme\Microchip\harmony\v1_06_01\bin\framework\peripheral\PIC32MX150F128B_peripherals.a(peripheral.o)
                0xa0000020                BDT_ENTRY
                0xa0000028                _sbss_end = .
                0xa0000028                . = ALIGN (0x4)

.bss            0xa0000028      0x1ac
 *(.dynbss)
 *(COMMON)
 COMMON         0xa0000028       0xd4 build/default/production/_ext/454928207/drv_ledstrip.o
                0xa0000028                driver_objects
 COMMON         0xa00000fc       0xc8 build/default/production/_ext/1360937237/app.o
                0xa00000fc                appData
 COMMON         0xa00001c4       0x10 build/default/production/_ext/1688732426/system_init.o
                0xa00001c4                sysObj
                0xa00001d4                . = ALIGN ((. != 0x0)?0x4:0x1)
                0xa00001d4                . = ALIGN (0x4)
                0xa00001d4                _end = .
                0xa00001d4                _bss_end = .
                0x00008000                _bmxdudba_address = 0x8000
                0x00008000                _bmxdupba_address = 0x8000

/DISCARD/
 *(.pdr)
 *(.rel.dyn)
 *(.note.GNU-stack)
 *(.note.GNU-stack)
 *(.gnu_debuglink)
 *(.gnu.lto_*)
 *(.discard)

.gptab.sdata
 *(.gptab.data)
 *(.gptab.sdata)

.gptab.sbss
 *(.gptab.bss)
 *(.gptab.sbss)

.mdebug.abi32   0xa00001d4        0x0
 *(.mdebug.abi32)
 .mdebug.abi32  0xa00001d4        0x0 build/default/production/_ext/454928207/drv_ledstrip.o
 .mdebug.abi32  0xa00001d4        0x0 build/default/production/_ext/1360937237/app.o
 .mdebug.abi32  0xa00001d4        0x0 build/default/production/_ext/1360937237/main.o
 .mdebug.abi32  0xa00001d4        0x0 build/default/production/_ext/410460599/drv_tmr.o
 .mdebug.abi32  0xa00001d4        0x0 build/default/production/_ext/1060865150/sys_devcon.o
 .mdebug.abi32  0xa00001d4        0x0 build/default/production/_ext/1060865150/sys_devcon_pic32mx.o
 .mdebug.abi32  0xa00001d4        0x0 build/default/production/_ext/1742756452/sys_int_pic32.o
 .mdebug.abi32  0xa00001d4        0x0 build/default/production/_ext/1925662983/sys_ports.o
 .mdebug.abi32  0xa00001d4        0x0 build/default/production/_ext/1410081138/sys_tmr.o
 .mdebug.abi32  0xa00001d4        0x0 build/default/production/_ext/639803181/sys_clk_static.o
 .mdebug.abi32  0xa00001d4        0x0 build/default/production/_ext/822048611/sys_ports_static.o
 .mdebug.abi32  0xa00001d4        0x0 build/default/production/_ext/1688732426/system_init.o
 .mdebug.abi32  0xa00001d4        0x0 build/default/production/_ext/1688732426/system_interrupt.o
 .mdebug.abi32  0xa00001d4        0x0 build/default/production/_ext/1688732426/system_exceptions.o
 .mdebug.abi32  0xa00001d4        0x0 build/default/production/_ext/1688732426/system_tasks.o
 .mdebug.abi32  0xa00001d4        0x0 ..\..\..\..\..\Programme\Microchip\harmony\v1_06_01\bin\framework\peripheral\PIC32MX150F128B_peripherals.a(peripheral.o)
 .mdebug.abi32  0xa00001d4        0x0 d:/programme/microchip/xc32/v1.40/bin/bin/../../lib/gcc/pic32mx/4.8.3\libgcc.a(_udivdi3.o)
 .mdebug.abi32  0xa00001d4        0x0 d:/programme/microchip/xc32/v1.40/bin/bin/../../lib/gcc/pic32mx/4.8.3\libgcc.a(floatunsisf.o)
 .mdebug.abi32  0xa00001d4        0x0 d:/programme/microchip/xc32/v1.40/bin/bin/../../lib/gcc/pic32mx/4.8.3/../../../../pic32mx/lib\libpic32.a(default-bootstrap-exception-handler.o)
 .mdebug.abi32  0xa00001d4        0x0 d:/programme/microchip/xc32/v1.40/bin/bin/../../lib/gcc/pic32mx/4.8.3/../../../../pic32mx/lib\libpic32.a(default-on-reset.o)
 .mdebug.abi32  0xa00001d4        0x0 d:/programme/microchip/xc32/v1.40/bin/bin/../../lib/gcc/pic32mx/4.8.3/../../../../pic32mx/lib\libpic32.a(default-on-bootstrap.o)
 .mdebug.abi32  0xa00001d4        0x0 d:/programme/microchip/xc32/v1.40/bin/bin/../../lib/gcc/pic32mx/4.8.3/../../../../pic32mx/lib\libpic32.a(defaultinterrupt.o)

.mdebug.abiN32
 *(.mdebug.abiN32)

.mdebug.abi64
 *(.mdebug.abi64)

.mdebug.abiO64
 *(.mdebug.abiO64)

.mdebug.eabi32
 *(.mdebug.eabi32)

.mdebug.eabi64
 *(.mdebug.eabi64)

.gcc_compiled_long32
 *(.gcc_compiled_long32)

.gcc_compiled_long64
 *(.gcc_compiled_long64)

.stab
 *(.stab)

.stabstr
 *(.stabstr)

.stab.excl
 *(.stab.excl)

.stab.exclstr
 *(.stab.exclstr)

.stab.index
 *(.stab.index)

.stab.indexstr
 *(.stab.indexstr)

.comment        0x00000000       0x54
 *(.comment)
 .comment       0x00000000       0x3c build/default/production/_ext/454928207/drv_ledstrip.o
                                 0x3d (size before relaxing)
 .comment       0x00000000       0x3d build/default/production/_ext/1360937237/app.o
 .comment       0x00000000       0x3d build/default/production/_ext/1360937237/main.o
 .comment       0x00000000       0x3d build/default/production/_ext/410460599/drv_tmr.o
 .comment       0x00000000       0x3d build/default/production/_ext/1060865150/sys_devcon.o
 .comment       0x00000000       0x3d build/default/production/_ext/1060865150/sys_devcon_pic32mx.o
 .comment       0x00000000       0x3d build/default/production/_ext/1742756452/sys_int_pic32.o
 .comment       0x00000000       0x3d build/default/production/_ext/1925662983/sys_ports.o
 .comment       0x00000000       0x3d build/default/production/_ext/1410081138/sys_tmr.o
 .comment       0x00000000       0x3d build/default/production/_ext/639803181/sys_clk_static.o
 .comment       0x00000000       0x3d build/default/production/_ext/822048611/sys_ports_static.o
 .comment       0x00000000       0x3d build/default/production/_ext/1688732426/system_init.o
 .comment       0x00000000       0x3d build/default/production/_ext/1688732426/system_interrupt.o
 .comment       0x00000000       0x3d build/default/production/_ext/1688732426/system_exceptions.o
 .comment       0x00000000       0x3d build/default/production/_ext/1688732426/system_tasks.o
 .comment       0x00000000       0x3d ..\..\..\..\..\Programme\Microchip\harmony\v1_06_01\bin\framework\peripheral\PIC32MX150F128B_peripherals.a(peripheral.o)
 .comment       0x00000000       0x3d d:/programme/microchip/xc32/v1.40/bin/bin/../../lib/gcc/pic32mx/4.8.3\libgcc.a(_udivdi3.o)
 .comment       0x00000000       0x3d d:/programme/microchip/xc32/v1.40/bin/bin/../../lib/gcc/pic32mx/4.8.3\libgcc.a(floatunsisf.o)
 .comment       0x0000003c       0x18 d:/programme/microchip/xc32/v1.40/bin/bin/../../lib/gcc/pic32mx/4.8.3/../../../../pic32mx/lib\libpic32.a(memset.o)
                                 0x19 (size before relaxing)
 .comment       0x00000000       0x3d d:/programme/microchip/xc32/v1.40/bin/bin/../../lib/gcc/pic32mx/4.8.3/../../../../pic32mx/lib\libpic32.a(default-bootstrap-exception-handler.o)
 .comment       0x00000000       0x3d d:/programme/microchip/xc32/v1.40/bin/bin/../../lib/gcc/pic32mx/4.8.3/../../../../pic32mx/lib\libpic32.a(default-on-reset.o)
 .comment       0x00000000       0x3d d:/programme/microchip/xc32/v1.40/bin/bin/../../lib/gcc/pic32mx/4.8.3/../../../../pic32mx/lib\libpic32.a(default-on-bootstrap.o)
 .comment       0x00000000       0x3d d:/programme/microchip/xc32/v1.40/bin/bin/../../lib/gcc/pic32mx/4.8.3/../../../../pic32mx/lib\libpic32.a(defaultinterrupt.o)

.debug
 *(.debug)

.line
 *(.line)

.debug_srcinfo
 *(.debug_srcinfo)

.debug_sfnames
 *(.debug_sfnames)

.debug_aranges  0x00000000      0x688
 *(.debug_aranges)
 .debug_aranges
                0x00000000       0x40 build/default/production/_ext/454928207/drv_ledstrip.o
 .debug_aranges
                0x00000040       0x40 build/default/production/_ext/1360937237/app.o
 .debug_aranges
                0x00000080       0x20 build/default/production/_ext/1360937237/main.o
 .debug_aranges
                0x000000a0      0x1a8 build/default/production/_ext/410460599/drv_tmr.o
 .debug_aranges
                0x00000248       0x78 build/default/production/_ext/1060865150/sys_devcon.o
 .debug_aranges
                0x000002c0       0x20 build/default/production/_ext/1060865150/sys_devcon_pic32mx.o
 .debug_aranges
                0x000002e0       0x48 build/default/production/_ext/1742756452/sys_int_pic32.o
 .debug_aranges
                0x00000328       0xf8 build/default/production/_ext/1925662983/sys_ports.o
 .debug_aranges
                0x00000420       0xd8 build/default/production/_ext/1410081138/sys_tmr.o
 .debug_aranges
                0x000004f8       0x38 build/default/production/_ext/639803181/sys_clk_static.o
 .debug_aranges
                0x00000530       0x20 build/default/production/_ext/822048611/sys_ports_static.o
 .debug_aranges
                0x00000550       0x20 build/default/production/_ext/1688732426/system_init.o
 .debug_aranges
                0x00000570       0x18 build/default/production/_ext/1688732426/system_interrupt.o
 .debug_aranges
                0x00000588       0x20 build/default/production/_ext/1688732426/system_exceptions.o
 .debug_aranges
                0x000005a8       0x20 build/default/production/_ext/1688732426/system_tasks.o
 .debug_aranges
                0x000005c8       0x20 d:/programme/microchip/xc32/v1.40/bin/bin/../../lib/gcc/pic32mx/4.8.3\libgcc.a(_udivdi3.o)
 .debug_aranges
                0x000005e8       0x20 d:/programme/microchip/xc32/v1.40/bin/bin/../../lib/gcc/pic32mx/4.8.3\libgcc.a(floatunsisf.o)
 .debug_aranges
                0x00000608       0x20 d:/programme/microchip/xc32/v1.40/bin/bin/../../lib/gcc/pic32mx/4.8.3/../../../../pic32mx/lib\libpic32.a(default-bootstrap-exception-handler.o)
 .debug_aranges
                0x00000628       0x20 d:/programme/microchip/xc32/v1.40/bin/bin/../../lib/gcc/pic32mx/4.8.3/../../../../pic32mx/lib\libpic32.a(default-on-reset.o)
 .debug_aranges
                0x00000648       0x20 d:/programme/microchip/xc32/v1.40/bin/bin/../../lib/gcc/pic32mx/4.8.3/../../../../pic32mx/lib\libpic32.a(default-on-bootstrap.o)
 .debug_aranges
                0x00000668       0x20 d:/programme/microchip/xc32/v1.40/bin/bin/../../lib/gcc/pic32mx/4.8.3/../../../../pic32mx/lib\libpic32.a(defaultinterrupt.o)

.debug_pubnames
 *(.debug_pubnames)

.debug_info     0x00000000     0xf797
 *(.debug_info .gnu.linkonce.wi.*)
 .debug_info    0x00000000     0x116c build/default/production/_ext/454928207/drv_ledstrip.o
 .debug_info    0x0000116c     0x1100 build/default/production/_ext/1360937237/app.o
 .debug_info    0x0000226c      0x14f build/default/production/_ext/1360937237/main.o
 .debug_info    0x000023bb     0x32f9 build/default/production/_ext/410460599/drv_tmr.o
 .debug_info    0x000056b4      0x955 build/default/production/_ext/1060865150/sys_devcon.o
 .debug_info    0x00006009      0x4bc build/default/production/_ext/1060865150/sys_devcon_pic32mx.o
 .debug_info    0x000064c5      0xc69 build/default/production/_ext/1742756452/sys_int_pic32.o
 .debug_info    0x0000712e     0x1c79 build/default/production/_ext/1925662983/sys_ports.o
 .debug_info    0x00008da7     0x1e34 build/default/production/_ext/1410081138/sys_tmr.o
 .debug_info    0x0000abdb      0xd24 build/default/production/_ext/639803181/sys_clk_static.o
 .debug_info    0x0000b8ff      0x6cb build/default/production/_ext/822048611/sys_ports_static.o
 .debug_info    0x0000bfca     0x1486 build/default/production/_ext/1688732426/system_init.o
 .debug_info    0x0000d450      0x728 build/default/production/_ext/1688732426/system_interrupt.o
 .debug_info    0x0000db78      0x88a build/default/production/_ext/1688732426/system_exceptions.o
 .debug_info    0x0000e402      0x7eb build/default/production/_ext/1688732426/system_tasks.o
 .debug_info    0x0000ebed      0x74f d:/programme/microchip/xc32/v1.40/bin/bin/../../lib/gcc/pic32mx/4.8.3\libgcc.a(_udivdi3.o)
 .debug_info    0x0000f33c      0x11f d:/programme/microchip/xc32/v1.40/bin/bin/../../lib/gcc/pic32mx/4.8.3\libgcc.a(floatunsisf.o)
 .debug_info    0x0000f45b       0xe3 d:/programme/microchip/xc32/v1.40/bin/bin/../../lib/gcc/pic32mx/4.8.3/../../../../pic32mx/lib\libpic32.a(default-bootstrap-exception-handler.o)
 .debug_info    0x0000f53e       0xbd d:/programme/microchip/xc32/v1.40/bin/bin/../../lib/gcc/pic32mx/4.8.3/../../../../pic32mx/lib\libpic32.a(default-on-reset.o)
 .debug_info    0x0000f5fb       0xc5 d:/programme/microchip/xc32/v1.40/bin/bin/../../lib/gcc/pic32mx/4.8.3/../../../../pic32mx/lib\libpic32.a(default-on-bootstrap.o)
 .debug_info    0x0000f6c0       0xd7 d:/programme/microchip/xc32/v1.40/bin/bin/../../lib/gcc/pic32mx/4.8.3/../../../../pic32mx/lib\libpic32.a(defaultinterrupt.o)

.debug_abbrev   0x00000000     0x1612
 *(.debug_abbrev)
 .debug_abbrev  0x00000000      0x1ad build/default/production/_ext/454928207/drv_ledstrip.o
 .debug_abbrev  0x000001ad      0x1ac build/default/production/_ext/1360937237/app.o
 .debug_abbrev  0x00000359       0x3b build/default/production/_ext/1360937237/main.o
 .debug_abbrev  0x00000394      0x346 build/default/production/_ext/410460599/drv_tmr.o
 .debug_abbrev  0x000006da      0x1f3 build/default/production/_ext/1060865150/sys_devcon.o
 .debug_abbrev  0x000008cd       0xc9 build/default/production/_ext/1060865150/sys_devcon_pic32mx.o
 .debug_abbrev  0x00000996      0x11b build/default/production/_ext/1742756452/sys_int_pic32.o
 .debug_abbrev  0x00000ab1      0x104 build/default/production/_ext/1925662983/sys_ports.o
 .debug_abbrev  0x00000bb5      0x3b0 build/default/production/_ext/1410081138/sys_tmr.o
 .debug_abbrev  0x00000f65      0x134 build/default/production/_ext/639803181/sys_clk_static.o
 .debug_abbrev  0x00001099       0x67 build/default/production/_ext/822048611/sys_ports_static.o
 .debug_abbrev  0x00001100      0x167 build/default/production/_ext/1688732426/system_init.o
 .debug_abbrev  0x00001267       0x44 build/default/production/_ext/1688732426/system_interrupt.o
 .debug_abbrev  0x000012ab       0xa2 build/default/production/_ext/1688732426/system_exceptions.o
 .debug_abbrev  0x0000134d       0x8b build/default/production/_ext/1688732426/system_tasks.o
 .debug_abbrev  0x000013d8      0x138 d:/programme/microchip/xc32/v1.40/bin/bin/../../lib/gcc/pic32mx/4.8.3\libgcc.a(_udivdi3.o)
 .debug_abbrev  0x00001510       0x62 d:/programme/microchip/xc32/v1.40/bin/bin/../../lib/gcc/pic32mx/4.8.3\libgcc.a(floatunsisf.o)
 .debug_abbrev  0x00001572       0x28 d:/programme/microchip/xc32/v1.40/bin/bin/../../lib/gcc/pic32mx/4.8.3/../../../../pic32mx/lib\libpic32.a(default-bootstrap-exception-handler.o)
 .debug_abbrev  0x0000159a       0x28 d:/programme/microchip/xc32/v1.40/bin/bin/../../lib/gcc/pic32mx/4.8.3/../../../../pic32mx/lib\libpic32.a(default-on-reset.o)
 .debug_abbrev  0x000015c2       0x28 d:/programme/microchip/xc32/v1.40/bin/bin/../../lib/gcc/pic32mx/4.8.3/../../../../pic32mx/lib\libpic32.a(default-on-bootstrap.o)
 .debug_abbrev  0x000015ea       0x28 d:/programme/microchip/xc32/v1.40/bin/bin/../../lib/gcc/pic32mx/4.8.3/../../../../pic32mx/lib\libpic32.a(defaultinterrupt.o)

.debug_line     0x00000000     0x367e
 *(.debug_line)
 .debug_line    0x00000000      0x389 build/default/production/_ext/454928207/drv_ledstrip.o
 .debug_line    0x00000389      0x381 build/default/production/_ext/1360937237/app.o
 .debug_line    0x0000070a       0x6d build/default/production/_ext/1360937237/main.o
 .debug_line    0x00000777      0xaac build/default/production/_ext/410460599/drv_tmr.o
 .debug_line    0x00001223      0x494 build/default/production/_ext/1060865150/sys_devcon.o
 .debug_line    0x000016b7      0x2f6 build/default/production/_ext/1060865150/sys_devcon_pic32mx.o
 .debug_line    0x000019ad      0x2e0 build/default/production/_ext/1742756452/sys_int_pic32.o
 .debug_line    0x00001c8d      0x4ff build/default/production/_ext/1925662983/sys_ports.o
 .debug_line    0x0000218c      0x64e build/default/production/_ext/1410081138/sys_tmr.o
 .debug_line    0x000027da      0x271 build/default/production/_ext/639803181/sys_clk_static.o
 .debug_line    0x00002a4b      0x175 build/default/production/_ext/822048611/sys_ports_static.o
 .debug_line    0x00002bc0      0x3f2 build/default/production/_ext/1688732426/system_init.o
 .debug_line    0x00002fb2       0x67 build/default/production/_ext/1688732426/system_interrupt.o
 .debug_line    0x00003019      0x128 build/default/production/_ext/1688732426/system_exceptions.o
 .debug_line    0x00003141      0x18d build/default/production/_ext/1688732426/system_tasks.o
 .debug_line    0x000032ce       0xed d:/programme/microchip/xc32/v1.40/bin/bin/../../lib/gcc/pic32mx/4.8.3\libgcc.a(_udivdi3.o)
 .debug_line    0x000033bb       0x8a d:/programme/microchip/xc32/v1.40/bin/bin/../../lib/gcc/pic32mx/4.8.3\libgcc.a(floatunsisf.o)
 .debug_line    0x00003445       0x97 d:/programme/microchip/xc32/v1.40/bin/bin/../../lib/gcc/pic32mx/4.8.3/../../../../pic32mx/lib\libpic32.a(default-bootstrap-exception-handler.o)
 .debug_line    0x000034dc       0x84 d:/programme/microchip/xc32/v1.40/bin/bin/../../lib/gcc/pic32mx/4.8.3/../../../../pic32mx/lib\libpic32.a(default-on-reset.o)
 .debug_line    0x00003560       0x88 d:/programme/microchip/xc32/v1.40/bin/bin/../../lib/gcc/pic32mx/4.8.3/../../../../pic32mx/lib\libpic32.a(default-on-bootstrap.o)
 .debug_line    0x000035e8       0x96 d:/programme/microchip/xc32/v1.40/bin/bin/../../lib/gcc/pic32mx/4.8.3/../../../../pic32mx/lib\libpic32.a(defaultinterrupt.o)

.debug_frame    0x00000000     0x12fc
 *(.debug_frame)
 .debug_frame   0x00000000       0xb4 build/default/production/_ext/454928207/drv_ledstrip.o
 .debug_frame   0x000000b4       0xb0 build/default/production/_ext/1360937237/app.o
 .debug_frame   0x00000164       0x2c build/default/production/_ext/1360937237/main.o
 .debug_frame   0x00000190      0x648 build/default/production/_ext/410460599/drv_tmr.o
 .debug_frame   0x000007d8      0x17c build/default/production/_ext/1060865150/sys_devcon.o
 .debug_frame   0x00000954       0x30 build/default/production/_ext/1060865150/sys_devcon_pic32mx.o
 .debug_frame   0x00000984       0xd0 build/default/production/_ext/1742756452/sys_int_pic32.o
 .debug_frame   0x00000a54      0x390 build/default/production/_ext/1925662983/sys_ports.o
 .debug_frame   0x00000de4      0x304 build/default/production/_ext/1410081138/sys_tmr.o
 .debug_frame   0x000010e8       0x84 build/default/production/_ext/639803181/sys_clk_static.o
 .debug_frame   0x0000116c       0x30 build/default/production/_ext/822048611/sys_ports_static.o
 .debug_frame   0x0000119c       0x30 build/default/production/_ext/1688732426/system_init.o
 .debug_frame   0x000011cc       0x2c build/default/production/_ext/1688732426/system_exceptions.o
 .debug_frame   0x000011f8       0x30 build/default/production/_ext/1688732426/system_tasks.o
 .debug_frame   0x00001228       0x20 d:/programme/microchip/xc32/v1.40/bin/bin/../../lib/gcc/pic32mx/4.8.3\libgcc.a(_udivdi3.o)
 .debug_frame   0x00001248       0x28 d:/programme/microchip/xc32/v1.40/bin/bin/../../lib/gcc/pic32mx/4.8.3\libgcc.a(floatunsisf.o)
 .debug_frame   0x00001270       0x2c d:/programme/microchip/xc32/v1.40/bin/bin/../../lib/gcc/pic32mx/4.8.3/../../../../pic32mx/lib\libpic32.a(default-bootstrap-exception-handler.o)
 .debug_frame   0x0000129c       0x20 d:/programme/microchip/xc32/v1.40/bin/bin/../../lib/gcc/pic32mx/4.8.3/../../../../pic32mx/lib\libpic32.a(default-on-reset.o)
 .debug_frame   0x000012bc       0x20 d:/programme/microchip/xc32/v1.40/bin/bin/../../lib/gcc/pic32mx/4.8.3/../../../../pic32mx/lib\libpic32.a(default-on-bootstrap.o)
 .debug_frame   0x000012dc       0x20 d:/programme/microchip/xc32/v1.40/bin/bin/../../lib/gcc/pic32mx/4.8.3/../../../../pic32mx/lib\libpic32.a(defaultinterrupt.o)

.debug_str      0x00000000      0x198
 *(.debug_str)
 .debug_str     0x00000000       0x17 build/default/production/_ext/454928207/drv_ledstrip.o
 .debug_str     0x00000017        0x0 build/default/production/_ext/1360937237/app.o
 .debug_str     0x00000017        0x0 build/default/production/_ext/1360937237/main.o
 .debug_str     0x00000017       0xa5 build/default/production/_ext/410460599/drv_tmr.o
 .debug_str     0x000000bc       0x10 build/default/production/_ext/1060865150/sys_devcon.o
 .debug_str     0x000000cc        0x0 build/default/production/_ext/1060865150/sys_devcon_pic32mx.o
 .debug_str     0x000000cc       0x10 build/default/production/_ext/1742756452/sys_int_pic32.o
 .debug_str     0x000000dc       0x34 build/default/production/_ext/1925662983/sys_ports.o
 .debug_str     0x00000110       0x7d build/default/production/_ext/1410081138/sys_tmr.o
 .debug_str     0x0000018d        0x0 build/default/production/_ext/639803181/sys_clk_static.o
 .debug_str     0x0000018d        0x0 build/default/production/_ext/822048611/sys_ports_static.o
 .debug_str     0x0000018d        0xb build/default/production/_ext/1688732426/system_init.o
 .debug_str     0x00000198        0x0 build/default/production/_ext/1688732426/system_interrupt.o
 .debug_str     0x00000198        0x0 build/default/production/_ext/1688732426/system_exceptions.o
 .debug_str     0x00000198        0x0 build/default/production/_ext/1688732426/system_tasks.o
 .debug_str     0x00000198        0x0 d:/programme/microchip/xc32/v1.40/bin/bin/../../lib/gcc/pic32mx/4.8.3\libgcc.a(_udivdi3.o)
 .debug_str     0x00000198        0x0 d:/programme/microchip/xc32/v1.40/bin/bin/../../lib/gcc/pic32mx/4.8.3\libgcc.a(floatunsisf.o)
 .debug_str     0x00000198        0x0 d:/programme/microchip/xc32/v1.40/bin/bin/../../lib/gcc/pic32mx/4.8.3/../../../../pic32mx/lib\libpic32.a(default-bootstrap-exception-handler.o)
 .debug_str     0x00000198        0x0 d:/programme/microchip/xc32/v1.40/bin/bin/../../lib/gcc/pic32mx/4.8.3/../../../../pic32mx/lib\libpic32.a(default-on-reset.o)
 .debug_str     0x00000198        0x0 d:/programme/microchip/xc32/v1.40/bin/bin/../../lib/gcc/pic32mx/4.8.3/../../../../pic32mx/lib\libpic32.a(default-on-bootstrap.o)
 .debug_str     0x00000198        0x0 d:/programme/microchip/xc32/v1.40/bin/bin/../../lib/gcc/pic32mx/4.8.3/../../../../pic32mx/lib\libpic32.a(defaultinterrupt.o)

.debug_loc      0x00000000      0xade
 *(.debug_loc)
 .debug_loc     0x00000000      0xa6a d:/programme/microchip/xc32/v1.40/bin/bin/../../lib/gcc/pic32mx/4.8.3\libgcc.a(_udivdi3.o)
 .debug_loc     0x00000a6a       0x74 d:/programme/microchip/xc32/v1.40/bin/bin/../../lib/gcc/pic32mx/4.8.3\libgcc.a(floatunsisf.o)

.debug_macinfo
 *(.debug_macinfo)

.debug_weaknames
 *(.debug_weaknames)

.debug_funcnames
 *(.debug_funcnames)

.debug_typenames
 *(.debug_typenames)

.debug_varnames
 *(.debug_varnames)

.debug_pubtypes
 *(.debug_pubtypes)

.debug_ranges   0x00000000      0x5c0
 *(.debug_ranges)
 .debug_ranges  0x00000000       0x30 build/default/production/_ext/454928207/drv_ledstrip.o
 .debug_ranges  0x00000030       0x30 build/default/production/_ext/1360937237/app.o
 .debug_ranges  0x00000060       0x10 build/default/production/_ext/1360937237/main.o
 .debug_ranges  0x00000070      0x198 build/default/production/_ext/410460599/drv_tmr.o
 .debug_ranges  0x00000208       0x68 build/default/production/_ext/1060865150/sys_devcon.o
 .debug_ranges  0x00000270       0x10 build/default/production/_ext/1060865150/sys_devcon_pic32mx.o
 .debug_ranges  0x00000280       0x38 build/default/production/_ext/1742756452/sys_int_pic32.o
 .debug_ranges  0x000002b8       0xe8 build/default/production/_ext/1925662983/sys_ports.o
 .debug_ranges  0x000003a0       0xe0 build/default/production/_ext/1410081138/sys_tmr.o
 .debug_ranges  0x00000480       0x28 build/default/production/_ext/639803181/sys_clk_static.o
 .debug_ranges  0x000004a8       0x10 build/default/production/_ext/822048611/sys_ports_static.o
 .debug_ranges  0x000004b8       0x10 build/default/production/_ext/1688732426/system_init.o
 .debug_ranges  0x000004c8       0x10 build/default/production/_ext/1688732426/system_exceptions.o
 .debug_ranges  0x000004d8       0x10 build/default/production/_ext/1688732426/system_tasks.o
 .debug_ranges  0x000004e8       0x98 d:/programme/microchip/xc32/v1.40/bin/bin/../../lib/gcc/pic32mx/4.8.3\libgcc.a(_udivdi3.o)
 .debug_ranges  0x00000580       0x10 d:/programme/microchip/xc32/v1.40/bin/bin/../../lib/gcc/pic32mx/4.8.3/../../../../pic32mx/lib\libpic32.a(default-bootstrap-exception-handler.o)
 .debug_ranges  0x00000590       0x10 d:/programme/microchip/xc32/v1.40/bin/bin/../../lib/gcc/pic32mx/4.8.3/../../../../pic32mx/lib\libpic32.a(default-on-reset.o)
 .debug_ranges  0x000005a0       0x10 d:/programme/microchip/xc32/v1.40/bin/bin/../../lib/gcc/pic32mx/4.8.3/../../../../pic32mx/lib\libpic32.a(default-on-bootstrap.o)
 .debug_ranges  0x000005b0       0x10 d:/programme/microchip/xc32/v1.40/bin/bin/../../lib/gcc/pic32mx/4.8.3/../../../../pic32mx/lib\libpic32.a(defaultinterrupt.o)

.gnu.attributes
                0x00000000       0x10
 *(.gnu.attributes)
 .gnu.attributes
                0x00000000       0x10 build/default/production/_ext/454928207/drv_ledstrip.o
 .gnu.attributes
                0x00000010       0x10 build/default/production/_ext/1360937237/app.o
 .gnu.attributes
                0x00000020       0x10 build/default/production/_ext/1360937237/main.o
 .gnu.attributes
                0x00000030       0x10 build/default/production/_ext/410460599/drv_tmr.o
 .gnu.attributes
                0x00000040       0x10 build/default/production/_ext/1060865150/sys_devcon.o
 .gnu.attributes
                0x00000050       0x10 build/default/production/_ext/1060865150/sys_devcon_pic32mx.o
 .gnu.attributes
                0x00000060       0x10 build/default/production/_ext/1742756452/sys_int_pic32.o
 .gnu.attributes
                0x00000070       0x10 build/default/production/_ext/1925662983/sys_ports.o
 .gnu.attributes
                0x00000080       0x10 build/default/production/_ext/1410081138/sys_tmr.o
 .gnu.attributes
                0x00000090       0x10 build/default/production/_ext/639803181/sys_clk_static.o
 .gnu.attributes
                0x000000a0       0x10 build/default/production/_ext/822048611/sys_ports_static.o
 .gnu.attributes
                0x000000b0       0x10 build/default/production/_ext/1688732426/system_init.o
 .gnu.attributes
                0x000000c0       0x10 build/default/production/_ext/1688732426/system_interrupt.o
 .gnu.attributes
                0x000000d0       0x10 build/default/production/_ext/1688732426/system_exceptions.o
 .gnu.attributes
                0x000000e0       0x10 build/default/production/_ext/1688732426/system_tasks.o
 .gnu.attributes
                0x000000f0       0x10 ..\..\..\..\..\Programme\Microchip\harmony\v1_06_01\bin\framework\peripheral\PIC32MX150F128B_peripherals.a(peripheral.o)
 .gnu.attributes
                0x00000100       0x10 d:/programme/microchip/xc32/v1.40/bin/bin/../../lib/gcc/pic32mx/4.8.3\libgcc.a(_udivdi3.o)
 .gnu.attributes
                0x00000110       0x10 d:/programme/microchip/xc32/v1.40/bin/bin/../../lib/gcc/pic32mx/4.8.3\libgcc.a(floatunsisf.o)
 .gnu.attributes
                0x00000120       0x10 d:/programme/microchip/xc32/v1.40/bin/bin/../../lib/gcc/pic32mx/4.8.3/../../../../pic32mx/lib\libpic32.a(default-bootstrap-exception-handler.o)
 .gnu.attributes
                0x00000130       0x10 d:/programme/microchip/xc32/v1.40/bin/bin/../../lib/gcc/pic32mx/4.8.3/../../../../pic32mx/lib\libpic32.a(default-on-reset.o)
 .gnu.attributes
                0x00000140       0x10 d:/programme/microchip/xc32/v1.40/bin/bin/../../lib/gcc/pic32mx/4.8.3/../../../../pic32mx/lib\libpic32.a(default-on-bootstrap.o)
 .gnu.attributes
                0x00000150       0x10 d:/programme/microchip/xc32/v1.40/bin/bin/../../lib/gcc/pic32mx/4.8.3/../../../../pic32mx/lib\libpic32.a(defaultinterrupt.o)
LOAD d:/programme/microchip/xc32/v1.40/bin/bin/../../lib/gcc/pic32mx/4.8.3\libgcc.a
START GROUP
LOAD d:/programme/microchip/xc32/v1.40/bin/bin/../../lib/gcc/pic32mx/4.8.3/../../../../pic32mx/lib\libpic32.a
LOAD d:/programme/microchip/xc32/v1.40/bin/bin/../../lib/gcc/pic32mx/4.8.3/../../../../pic32mx/lib\libdebug.a
LOAD d:/programme/microchip/xc32/v1.40/bin/bin/../../lib/gcc/pic32mx/4.8.3/../../../../pic32mx/lib\libpic32.a
LOAD d:/programme/microchip/xc32/v1.40/bin/bin/../../lib/gcc/pic32mx/4.8.3/../../../../pic32mx/lib\libm.a
LOAD d:/programme/microchip/xc32/v1.40/bin/bin/../../lib/gcc/pic32mx/4.8.3/../../../../pic32mx/lib\libe.a
LOAD d:/programme/microchip/xc32/v1.40/bin/bin/../../lib/gcc/pic32mx/4.8.3/../../../../pic32mx/lib\libdsp.a
LOAD d:/programme/microchip/xc32/v1.40/bin/bin/../../lib/gcc/pic32mx/4.8.3\libgcc.a
LOAD d:/programme/microchip/xc32/v1.40/bin/bin/../../lib/gcc/pic32mx/4.8.3/../../../../pic32mx/lib\libc.a
LOAD d:/programme/microchip/xc32/v1.40/bin/bin/../../lib/gcc/pic32mx/4.8.3/../../../../pic32mx/lib\libpic32.a
END GROUP
LOAD d:/programme/microchip/xc32/v1.40/bin/bin/../../lib/gcc/pic32mx/4.8.3\libgcc.a
OUTPUT(dist/default/production/Treppenlicht.X.production.elf elf32-tradlittlemips)
LOAD stack
LOAD data_init

.reginfo        0x00000000       0x18
 .reginfo       0x00000000       0x18 d:/programme/microchip/xc32/v1.40/bin/bin/../../lib/gcc/pic32mx/4.8.3/../../../../pic32mx/lib/./proc/32MX150F128B/crt0_mips32r2.o

.stack          0xa00006e8      0x400
 .stack         0xa00006e8      0x400 stack

.data           0xa00001d4      0x320
 .data          0xa00001d4      0x320 build/default/production/_ext/454928207/drv_ledstrip.o
                0xa00001d4                value_mapping

.bss            0xa00004f4       0x90
 .bss           0xa00004f4       0x90 build/default/production/_ext/1410081138/sys_tmr.o

.data           0xa0000584       0x80
 .data          0xa0000584       0x80 build/default/production/_ext/1360937237/app.o
                0xa0000584                ledstrip_init

.bss            0xa0000604       0x78
 .bss           0xa0000604       0x78 build/default/production/_ext/410460599/drv_tmr.o

.data           0xa000067c       0x4c
 .data          0xa000067c       0x4c build/default/production/_ext/1688732426/system_exceptions.o

._debug_exception
                0xbfc00480       0x2c
 ._debug_exception
                0xbfc00480       0x2c d:/programme/microchip/xc32/v1.40/bin/bin/../../lib/gcc/pic32mx/4.8.3/../../../../pic32mx/lib\debug-exception-return.o
                0xbfc00480                __DbgExecReturn

.rodata         0x9d000000    0x10e00
 .rodata        0x9d000000    0x10e00 build/default/production/_ext/1360937237/app.o
                0x9d000000                profile1_on_down
                0x9d002d00                profile1_off_down
                0x9d005a00                profile2_on_down
                0x9d008700                profile3_on_down
                0x9d00b400                profile4_on_down
                0x9d00e100                profile5_on_down

.dinit          0x9d010e00      0x470
 .dinit         0x9d010e00      0x470 data_init

.rodata         0x9d011270      0x334
 .rodata        0x9d011270      0x334 ..\..\..\..\..\Programme\Microchip\harmony\v1_06_01\bin\framework\peripheral\PIC32MX150F128B_peripherals.a(peripheral.o)

.text.APP_UpdateLedStates
                0x9d0115a4      0x310
 .text.APP_UpdateLedStates
                0x9d0115a4      0x310 build/default/production/_ext/1360937237/app.o
                0x9d0115a4                APP_UpdateLedStates

.text.SYS_TMR_Tasks
                0x9d0118b4      0x2e8
 .text.SYS_TMR_Tasks
                0x9d0118b4      0x2e8 build/default/production/_ext/1410081138/sys_tmr.o
                0x9d0118b4                SYS_TMR_Tasks

.text._SYS_TMR_ClientCreate
                0x9d011b9c      0x294
 .text._SYS_TMR_ClientCreate
                0x9d011b9c      0x294 build/default/production/_ext/1410081138/sys_tmr.o

.text.DRV_LEDSTRIP_Tasks
                0x9d011e30      0x27c
 .text.DRV_LEDSTRIP_Tasks
                0x9d011e30      0x27c build/default/production/_ext/454928207/drv_ledstrip.o
                0x9d011e30                DRV_LEDSTRIP_Tasks

.text._SYS_TMR_ClientParamSet
                0x9d0120ac      0x268
 .text._SYS_TMR_ClientParamSet
                0x9d0120ac      0x268 build/default/production/_ext/1410081138/sys_tmr.o

.text.DRV_TMR_AlarmRegister
                0x9d012314      0x204
 .text.DRV_TMR_AlarmRegister
                0x9d012314      0x204 build/default/production/_ext/410460599/drv_tmr.o
                0x9d012314                DRV_TMR_AlarmRegister

.text._SYS_TMR_Setup
                0x9d012518      0x1f4
 .text._SYS_TMR_Setup
                0x9d012518      0x1f4 build/default/production/_ext/1410081138/sys_tmr.o

.text._SYS_TMR_ProcessTmrAlarm
                0x9d01270c      0x1d8
 .text._SYS_TMR_ProcessTmrAlarm
                0x9d01270c      0x1d8 build/default/production/_ext/1410081138/sys_tmr.o

.text.DRV_TMR_Initialize
                0x9d0128e4      0x1d0
 .text.DRV_TMR_Initialize
                0x9d0128e4      0x1d0 build/default/production/_ext/410460599/drv_tmr.o
                0x9d0128e4                DRV_TMR_Initialize

.text.SYS_TMR_ObjectCountGet
                0x9d012ab4      0x1b4
 .text.SYS_TMR_ObjectCountGet
                0x9d012ab4      0x1b4 build/default/production/_ext/1410081138/sys_tmr.o
                0x9d012ab4                SYS_TMR_ObjectCountGet

.text._SYS_TMR_ClientCheckSrvLock
                0x9d012c68      0x1a8
 .text._SYS_TMR_ClientCheckSrvLock
                0x9d012c68      0x1a8 build/default/production/_ext/1410081138/sys_tmr.o

.text.SYS_TMR_Initialize
                0x9d012e10      0x1a8
 .text.SYS_TMR_Initialize
                0x9d012e10      0x1a8 build/default/production/_ext/1410081138/sys_tmr.o
                0x9d012e10                SYS_TMR_Initialize

.text._DRV_TMR_ClockSourceSet
                0x9d012fb8      0x170
 .text._DRV_TMR_ClockSourceSet
                0x9d012fb8      0x170 build/default/production/_ext/410460599/drv_tmr.o

.text.PLIB_TMR_PrescaleSelect
                0x9d013128      0x170
 .text.PLIB_TMR_PrescaleSelect
                0x9d013128      0x170 ..\..\..\..\..\Programme\Microchip\harmony\v1_06_01\bin\framework\peripheral\PIC32MX150F128B_peripherals.a(peripheral.o)
                0x9d013128                PLIB_TMR_PrescaleSelect

.text.SYS_PORTS_Initialize
                0x9d013298      0x168
 .text.SYS_PORTS_Initialize
                0x9d013298      0x168 build/default/production/_ext/822048611/sys_ports_static.o
                0x9d013298                SYS_PORTS_Initialize

.text           0x9d013400      0x168
 .text          0x9d013400      0x168 d:/programme/microchip/xc32/v1.40/bin/bin/../../lib/gcc/pic32mx/4.8.3/../../../../pic32mx/lib\libpic32.a(memcpy.o)
                0x9d013400                memcpy

.text.PLIB_TMR_ClockSourceSelect
                0x9d013568      0x164
 .text.PLIB_TMR_ClockSourceSelect
                0x9d013568      0x164 ..\..\..\..\..\Programme\Microchip\harmony\v1_06_01\bin\framework\peripheral\PIC32MX150F128B_peripherals.a(peripheral.o)
                0x9d013568                PLIB_TMR_ClockSourceSelect

.text.APP_LoadProfile
                0x9d0136cc      0x15c
 .text.APP_LoadProfile
                0x9d0136cc      0x15c build/default/production/_ext/1360937237/app.o
                0x9d0136cc                APP_LoadProfile

.text.DRV_LEDSTRIP_Initialize
                0x9d013828      0x150
 .text.DRV_LEDSTRIP_Initialize
                0x9d013828      0x150 build/default/production/_ext/454928207/drv_ledstrip.o
                0x9d013828                DRV_LEDSTRIP_Initialize

.text.DRV_LEDSTRIP_Open
                0x9d013978      0x150
 .text.DRV_LEDSTRIP_Open
                0x9d013978      0x150 build/default/production/_ext/454928207/drv_ledstrip.o
                0x9d013978                DRV_LEDSTRIP_Open

.text.APP_IsChannelActive
                0x9d013ac8      0x150
 .text.APP_IsChannelActive
                0x9d013ac8      0x150 build/default/production/_ext/1360937237/app.o
                0x9d013ac8                APP_IsChannelActive

.text.APP_Tasks
                0x9d013c18      0x144
 .text.APP_Tasks
                0x9d013c18      0x144 build/default/production/_ext/1360937237/app.o
                0x9d013c18                APP_Tasks

.text.DRV_TMR_ProcessEvents
                0x9d013d5c      0x134
 .text.DRV_TMR_ProcessEvents
                0x9d013d5c      0x134 build/default/production/_ext/410460599/drv_tmr.o

.text.DRV_TMR_Alarm16BitRegister
                0x9d013e90      0x134
 .text.DRV_TMR_Alarm16BitRegister
                0x9d013e90      0x134 build/default/production/_ext/410460599/drv_tmr.o
                0x9d013e90                DRV_TMR_Alarm16BitRegister

.text._DRV_TMR_InstanceSetup
                0x9d013fc4      0x128
 .text._DRV_TMR_InstanceSetup
                0x9d013fc4      0x128 build/default/production/_ext/410460599/drv_tmr.o

.text.SYS_Initialize
                0x9d0140ec       0xfc
 .text.SYS_Initialize
                0x9d0140ec       0xfc build/default/production/_ext/1688732426/system_init.o
                0x9d0140ec                SYS_Initialize

.text.DRV_TMR_Open
                0x9d0141e8       0xf8
 .text.DRV_TMR_Open
                0x9d0141e8       0xf8 build/default/production/_ext/410460599/drv_tmr.o
                0x9d0141e8                DRV_TMR_Open

.text.PLIB_TMR_PrescaleGet
                0x9d0142e0       0xe8
 .text.PLIB_TMR_PrescaleGet
                0x9d0142e0       0xe8 ..\..\..\..\..\Programme\Microchip\harmony\v1_06_01\bin\framework\peripheral\PIC32MX150F128B_peripherals.a(peripheral.o)
                0x9d0142e0                PLIB_TMR_PrescaleGet

.text.DRV_TMR_CounterFrequencyGet
                0x9d0143c8       0xe4
 .text.DRV_TMR_CounterFrequencyGet
                0x9d0143c8       0xe4 build/default/production/_ext/410460599/drv_tmr.o
                0x9d0143c8                DRV_TMR_CounterFrequencyGet

.rodata         0x9d0144ac       0xdc
 .rodata        0x9d0144ac       0xdc build/default/production/_ext/1688732426/system_exceptions.o

.text.general_exception
                0x9d014588       0xdc
 .text.general_exception
                0x9d014588       0xdc d:/programme/microchip/xc32/v1.40/bin/bin/../../lib/gcc/pic32mx/4.8.3/../../../../pic32mx/lib\libpic32.a(general-exception.o)
                0x9d014588                _general_exception_context

.text._DRV_TMR_OperModeSet
                0x9d014664       0xcc
 .text._DRV_TMR_OperModeSet
                0x9d014664       0xcc build/default/production/_ext/410460599/drv_tmr.o

.text._DRV_TMR_ModuleObj
                0x9d014730       0xc8
 .text._DRV_TMR_ModuleObj
                0x9d014730       0xc8 build/default/production/_ext/410460599/drv_tmr.o

.text.DRV_TMR_Start
                0x9d0147f8       0xbc
 .text.DRV_TMR_Start
                0x9d0147f8       0xbc build/default/production/_ext/410460599/drv_tmr.o
                0x9d0147f8                DRV_TMR_Start

.text.DRV_TMR_ClientStatus
                0x9d0148b4       0xac
 .text.DRV_TMR_ClientStatus
                0x9d0148b4       0xac build/default/production/_ext/410460599/drv_tmr.o
                0x9d0148b4                DRV_TMR_ClientStatus

.text           0x9d014960       0xa8
 .text          0x9d014960       0xa8 d:/programme/microchip/xc32/v1.40/bin/bin/../../lib/gcc/pic32mx/4.8.3/../../../../pic32mx/lib\libpic32.a(memset.o)
                0x9d014960                memset

.text.PLIB_TMR_Start
                0x9d014a08       0x9c
 .text.PLIB_TMR_Start
                0x9d014a08       0x9c ..\..\..\..\..\Programme\Microchip\harmony\v1_06_01\bin\framework\peripheral\PIC32MX150F128B_peripherals.a(peripheral.o)
                0x9d014a08                PLIB_TMR_Start

.text.PLIB_TMR_Stop
                0x9d014aa4       0x9c
 .text.PLIB_TMR_Stop
                0x9d014aa4       0x9c ..\..\..\..\..\Programme\Microchip\harmony\v1_06_01\bin\framework\peripheral\PIC32MX150F128B_peripherals.a(peripheral.o)
                0x9d014aa4                PLIB_TMR_Stop

.text._DRV_LEDSTRIP_AlarmCallback
                0x9d014b40       0x98
 .text._DRV_LEDSTRIP_AlarmCallback
                0x9d014b40       0x98 build/default/production/_ext/454928207/drv_ledstrip.o
                0x9d014b40                _DRV_LEDSTRIP_AlarmCallback

.text._DRV_TMR_Resume
                0x9d014bd8       0x90
 .text._DRV_TMR_Resume
                0x9d014bd8       0x90 build/default/production/_ext/410460599/drv_tmr.o

.text.SYS_Tasks
                0x9d014c68       0x8c
 .text.SYS_Tasks
                0x9d014c68       0x8c build/default/production/_ext/1688732426/system_tasks.o
                0x9d014c68                SYS_Tasks

.text.PLIB_TMR_Period16BitSet
                0x9d014cf4       0x8c
 .text.PLIB_TMR_Period16BitSet
                0x9d014cf4       0x8c ..\..\..\..\..\Programme\Microchip\harmony\v1_06_01\bin\framework\peripheral\PIC32MX150F128B_peripherals.a(peripheral.o)
                0x9d014cf4                PLIB_TMR_Period16BitSet

.text.DRV_LEDSTRIP_DimLight
                0x9d014d80       0x88
 .text.DRV_LEDSTRIP_DimLight
                0x9d014d80       0x88 build/default/production/_ext/454928207/drv_ledstrip.o
                0x9d014d80                DRV_LEDSTRIP_DimLight

.text.SYS_DEVCON_PerformanceConfig
                0x9d014e08       0x88
 .text.SYS_DEVCON_PerformanceConfig
                0x9d014e08       0x88 build/default/production/_ext/1060865150/sys_devcon_pic32mx.o
                0x9d014e08                SYS_DEVCON_PerformanceConfig

.text._DRV_TMR_Suspend
                0x9d014e90       0x80
 .text._DRV_TMR_Suspend
                0x9d014e90       0x80 build/default/production/_ext/410460599/drv_tmr.o

.text.SYS_CLK_Initialize
                0x9d014f10       0x80
 .text.SYS_CLK_Initialize
                0x9d014f10       0x80 build/default/production/_ext/639803181/sys_clk_static.o
                0x9d014f10                SYS_CLK_Initialize

.text._DRV_TMR_ClockPrescaleSet
                0x9d014f90       0x78
 .text._DRV_TMR_ClockPrescaleSet
                0x9d014f90       0x78 build/default/production/_ext/410460599/drv_tmr.o

.text.SYS_INT_SourceDisable
                0x9d015008       0x74
 .text.SYS_INT_SourceDisable
                0x9d015008       0x74 build/default/production/_ext/1742756452/sys_int_pic32.o
                0x9d015008                SYS_INT_SourceDisable

.text._SYS_TMR_AlarmCallback
                0x9d01507c       0x74
 .text._SYS_TMR_AlarmCallback
                0x9d01507c       0x74 build/default/production/_ext/1410081138/sys_tmr.o

.text._DRV_TMR_ClientSetParams
                0x9d0150f0       0x70
 .text._DRV_TMR_ClientSetParams
                0x9d0150f0       0x70 build/default/production/_ext/410460599/drv_tmr.o

.text.PLIB_OSC_PBClockDivisorSet
                0x9d015160       0x70
 .text.PLIB_OSC_PBClockDivisorSet
                0x9d015160       0x70 ..\..\..\..\..\Programme\Microchip\harmony\v1_06_01\bin\framework\peripheral\PIC32MX150F128B_peripherals.a(peripheral.o)
                0x9d015160                PLIB_OSC_PBClockDivisorSet

.text.SYS_DEVCON_SystemUnlock
                0x9d0151d0       0x68
 .text.SYS_DEVCON_SystemUnlock
                0x9d0151d0       0x68 build/default/production/_ext/1060865150/sys_devcon.o
                0x9d0151d0                SYS_DEVCON_SystemUnlock

.text.SYS_DEVCON_SystemLock
                0x9d015238       0x68
 .text.SYS_DEVCON_SystemLock
                0x9d015238       0x68 build/default/production/_ext/1060865150/sys_devcon.o
                0x9d015238                SYS_DEVCON_SystemLock

.text.DRV_TMR_Tasks
                0x9d0152a0       0x58
 .text.DRV_TMR_Tasks
                0x9d0152a0       0x58 build/default/production/_ext/410460599/drv_tmr.o
                0x9d0152a0                DRV_TMR_Tasks

.text.main_entry
                0x9d0152f8       0x54
 .text.main_entry
                0x9d0152f8       0x54 d:/programme/microchip/xc32/v1.40/bin/bin/../../lib/gcc/pic32mx/4.8.3/../../../../pic32mx/lib/./proc/32MX150F128B/crt0_mips32r2.o
                0x9d01532c                __crt0_exit

.text.APP_Initialize
                0x9d01534c       0x54
 .text.APP_Initialize
                0x9d01534c       0x54 build/default/production/_ext/1360937237/app.o
                0x9d01534c                APP_Initialize

.text._DRV_TMR_ClientClear
                0x9d0153a0       0x54
 .text._DRV_TMR_ClientClear
                0x9d0153a0       0x54 build/default/production/_ext/410460599/drv_tmr.o

.text._general_exception_handler
                0x9d0153f4       0x4c
 .text._general_exception_handler
                0x9d0153f4       0x4c build/default/production/_ext/1688732426/system_exceptions.o
                0x9d0153f4                _general_exception_handler

.text.PLIB_PORTS_ChannelModeSelect
                0x9d015440       0x48
 .text.PLIB_PORTS_ChannelModeSelect
                0x9d015440       0x48 ..\..\..\..\..\Programme\Microchip\harmony\v1_06_01\bin\framework\peripheral\PIC32MX150F128B_peripherals.a(peripheral.o)
                0x9d015440                PLIB_PORTS_ChannelModeSelect

.text._bootstrap_exception_handler
                0x9d015488       0x48
 .text._bootstrap_exception_handler
                0x9d015488       0x48 d:/programme/microchip/xc32/v1.40/bin/bin/../../lib/gcc/pic32mx/4.8.3/../../../../pic32mx/lib\libpic32.a(default-bootstrap-exception-handler.o)
                0x9d015488                _bootstrap_exception_handler

.vector_default
                0x9d0154d0       0x48
 .vector_default
                0x9d0154d0       0x48 d:/programme/microchip/xc32/v1.40/bin/bin/../../lib/gcc/pic32mx/4.8.3/../../../../pic32mx/lib\libpic32.a(defaultinterrupt.o)
                0x9d0154d0                _DefaultInterrupt

.text._DRV_TMR_RootInitialize
                0x9d015518       0x44
 .text._DRV_TMR_RootInitialize
                0x9d015518       0x44 build/default/production/_ext/410460599/drv_tmr.o

.text.SYS_TMR_DelayMS
                0x9d01555c       0x44
 .text.SYS_TMR_DelayMS
                0x9d01555c       0x44 build/default/production/_ext/1410081138/sys_tmr.o
                0x9d01555c                SYS_TMR_DelayMS

.text.SYS_TMR_DelayStatusGet
                0x9d0155a0       0x44
 .text.SYS_TMR_DelayStatusGet
                0x9d0155a0       0x44 build/default/production/_ext/1410081138/sys_tmr.o
                0x9d0155a0                SYS_TMR_DelayStatusGet

.rodata         0x9d0155e4       0x44
 .rodata        0x9d0155e4       0x44 build/default/production/_ext/1688732426/system_init.o
                0x9d0155e4                drvTmr0InitData
                0x9d015600                drvTmr1InitData
                0x9d01561c                sysTmrInitData
                0x9d015624                sysDevconInit

.text           0x9d015628       0x44
 .text          0x9d015628       0x44 d:/programme/microchip/xc32/v1.40/bin/bin/../../lib/gcc/pic32mx/4.8.3/../../../../pic32mx/lib\pic32_software_reset.o
                0x9d015628                __pic32_software_reset

.text.PLIB_TMR_Mode16BitEnable
                0x9d01566c       0x40
 .text.PLIB_TMR_Mode16BitEnable
                0x9d01566c       0x40 ..\..\..\..\..\Programme\Microchip\harmony\v1_06_01\bin\framework\peripheral\PIC32MX150F128B_peripherals.a(peripheral.o)
                0x9d01566c                PLIB_TMR_Mode16BitEnable

.text.PLIB_TMR_Mode32BitEnable
                0x9d0156ac       0x40
 .text.PLIB_TMR_Mode32BitEnable
                0x9d0156ac       0x40 ..\..\..\..\..\Programme\Microchip\harmony\v1_06_01\bin\framework\peripheral\PIC32MX150F128B_peripherals.a(peripheral.o)
                0x9d0156ac                PLIB_TMR_Mode32BitEnable

.text.SYS_DEVCON_Initialize
                0x9d0156ec       0x3c
 .text.SYS_DEVCON_Initialize
                0x9d0156ec       0x3c build/default/production/_ext/1060865150/sys_devcon.o
                0x9d0156ec                SYS_DEVCON_Initialize

.text.PLIB_INT_SourceFlagGet
                0x9d015728       0x38
 .text.PLIB_INT_SourceFlagGet
                0x9d015728       0x38 ..\..\..\..\..\Programme\Microchip\harmony\v1_06_01\bin\framework\peripheral\PIC32MX150F128B_peripherals.a(peripheral.o)
                0x9d015728                PLIB_INT_SourceFlagGet

.text.PLIB_INT_SourceIsEnabled
                0x9d015760       0x38
 .text.PLIB_INT_SourceIsEnabled
                0x9d015760       0x38 ..\..\..\..\..\Programme\Microchip\harmony\v1_06_01\bin\framework\peripheral\PIC32MX150F128B_peripherals.a(peripheral.o)
                0x9d015760                PLIB_INT_SourceIsEnabled

.text.PLIB_PORTS_PinGet
                0x9d015798       0x38
 .text.PLIB_PORTS_PinGet
                0x9d015798       0x38 ..\..\..\..\..\Programme\Microchip\harmony\v1_06_01\bin\framework\peripheral\PIC32MX150F128B_peripherals.a(peripheral.o)
                0x9d015798                PLIB_PORTS_PinGet

.text.SYS_INT_Initialize
                0x9d0157d0       0x34
 .text.SYS_INT_Initialize
                0x9d0157d0       0x34 build/default/production/_ext/1742756452/sys_int_pic32.o
                0x9d0157d0                SYS_INT_Initialize

.text.PLIB_OSC_FRCDivisorSelect
                0x9d015804       0x34
 .text.PLIB_OSC_FRCDivisorSelect
                0x9d015804       0x34 ..\..\..\..\..\Programme\Microchip\harmony\v1_06_01\bin\framework\peripheral\PIC32MX150F128B_peripherals.a(peripheral.o)
                0x9d015804                PLIB_OSC_FRCDivisorSelect

.text.PLIB_INT_SourceFlagClear
                0x9d015838       0x30
 .text.PLIB_INT_SourceFlagClear
                0x9d015838       0x30 ..\..\..\..\..\Programme\Microchip\harmony\v1_06_01\bin\framework\peripheral\PIC32MX150F128B_peripherals.a(peripheral.o)
                0x9d015838                PLIB_INT_SourceFlagClear

.text.PLIB_INT_SourceEnable
                0x9d015868       0x30
 .text.PLIB_INT_SourceEnable
                0x9d015868       0x30 ..\..\..\..\..\Programme\Microchip\harmony\v1_06_01\bin\framework\peripheral\PIC32MX150F128B_peripherals.a(peripheral.o)
                0x9d015868                PLIB_INT_SourceEnable

.text.PLIB_INT_SourceDisable
                0x9d015898       0x30
 .text.PLIB_INT_SourceDisable
                0x9d015898       0x30 ..\..\..\..\..\Programme\Microchip\harmony\v1_06_01\bin\framework\peripheral\PIC32MX150F128B_peripherals.a(peripheral.o)
                0x9d015898                PLIB_INT_SourceDisable

.text.PLIB_INT_Enable
                0x9d0158c8       0x30
 .text.PLIB_INT_Enable
                0x9d0158c8       0x30 ..\..\..\..\..\Programme\Microchip\harmony\v1_06_01\bin\framework\peripheral\PIC32MX150F128B_peripherals.a(peripheral.o)
                0x9d0158c8                PLIB_INT_Enable

.text.PLIB_TMR_Period32BitSet
                0x9d0158f8       0x30
 .text.PLIB_TMR_Period32BitSet
                0x9d0158f8       0x30 ..\..\..\..\..\Programme\Microchip\harmony\v1_06_01\bin\framework\peripheral\PIC32MX150F128B_peripherals.a(peripheral.o)
                0x9d0158f8                PLIB_TMR_Period32BitSet

.text.main      0x9d015928       0x2c
 .text.main     0x9d015928       0x2c build/default/production/_ext/1360937237/main.o
                0x9d015928                main

.text.SYS_CLK_PeripheralFrequencyGet
                0x9d015954       0x2c
 .text.SYS_CLK_PeripheralFrequencyGet
                0x9d015954       0x2c build/default/production/_ext/639803181/sys_clk_static.o
                0x9d015954                SYS_CLK_PeripheralFrequencyGet

.text.PLIB_BMX_DataRamWaitStateSet
                0x9d015980       0x2c
 .text.PLIB_BMX_DataRamWaitStateSet
                0x9d015980       0x2c ..\..\..\..\..\Programme\Microchip\harmony\v1_06_01\bin\framework\peripheral\PIC32MX150F128B_peripherals.a(peripheral.o)
                0x9d015980                PLIB_BMX_DataRamWaitStateSet

.text.PLIB_DEVCON_SystemUnlock
                0x9d0159ac       0x2c
 .text.PLIB_DEVCON_SystemUnlock
                0x9d0159ac       0x2c ..\..\..\..\..\Programme\Microchip\harmony\v1_06_01\bin\framework\peripheral\PIC32MX150F128B_peripherals.a(peripheral.o)
                0x9d0159ac                PLIB_DEVCON_SystemUnlock

.text.PLIB_INT_GetStateAndDisable
                0x9d0159d8       0x2c
 .text.PLIB_INT_GetStateAndDisable
                0x9d0159d8       0x2c ..\..\..\..\..\Programme\Microchip\harmony\v1_06_01\bin\framework\peripheral\PIC32MX150F128B_peripherals.a(peripheral.o)
                0x9d0159d8                PLIB_INT_GetStateAndDisable

.text.PLIB_PORTS_PinSet
                0x9d015a04       0x2c
 .text.PLIB_PORTS_PinSet
                0x9d015a04       0x2c ..\..\..\..\..\Programme\Microchip\harmony\v1_06_01\bin\framework\peripheral\PIC32MX150F128B_peripherals.a(peripheral.o)
                0x9d015a04                PLIB_PORTS_PinSet

.text.PLIB_PORTS_PinClear
                0x9d015a30       0x2c
 .text.PLIB_PORTS_PinClear
                0x9d015a30       0x2c ..\..\..\..\..\Programme\Microchip\harmony\v1_06_01\bin\framework\peripheral\PIC32MX150F128B_peripherals.a(peripheral.o)
                0x9d015a30                PLIB_PORTS_PinClear

.text.SYS_DEVCON_Tasks
                0x9d015a5c       0x28
 .text.SYS_DEVCON_Tasks
                0x9d015a5c       0x28 build/default/production/_ext/1060865150/sys_devcon.o
                0x9d015a5c                SYS_DEVCON_Tasks

.text.SYS_CLK_SystemFrequencyGet
                0x9d015a84       0x28
 .text.SYS_CLK_SystemFrequencyGet
                0x9d015a84       0x28 build/default/production/_ext/639803181/sys_clk_static.o
                0x9d015a84                SYS_CLK_SystemFrequencyGet

.text.PLIB_INT_SetState
                0x9d015aac       0x28
 .text.PLIB_INT_SetState
                0x9d015aac       0x28 ..\..\..\..\..\Programme\Microchip\harmony\v1_06_01\bin\framework\peripheral\PIC32MX150F128B_peripherals.a(peripheral.o)
                0x9d015aac                PLIB_INT_SetState

.text.PLIB_PORTS_DirectionOutputSet
                0x9d015ad4       0x28
 .text.PLIB_PORTS_DirectionOutputSet
                0x9d015ad4       0x28 ..\..\..\..\..\Programme\Microchip\harmony\v1_06_01\bin\framework\peripheral\PIC32MX150F128B_peripherals.a(peripheral.o)
                0x9d015ad4                PLIB_PORTS_DirectionOutputSet

.text.PLIB_PORTS_OpenDrainEnable
                0x9d015afc       0x28
 .text.PLIB_PORTS_OpenDrainEnable
                0x9d015afc       0x28 ..\..\..\..\..\Programme\Microchip\harmony\v1_06_01\bin\framework\peripheral\PIC32MX150F128B_peripherals.a(peripheral.o)
                0x9d015afc                PLIB_PORTS_OpenDrainEnable

.text.PLIB_PORTS_ChannelChangeNoticePullDownEnable
                0x9d015b24       0x28
 .text.PLIB_PORTS_ChannelChangeNoticePullDownEnable
                0x9d015b24       0x28 ..\..\..\..\..\Programme\Microchip\harmony\v1_06_01\bin\framework\peripheral\PIC32MX150F128B_peripherals.a(peripheral.o)
                0x9d015b24                PLIB_PORTS_ChannelChangeNoticePullDownEnable

.text.PLIB_PORTS_ChannelChangeNoticePullUpEnable
                0x9d015b4c       0x28
 .text.PLIB_PORTS_ChannelChangeNoticePullUpEnable
                0x9d015b4c       0x28 ..\..\..\..\..\Programme\Microchip\harmony\v1_06_01\bin\framework\peripheral\PIC32MX150F128B_peripherals.a(peripheral.o)
                0x9d015b4c                PLIB_PORTS_ChannelChangeNoticePullUpEnable

.text.PLIB_PORTS_ChannelChangeNoticeEnable
                0x9d015b74       0x28
 .text.PLIB_PORTS_ChannelChangeNoticeEnable
                0x9d015b74       0x28 ..\..\..\..\..\Programme\Microchip\harmony\v1_06_01\bin\framework\peripheral\PIC32MX150F128B_peripherals.a(peripheral.o)
                0x9d015b74                PLIB_PORTS_ChannelChangeNoticeEnable

.text.PLIB_PORTS_ChangeNoticePerPortTurnOn
                0x9d015b9c       0x28
 .text.PLIB_PORTS_ChangeNoticePerPortTurnOn
                0x9d015b9c       0x28 ..\..\..\..\..\Programme\Microchip\harmony\v1_06_01\bin\framework\peripheral\PIC32MX150F128B_peripherals.a(peripheral.o)
                0x9d015b9c                PLIB_PORTS_ChangeNoticePerPortTurnOn

.text.PLIB_PORTS_Write
                0x9d015bc4       0x24
 .text.PLIB_PORTS_Write
                0x9d015bc4       0x24 ..\..\..\..\..\Programme\Microchip\harmony\v1_06_01\bin\framework\peripheral\PIC32MX150F128B_peripherals.a(peripheral.o)
                0x9d015bc4                PLIB_PORTS_Write

.text.PLIB_TMR_ExistsClockSourceSync
                0x9d015be8       0x24
 .text.PLIB_TMR_ExistsClockSourceSync
                0x9d015be8       0x24 ..\..\..\..\..\Programme\Microchip\harmony\v1_06_01\bin\framework\peripheral\PIC32MX150F128B_peripherals.a(peripheral.o)
                0x9d015be8                PLIB_TMR_ExistsClockSourceSync

.text.PLIB_TMR_ExistsCounterAsyncWriteControl
                0x9d015c0c       0x24
 .text.PLIB_TMR_ExistsCounterAsyncWriteControl
                0x9d015c0c       0x24 ..\..\..\..\..\Programme\Microchip\harmony\v1_06_01\bin\framework\peripheral\PIC32MX150F128B_peripherals.a(peripheral.o)
                0x9d015c0c                PLIB_TMR_ExistsCounterAsyncWriteControl

.rodata         0x9d015c30       0x1c
 .rodata        0x9d015c30       0x1c build/default/production/_ext/410460599/drv_tmr.o

.text.PLIB_DEVCON_SystemLock
                0x9d015c4c       0x1c
 .text.PLIB_DEVCON_SystemLock
                0x9d015c4c       0x1c ..\..\..\..\..\Programme\Microchip\harmony\v1_06_01\bin\framework\peripheral\PIC32MX150F128B_peripherals.a(peripheral.o)
                0x9d015c4c                PLIB_DEVCON_SystemLock

.text.PLIB_INT_MultiVectorSelect
                0x9d015c68       0x1c
 .text.PLIB_INT_MultiVectorSelect
                0x9d015c68       0x1c ..\..\..\..\..\Programme\Microchip\harmony\v1_06_01\bin\framework\peripheral\PIC32MX150F128B_peripherals.a(peripheral.o)
                0x9d015c68                PLIB_INT_MultiVectorSelect

.text.PLIB_OSC_ReferenceOutputDisable
                0x9d015c84       0x1c
 .text.PLIB_OSC_ReferenceOutputDisable
                0x9d015c84       0x1c ..\..\..\..\..\Programme\Microchip\harmony\v1_06_01\bin\framework\peripheral\PIC32MX150F128B_peripherals.a(peripheral.o)
                0x9d015c84                PLIB_OSC_ReferenceOutputDisable

.text.PLIB_OSC_ReferenceOscDisable
                0x9d015ca0       0x1c
 .text.PLIB_OSC_ReferenceOscDisable
                0x9d015ca0       0x1c ..\..\..\..\..\Programme\Microchip\harmony\v1_06_01\bin\framework\peripheral\PIC32MX150F128B_peripherals.a(peripheral.o)
                0x9d015ca0                PLIB_OSC_ReferenceOscDisable

.text.PLIB_TMR_ClockSourceExternalSyncEnable
                0x9d015cbc       0x1c
 .text.PLIB_TMR_ClockSourceExternalSyncEnable
                0x9d015cbc       0x1c ..\..\..\..\..\Programme\Microchip\harmony\v1_06_01\bin\framework\peripheral\PIC32MX150F128B_peripherals.a(peripheral.o)
                0x9d015cbc                PLIB_TMR_ClockSourceExternalSyncEnable

.text.PLIB_TMR_ClockSourceExternalSyncDisable
                0x9d015cd8       0x1c
 .text.PLIB_TMR_ClockSourceExternalSyncDisable
                0x9d015cd8       0x1c ..\..\..\..\..\Programme\Microchip\harmony\v1_06_01\bin\framework\peripheral\PIC32MX150F128B_peripherals.a(peripheral.o)
                0x9d015cd8                PLIB_TMR_ClockSourceExternalSyncDisable

.text.PLIB_TMR_CounterAsyncWriteEnable
                0x9d015cf4       0x1c
 .text.PLIB_TMR_CounterAsyncWriteEnable
                0x9d015cf4       0x1c ..\..\..\..\..\Programme\Microchip\harmony\v1_06_01\bin\framework\peripheral\PIC32MX150F128B_peripherals.a(peripheral.o)
                0x9d015cf4                PLIB_TMR_CounterAsyncWriteEnable

.text.PLIB_TMR_CounterAsyncWriteDisable
                0x9d015d10       0x1c
 .text.PLIB_TMR_CounterAsyncWriteDisable
                0x9d015d10       0x1c ..\..\..\..\..\Programme\Microchip\harmony\v1_06_01\bin\framework\peripheral\PIC32MX150F128B_peripherals.a(peripheral.o)
                0x9d015d10                PLIB_TMR_CounterAsyncWriteDisable

.text           0x9d015d2c       0x18
 .text          0x9d015d2c       0x18 d:/programme/microchip/xc32/v1.40/bin/bin/../../lib/gcc/pic32mx/4.8.3/../../../../pic32mx/lib\libpic32.a(default-nmi-handler.o)
                0x9d015d2c                _nmi_handler

.text.PLIB_TMR_ExistsMode32Bit
                0x9d015d44        0xc
 .text.PLIB_TMR_ExistsMode32Bit
                0x9d015d44        0xc ..\..\..\..\..\Programme\Microchip\harmony\v1_06_01\bin\framework\peripheral\PIC32MX150F128B_peripherals.a(peripheral.o)
                0x9d015d44                PLIB_TMR_ExistsMode32Bit

.rodata         0x9d015d50        0x8
 .rodata        0x9d015d50        0x8 build/default/production/_ext/1410081138/sys_tmr.o

.text.PLIB_BMX_ExistsDataRamWaitState
                0x9d015d58        0x8
 .text.PLIB_BMX_ExistsDataRamWaitState